01-03 18:42:39.314  2762  2762 I hwservicemanager: getTransport: Cannot find entry android.hardware.secure_element@1.1::ISecureElement/eSE1 in either framework or device manifest.
01-03 18:42:39.314  3512  3512 D SecureElement-Terminal-eSE1: SE Hal V1.1 is not supported
01-03 18:42:39.314  2762  2762 I hwservicemanager: getTransport: Cannot find entry android.hardware.secure_element@1.0::ISecureElement/eSE1 in either framework or device manifest.
01-03 18:42:39.315  3512  3512 I SecureElementService: No HAL implementation for eSE1
01-03 18:42:39.315  3512  3512 I SecureElementService: Check if terminal SIM1 is available.
01-03 18:42:39.315  2762  2762 I hwservicemanager: getTransport: Cannot find entry android.hardware.secure_element@1.2::ISecureElement/SIM1 in either framework or device manifest.
01-03 18:42:39.315  3512  3512 D SecureElement-Terminal-SIM1: SE Hal V1.2 is not supported
01-03 18:42:39.315  2762  2762 I hwservicemanager: getTransport: Cannot find entry android.hardware.secure_element@1.1::ISecureElement/SIM1 in either framework or device manifest.
01-03 18:42:39.315  3512  3512 D SecureElement-Terminal-SIM1: SE Hal V1.1 is not supported
01-03 18:42:39.315  2762  2762 I hwservicemanager: getTransport: Cannot find entry android.hardware.secure_element@1.0::ISecureElement/SIM1 in either framework or device manifest.
01-03 18:42:39.315  3512  3512 I SecureElementService: No HAL implementation for SIM1
01-03 18:42:39.324  3552  3552 D NetworkSecurityConfig: No Network Security Config specified, using platform default
01-03 18:42:39.324  3552  3552 D NetworkSecurityConfig: No Network Security Config specified, using platform default
01-03 18:42:39.366  3244  3594 I chatty  : uid=1002(bluetooth) BondStateMachin expire 1 line
01-03 18:42:39.367  3266  3266 D CompatibilityChangeReporter: Compat change id reported: 147600208; UID 10089; state: ENABLED
01-03 18:42:39.374  2907  3598 I ServiceManager: Waiting for service 'stats' on '/dev/binder'...
01-03 18:42:39.386  3084  3084 E TrustManagerService: EXTRA_USER_HANDLE missing or invalid, value=0
01-03 18:42:39.386  3530  3530 D NetworkSecurityConfig: No Network Security Config specified, using platform default
01-03 18:42:39.386  3530  3530 D NetworkSecurityConfig: No Network Security Config specified, using platform default
01-03 18:42:39.393  3084  3108 I DropBoxManagerService: add tag=system_server_wtf isTagEnabled=true flags=0x2
01-03 18:42:39.407  3568  3568 D NetworkSecurityConfig: No Network Security Config specified, using platform default
01-03 18:42:39.407  3084  3084 W NotificationListeners: Not binding notification listener service ComponentInfo{com.google.android.apps.nexuslauncher/com.android.launcher3.notification.NotificationListener}: service not found
01-03 18:42:39.407  3084  3084 W NotificationListeners: Not binding notification listener service ComponentInfo{com.google.android.as/com.google.android.apps.miphone.aiai.common.notification.service.AiAiNotificationListenerService}: service not found
01-03 18:42:39.407  3568  3568 D NetworkSecurityConfig: No Network Security Config specified, using platform default
01-03 18:42:39.408  3084  3084 V NotificationAssistants: enabling notification assistant for 0: ComponentInfo{android.ext.services/android.ext.services.notification.Assistant}
01-03 18:42:39.409  3084  3084 V NotificationAssistants: binding: Intent { act=android.service.notification.NotificationAssistantService cmp=android.ext.services/.notification.Assistant (has extras) }
01-03 18:42:39.416  3201  3207 D audio_hw_primary: adev_set_mic_mute state(0)
01-03 18:42:39.427  3493  3493 I TetheringManager: registerTetheringEventCallback:com.android.networkstack
01-03 18:42:39.428  3084  3603 D ConnectivityService: requestNetwork for uid/pid:1073/3493 NetworkRequest [ TRACK_DEFAULT id=9, [ Capabilities: INTERNET&NOT_RESTRICTED&TRUSTED Uid: 1073 AdministratorUids: [] RequestorUid: 1073 RequestorPackageName: com.android.networkstack] ]
01-03 18:42:39.429  3084  3178 D ConnectivityService: NetReassign [no changes]
01-03 18:42:39.429  3084  3227 I chatty  : uid=1000(system) EthernetService expire 5 lines
01-03 18:42:39.430  3084  3178 D ConnectivityService: NetReassign [no changes]
01-03 18:42:39.432  3244  3616 I chatty  : uid=1002(bluetooth) bt_hci_thread expire 3 lines
01-03 18:42:39.437  2762  2762 I hwservicemanager: getTransport: Cannot find entry android.hardware.bluetooth@1.1::IBluetoothHci/default in either framework or device manifest.
01-03 18:42:39.440  2884  2884 I chatty  : uid=1002 bluetooth@1.0-s expire 5 lines
01-03 18:42:39.441  2884  3627 I chatty  : uid=1002 bluetooth@1.0-s expire 18 lines
01-03 18:42:39.444  3493  3493 D ApplicationLoaders: Returning zygote-cached class loader: /system/framework/android.test.base.jar
01-03 18:42:39.461  3266  3266 D MediaResumeListener: loaded resume components []
01-03 18:42:39.467  3530  3530 D CarrierProvider: onCreate
01-03 18:42:39.468  3266  3266 W System.err: java.lang.ClassNotFoundException: com.android.settingslib.bluetooth.BroadcastSourceInfoHandler
01-03 18:42:39.469  3552  3552 I RenderThread: type=1400 audit(0.0:535): avc: denied { open } for path="/vendor/lib64/hw/gralloc.exynos5.so" dev="mmcblk0p20" ino=695 scontext=u:r:system_app:s0 tcontext=u:object_r:vendor_file:s0 tclass=file permissive=1
01-03 18:42:39.469  3552  3552 W RenderThread: type=1300 audit(0.0:535): arch=c00000b7 syscall=56 success=yes exit=55 a0=ffffff9c a1=782421fdf8 a2=80000 a3=0 items=0 ppid=2880 auid=4294967295 uid=1000 gid=1000 euid=1000 suid=1000 fsuid=1000 egid=1000 sgid=1000 fsgid=1000 tty=(none) ses=4294967295 exe="/system/bin/app_process64" subj=u:r:system_app:s0 key=(null)
01-03 18:42:39.469  2770  2770 W auditd  : type=1327 audit(0.0:535): proctitle="com.android.settings"
01-03 18:42:39.469  2770  2770 W auditd  : type=1320 audit(0.0:535): 
01-03 18:42:39.475  2907  3598 I ServiceManager: Waiting for service 'stats' on '/dev/binder'...
01-03 18:42:39.476  3552  3595 D mali_winsys: EGLint new_window_surface(egl_winsys_display *, void *, EGLSurface, EGLConfig, egl_winsys_surface **, EGLBoolean) returns 0x3000,  [720x1280]-format:1
01-03 18:42:39.478  3266  3266 W System.err: 	at java.lang.Class.classForName(Native Method)
01-03 18:42:39.478  3266  3266 W System.err: 	at java.lang.Class.forName(Class.java:454)
01-03 18:42:39.479  3266  3266 W System.err: 	at java.lang.Class.forName(Class.java:379)
01-03 18:42:39.479  3266  3266 W System.err: 	at com.android.settingslib.bluetooth.BluetoothEventManager.<init>(BluetoothEventManager.java:140)
01-03 18:42:39.479  3266  3266 W System.err: 	at com.android.settingslib.bluetooth.LocalBluetoothManager.<init>(LocalBluetoothManager.java:114)
01-03 18:42:39.479  3266  3266 W System.err: 	at com.android.settingslib.bluetooth.LocalBluetoothManager.create(LocalBluetoothManager.java:105)
01-03 18:42:39.479  3266  3266 W System.err: 	at com.android.systemui.dagger.SystemServicesModule.provideLocalBluetoothController(SystemServicesModule.java:215)
01-03 18:42:39.479  3266  3266 W System.err: 	at com.android.systemui.dagger.SystemServicesModule_ProvideLocalBluetoothControllerFactory.proxyProvideLocalBluetoothController(SystemServicesModule_ProvideLocalBluetoothControllerFactory.java:47)
01-03 18:42:39.479  3266  3266 W System.err: 	at com.android.systemui.dagger.SystemServicesModule_ProvideLocalBluetoothControllerFactory.provideInstance(SystemServicesModule_ProvideLocalBluetoothControllerFactory.java:35)
01-03 18:42:39.479  3266  3266 W System.err: 	at com.android.systemui.dagger.SystemServicesModule_ProvideLocalBluetoothControllerFactory.get(SystemServicesModule_ProvideLocalBluetoothControllerFactory.java:29)
01-03 18:42:39.479  3530  3530 D CarrierIdProvider: onCreate
01-03 18:42:39.479  3266  3266 W System.err: 	at com.android.systemui.dagger.SystemServicesModule_ProvideLocalBluetoothControllerFactory.get(SystemServicesModule_ProvideLocalBluetoothControllerFactory.java:11)
01-03 18:42:39.479  3266  3266 W System.err: 	at dagger.internal.DoubleCheck.get(DoubleCheck.java:47)
01-03 18:42:39.479  3266  3266 W System.err: 	at com.android.systemui.media.LocalMediaManagerFactory_Factory.provideInstance(LocalMediaManagerFactory_Factory.java:32)
01-03 18:42:39.479  3266  3266 W System.err: 	at com.android.systemui.media.LocalMediaManagerFactory_Factory.get(LocalMediaManagerFactory_Factory.java:26)
01-03 18:42:39.479  3266  3266 W System.err: 	at com.android.systemui.media.LocalMediaManagerFactory_Factory.get(LocalMediaManagerFactory_Factory.java:9)
01-03 18:42:39.479  3266  3266 W System.err: 	at com.android.systemui.media.MediaDeviceManager_Factory.provideInstance(MediaDeviceManager_Factory.java:61)
01-03 18:42:39.479  3266  3266 W System.err: 	at com.android.systemui.media.MediaDeviceManager_Factory.get(MediaDeviceManager_Factory.java:43)
01-03 18:42:39.479  3266  3266 W System.err: 	at com.android.systemui.media.MediaDeviceManager_Factory.get(MediaDeviceManager_Factory.java:10)
01-03 18:42:39.479  3266  3266 W System.err: 	at com.android.systemui.media.MediaDataManager_Factory.provideInstance(MediaDataManager_Factory.java:107)
01-03 18:42:39.479  3266  3266 W System.err: 	at com.android.systemui.media.MediaDataManager_Factory.get(MediaDataManager_Factory.java:69)
01-03 18:42:39.479  3266  3266 W System.err: 	at com.android.systemui.media.MediaDataManager_Factory.get(MediaDataManager_Factory.java:12)
01-03 18:42:39.479  3266  3266 W System.err: 	at dagger.internal.DoubleCheck.get(DoubleCheck.java:47)
01-03 18:42:39.479  3266  3266 W System.err: 	at com.android.systemui.statusbar.dagger.StatusBarDependenciesModule_ProvideNotificationMediaManagerFactory.provideInstance(StatusBarDependenciesModule_ProvideNotificationMediaManagerFactory.java:98)
01-03 18:42:39.480  3266  3266 W System.err: 	at com.android.systemui.statusbar.dagger.StatusBarDependenciesModule_ProvideNotificationMediaManagerFactory.get(StatusBarDependenciesModule_ProvideNotificationMediaManagerFactory.java:67)
01-03 18:42:39.480  3530  3530 D CarrierIdDatabaseHelper: CarrierIdDatabaseHelper: 5
01-03 18:42:39.480  3266  3266 W System.err: 	at com.android.systemui.statusbar.dagger.StatusBarDependenciesModule_ProvideNotificationMediaManagerFactory.get(StatusBarDependenciesModule_ProvideNotificationMediaManagerFactory.java:20)
01-03 18:42:39.480  3266  3266 W System.err: 	at dagger.internal.DoubleCheck.get(DoubleCheck.java:47)
01-03 18:42:39.480  3266  3266 W System.err: 	at com.android.systemui.dagger.DaggerSystemUIRootComponent.injectKeyguardSliceProvider(DaggerSystemUIRootComponent.java:4401)
01-03 18:42:39.480  3266  3266 W System.err: 	at com.android.systemui.dagger.DaggerSystemUIRootComponent.inject(DaggerSystemUIRootComponent.java:4364)
01-03 18:42:39.480  3266  3266 W System.err: 	at com.android.systemui.keyguard.KeyguardSliceProvider.inject(KeyguardSliceProvider.java:442)
01-03 18:42:39.480  3266  3266 W System.err: 	at com.android.systemui.keyguard.KeyguardSliceProvider.onCreateSliceProvider(KeyguardSliceProvider.java:412)
01-03 18:42:39.480  3266  3266 W System.err: 	at androidx.slice.SliceProvider.onCreate(SliceProvider.java:211)
01-03 18:42:39.480  3266  3266 W System.err: 	at android.content.ContentProvider.attachInfo(ContentProvider.java:2388)
01-03 18:42:39.480  3266  3266 W System.err: 	at android.content.ContentProvider.attachInfo(ContentProvider.java:2358)
01-03 18:42:39.480  3266  3266 W System.err: 	at androidx.slice.SliceProvider.attachInfo(SliceProvider.java:250)
01-03 18:42:39.480  3266  3266 W System.err: 	at androidx.slice.compat.SliceProviderWrapperContainer$SliceProviderWrapper.attachInfo(SliceProviderWrapperContainer.java:74)
01-03 18:42:39.480  3266  3266 W System.err: 	at android.app.ActivityThread.installProvider(ActivityThread.java:7247)
01-03 18:42:39.480  3266  3266 W System.err: 	at android.app.ActivityThread.installContentProviders(ActivityThread.java:6788)
01-03 18:42:39.480  3266  3266 W System.err: 	at android.app.ActivityThread.handleBindApplication(ActivityThread.java:6705)
01-03 18:42:39.480  3266  3266 W System.err: 	at android.app.ActivityThread.access$1300(ActivityThread.java:237)
01-03 18:42:39.480  3266  3266 W System.err: 	at android.app.ActivityThread$H.handleMessage(ActivityThread.java:1913)
01-03 18:42:39.480  3266  3266 W System.err: 	at android.os.Handler.dispatchMessage(Handler.java:106)
01-03 18:42:39.480  3266  3266 W System.err: 	at android.os.Looper.loop(Looper.java:223)
01-03 18:42:39.480  3266  3266 W System.err: 	at android.app.ActivityThread.main(ActivityThread.java:7665)
01-03 18:42:39.480  3266  3266 W System.err: 	at java.lang.reflect.Method.invoke(Native Method)
01-03 18:42:39.480  3266  3266 W System.err: 	at com.android.internal.os.RuntimeInit$MethodAndArgsCaller.run(RuntimeInit.java:594)
01-03 18:42:39.480  3266  3266 W System.err: 	at com.android.internal.os.ZygoteInit.main(ZygoteInit.java:947)
01-03 18:42:39.481  3266  3266 W System.err: Caused by: java.lang.ClassNotFoundException: com.android.settingslib.bluetooth.BroadcastSourceInfoHandler
01-03 18:42:39.481  3266  3266 W System.err: 	... 46 more
01-03 18:42:39.482  3493  3493 D NetworkSecurityConfig: No Network Security Config specified, using platform default
01-03 18:42:39.482  3493  3493 W nsconfig: com.android.networkstack.process: New config does not match the previously set config.
01-03 18:42:39.485  2762  2762 I hwservicemanager: getTransport: Cannot find entry android.hardware.graphics.mapper@4.0::IMapper/default in either framework or device manifest.
01-03 18:42:39.485  3552  3595 I Gralloc4: mapper 4.x is not supported
01-03 18:42:39.486  2762  2762 I hwservicemanager: getTransport: Cannot find entry android.hardware.graphics.mapper@3.0::IMapper/default in either framework or device manifest.
01-03 18:42:39.486  3552  3595 W Gralloc3: mapper 3.x is not supported
01-03 18:42:39.486  3266  3266 D LocalBluetoothProfileManager: LocalBluetoothProfileManager construction complete
01-03 18:42:39.488  3266  3266 D LocalBluetoothProfileManager: Adding local A2DP profile
01-03 18:42:39.491  3552  3595 E ion     : ioctl c0044901 failed with code -1: Invalid argument
01-03 18:42:39.491  3266  3266 D BluetoothA2dp: Binding service...
01-03 18:42:39.493  3530  3530 D CarrierIdProvider: update database from pb file
01-03 18:42:39.495  3266  3266 D LocalBluetoothProfileManager: Adding local HEADSET profile
01-03 18:42:39.497  3084  3429 D BluetoothManagerService: Trying to bind to profile: 1, while Bluetooth was disabled
01-03 18:42:39.498  3266  3266 D LocalBluetoothProfileManager: Adding local MAP profile
01-03 18:42:39.499  3266  3266 D BluetoothMap: Create BluetoothMap proxy object
01-03 18:42:39.501  3266  3266 D BluetoothMap: Binding service...
01-03 18:42:39.502  3084  3103 W LocalDisplayAdapter: Unable to find color mode 0, ignoring request.
01-03 18:42:39.503  3199  3223 W APM::AudioPolicyEngine: getDevicesForStrategy() unknown strategy: -1
01-03 18:42:39.507  3266  3266 D LocalBluetoothProfileManager: Adding local OPP profile
01-03 18:42:39.507  3266  3266 D LocalBluetoothProfileManager: Adding local HID_HOST profile
01-03 18:42:39.508  3266  3266 D BluetoothHidHost: Binding service...
01-03 18:42:39.509  3084  3102 I ActivityManagerTiming: FinishBooting
01-03 18:42:39.510  3084  3102 W KeyguardServiceDelegate: onScreenTurningOn(): no keyguard service!
01-03 18:42:39.511  3530  3530 E CarrierIdProvider: read carrier list from ota pb failure: java.io.FileNotFoundException: /data/misc/carrierid/carrier_list.pb: open failed: ENOENT (No such file or directory)
01-03 18:42:39.511  3530  3530 D CarrierIdProvider: latest version: 33554469 need update: false
01-03 18:42:39.512  3266  3266 D LocalBluetoothProfileManager: Adding local HID_DEVICE profile
01-03 18:42:39.513  3266  3266 D BluetoothHidDevice: Binding service...
01-03 18:42:39.516  3266  3266 D LocalBluetoothProfileManager: Adding local PAN profile
01-03 18:42:39.517  3266  3266 D BluetoothPan: Binding service...
01-03 18:42:39.519  3084  3084 W Looper  : Slow dispatch took 107ms main h=android.app.ActivityThread$H c=android.app.-$$Lambda$LoadedApk$ReceiverDispatcher$Args$_BumDX2UKsnxLVrE6UJsJZkotuA@74ff812 m=0
01-03 18:42:39.520  3266  3266 D LocalBluetoothProfileManager: Adding local PBAP profile
01-03 18:42:39.525  3084  3084 D ConditionProviders.SCP: onSubscribe condition://android/schedule?days=1.2.3.4.5.6.7&start=22.0&end=7.0&exitAtAlarm=true
01-03 18:42:39.526  3084  3084 D ConditionProviders.SCP: setRegistered true
01-03 18:42:39.527  3084  3175 I chatty  : uid=1000(system) WifiP2pService expire 14 lines
01-03 18:42:39.528  3084  3099 D UsbDeviceManager: push notification:Gert wird ber USB aufgeladen
01-03 18:42:39.542  3084  3084 D ConditionProviders.SCP: evaluateSubscriptionLocked cal=ScheduleCalendar[mDays={1, 2, 3, 4, 5, 6, 7}, mSchedule=ScheduleInfo{days=[1, 2, 3, 4, 5, 6, 7], startHour=22, startMinute=0, endHour=7, endMinute=0, exitAtAlarm=true, nextAlarm=Thu Jan 01 01:00:00 GMT+01:00 1970 (0)}], now=Tue Jan 03 18:42:39 GMT+01:00 2023 (1672767759526), nextUserAlarmTime=Thu Jan 01 01:00:00 GMT+01:00 1970 (0)
01-03 18:42:39.542  3084  3084 D ConditionProviders.SCP: notifyCondition condition://android/schedule?days=1.2.3.4.5.6.7&start=22.0&end=7.0&exitAtAlarm=true STATE_FALSE reason=!meetsSchedule
01-03 18:42:39.543  3084  3084 D ConditionProviders.SCP: Scheduling evaluate for Tue Jan 03 22:00:00 GMT+01:00 2023 (1672779600000), in +3h17m20s474ms, now=Tue Jan 03 18:42:39 GMT+01:00 2023 (1672767759526)
01-03 18:42:39.543  3084  3084 V FingerprintService: handleEnumeratedTemplate: 0
01-03 18:42:39.543  3084  3084 V FingerprintService: Matched: false
01-03 18:42:39.544  3084  3084 V FingerprintService: Done with client: android
01-03 18:42:39.544  3084  3084 V FingerprintService: clearEnumerateState()
01-03 18:42:39.553  3084  3097 I chatty  : uid=1000(system) Binder:3084_1 expire 4 lines
01-03 18:42:39.561  2884  3627 D vendor.qti.bluetooth@1.0-uart_transport: ConfigUart: data_bits: 0x30, parity: 0x0, stop_bits: 0x0
01-03 18:42:39.561  2884  3627 I vendor.qti.bluetooth@1.0-uart_transport: ConfigUart: HW flow control enabled
01-03 18:42:39.561  2884  3627 D vendor.qti.bluetooth@1.0-uart_transport: OpenUart: succeed to open /dev/ttySAC0, fd: 6
01-03 18:42:39.561  2884  3627 D vendor.qti.bluetooth@1.0-uart_transport: InitTransport rome, returns fd: 6
01-03 18:42:39.561  2884  3627 D vendor.qti.bluetooth@1.0-patch_dl_manager: PatchDLManager
01-03 18:42:39.561  2884  3627 I vendor.qti.bluetooth@1.0-bluetooth_address: getting bdaddr from property
01-03 18:42:39.561  2884  3627 I vendor.qti.bluetooth@1.0-patch_dl_manager:  SocInit 
01-03 18:42:39.561  2884  3627 I vendor.qti.bluetooth@1.0-patch_dl_manager: SocInit: reserved param
01-03 18:42:39.561  2884  3627 I vendor.qti.bluetooth@1.0-uart_transport: ## userial_vendor_ioctl: UART Flow On 
01-03 18:42:39.570  3493  3493 D CompatibilityChangeReporter: Compat change id reported: 147600208; UID 1073; state: ENABLED
01-03 18:42:39.576  2762  2762 I hwservicemanager: getTransport: Cannot find entry android.hardware.radio@1.5::IRadio/slot1 in either framework or device manifest.
01-03 18:42:39.577  2907  3598 I ServiceManager: Waiting for service 'stats' on '/dev/binder'...
01-03 18:42:39.577  2762  2762 I hwservicemanager: getTransport: Cannot find entry android.hardware.radio@1.4::IRadio/slot1 in either framework or device manifest.
01-03 18:42:39.577  2762  2762 I hwservicemanager: getTransport: Cannot find entry android.hardware.radio@1.3::IRadio/slot1 in either framework or device manifest.
01-03 18:42:39.578  2762  2762 I hwservicemanager: getTransport: Cannot find entry android.hardware.radio@1.2::IRadio/slot1 in either framework or device manifest.
01-03 18:42:39.580  2762  2762 I hwservicemanager: getTransport: Cannot find entry android.hardware.radio@1.1::IRadio/slot1 in either framework or device manifest.
01-03 18:42:39.582  2762  2762 I hwservicemanager: getTransport: Cannot find entry android.hardware.radio@1.0::IRadio/slot1 in either framework or device manifest.
01-03 18:42:39.583  2762  2762 I hwservicemanager: getTransport: Cannot find entry android.hardware.radio.deprecated@1.0::IOemHook/slot1 in either framework or device manifest.
01-03 18:42:39.584  3266  3266 W AlarmManager: Unrecognized alarm listener com.android.systemui.keyguard.-$$Lambda$KeyguardSliceProvider$IhzByd8TsqFuOrSyuGurVskyPLo@eeefd14
01-03 18:42:39.585  2762  2762 I hwservicemanager: getTransport: Cannot find entry android.hardware.radio@1.5::IRadio/slot2 in either framework or device manifest.
01-03 18:42:39.585  3493  3493 V WifiManager: registerSoftApCallback: callback=com.android.networkstack.tethering.Tethering$TetheringSoftApCallback@325b3f, executor=com.android.networkstack.tethering.Tethering$TetheringThreadExecutor@ef83c0c
01-03 18:42:39.585  2762  2762 I hwservicemanager: getTransport: Cannot find entry android.hardware.radio@1.4::IRadio/slot2 in either framework or device manifest.
01-03 18:42:39.586  2762  2762 I hwservicemanager: getTransport: Cannot find entry android.hardware.radio@1.3::IRadio/slot2 in either framework or device manifest.
01-03 18:42:39.586  2762  2762 I hwservicemanager: getTransport: Cannot find entry android.hardware.radio@1.2::IRadio/slot2 in either framework or device manifest.
01-03 18:42:39.587  3084  3084 D BluetoothManagerService: Trying to bind to profile: 1, while Bluetooth was disabled
01-03 18:42:39.587  2762  2762 I hwservicemanager: getTransport: Cannot find entry android.hardware.radio@1.1::IRadio/slot2 in either framework or device manifest.
01-03 18:42:39.587  2762  2762 I hwservicemanager: getTransport: Cannot find entry android.hardware.radio@1.0::IRadio/slot2 in either framework or device manifest.
01-03 18:42:39.588  2762  2762 I hwservicemanager: getTransport: Cannot find entry android.hardware.radio.deprecated@1.0::IOemHook/slot2 in either framework or device manifest.
01-03 18:42:39.592  3084  3097 D ConnectivityService: requestNetwork for uid/pid:1073/3493 NetworkRequest [ REQUEST id=11, [ Capabilities: INTERNET&NOT_RESTRICTED&TRUSTED&NOT_VPN AdministratorUids: [] RequestorUid: 1073 RequestorPackageName: com.android.networkstack] ]
01-03 18:42:39.593  3084  3178 D ConnectivityService: NetReassign [no changes]
01-03 18:42:39.594  3530  3530 I TetheringManager: registerTetheringEventCallback:com.android.phone
01-03 18:42:39.594  3084  3644 I Telecom : BluetoothRouteManager: getBluetoothAudioConnectedDevice: no service available.
01-03 18:42:39.599  2884  3627 I vendor.qti.bluetooth@1.0-patch_dl_manager: 	 Current Product ID		: 0x00000008
01-03 18:42:39.599  2884  3627 I vendor.qti.bluetooth@1.0-patch_dl_manager: 	 Current Patch Version		: 0x0111
01-03 18:42:39.599  2884  3627 I vendor.qti.bluetooth@1.0-patch_dl_manager: 	 Current ROM Build Version	: 0x0302
01-03 18:42:39.599  2884  3627 I vendor.qti.bluetooth@1.0-patch_dl_manager: 	 Current SOC Version		: 0x00000023
01-03 18:42:39.599  2884  3627 E vendor.qti.bluetooth@1.0-patch_dl_manager: PatchVerReq: rsp[CMD_RSP_OFFSET] = 0 ,  rsp[RSP_TYPE_OFFSET] = 2
01-03 18:42:39.599  2884  3627 D vendor.qti.bluetooth@1.0-patch_dl_manager: ReadHciEvent: Expected CC
01-03 18:42:39.599  2884  3627 I vendor.qti.bluetooth@1.0-patch_dl_manager: SocInit: Chipset Version (0x00803043)
01-03 18:42:39.599  2884  3627 I vendor.qti.bluetooth@1.0-uart_transport: ## userial_vendor_ioctl: UART HW Flow Control onOff, [3] 
01-03 18:42:39.599  2884  3627 I vendor.qti.bluetooth@1.0-uart_transport: ## userial_vendor_ioctl: UART Flow Off 
01-03 18:42:39.600  3084  3084 I Telecom : SystemStateHelper: Registering car mode receiver: android.content.IntentFilter@2c730df: TS.init@AAA
01-03 18:42:39.607  3530  3530 D TelephonyProvider: dbh.onOpen: ok, queried table=siminfo
01-03 18:42:39.608  3530  3530 D TelephonyProvider: dbh.onOpen: ok, queried table=carriers
01-03 18:42:39.616  3084  3648 I Telecom : Logging.Events: Non-call EVENT: AUDIO_ROUTE, Entering state QuiescentEarpieceRoute
01-03 18:42:39.616  3084  3648 I Telecom : BluetoothRouteManager: getBluetoothAudioConnectedDevice: no service available.
01-03 18:42:39.619  2884  3627 I vendor.qti.bluetooth@1.0-uart_transport: ## userial_vendor_set_baud: 14
01-03 18:42:39.619  2884  3627 I vendor.qti.bluetooth@1.0-uart_transport: GetBaudRate: Current Baudrate = 3000000 bps
01-03 18:42:39.619  2884  3627 I vendor.qti.bluetooth@1.0-uart_transport: ## userial_vendor_ioctl: UART Flow On 
01-03 18:42:39.619  2884  3627 I vendor.qti.bluetooth@1.0-uart_transport: ## userial_vendor_ioctl: UART HW Flow Control onOff, [2] 
01-03 18:42:39.619  2884  3627 D vendor.qti.bluetooth@1.0-patch_dl_manager: ReadHciEvent: Expected CC
01-03 18:42:39.619  2884  3627 I vendor.qti.bluetooth@1.0-patch_dl_manager: SocInit: Baud rate changed successfully 
01-03 18:42:39.620  2884  3627 I vendor.qti.bluetooth@1.0-patch_dl_manager: File open /vendor/etc/firmware/rampatch_tlv_tf_1.1.tlv succeded
01-03 18:42:39.621  2884  3627 I vendor.qti.bluetooth@1.0-patch_dl_manager: ====================================================
01-03 18:42:39.621  2884  3627 I vendor.qti.bluetooth@1.0-patch_dl_manager: TLV Type			 : 0x1
01-03 18:42:39.621  2884  3627 I vendor.qti.bluetooth@1.0-patch_dl_manager: Length			 : 68896 bytes
01-03 18:42:39.621  2884  3627 I vendor.qti.bluetooth@1.0-patch_dl_manager: Total Length			 : 68640 bytes
01-03 18:42:39.621  2884  3627 I vendor.qti.bluetooth@1.0-patch_dl_manager: Patch Data Length			 : 68616 bytes
01-03 18:42:39.621  2884  3627 I vendor.qti.bluetooth@1.0-patch_dl_manager: Signing Format Version	 : 0x1
01-03 18:42:39.621  2884  3627 I vendor.qti.bluetooth@1.0-patch_dl_manager: Signature Algorithm		 : 0x2
01-03 18:42:39.621  2884  3627 I vendor.qti.bluetooth@1.0-patch_dl_manager: Event Handling			 : 0x3
01-03 18:42:39.621  2884  3627 I vendor.qti.bluetooth@1.0-patch_dl_manager: Reserved			 : 0x0
01-03 18:42:39.621  2884  3627 I vendor.qti.bluetooth@1.0-patch_dl_manager: Product ID			 : 0x0008
01-03 18:42:39.621  2884  3627 I vendor.qti.bluetooth@1.0-patch_dl_manager: Rom Build Version		 : 0x0302
01-03 18:42:39.621  2884  3627 I vendor.qti.bluetooth@1.0-patch_dl_manager: Patch Version		 : 0x015c
01-03 18:42:39.621  2884  3627 I vendor.qti.bluetooth@1.0-patch_dl_manager: Reserved			 : 0x8000
01-03 18:42:39.621  2884  3627 I vendor.qti.bluetooth@1.0-patch_dl_manager: Patch Entry Address		 : 0x19b08
01-03 18:42:39.621  2884  3627 I vendor.qti.bluetooth@1.0-patch_dl_manager: ====================================================
01-03 18:42:39.621  2884  3627 I vendor.qti.bluetooth@1.0-patch_dl_manager: TlvDnldReq: TLV size: 68900, Total Seg num: 283, remain size: 131
01-03 18:42:39.621  2884  3627 I vendor.qti.bluetooth@1.0-patch_dl_manager: Event handling type: SKIP_EVT_VSE_CC
01-03 18:42:39.624  3266  3266 V SystemUIService: SystemUIApplication created.
01-03 18:42:39.628  3084  3649 I Telecom : CallAudioModeStateMachine: Message received: null.: TS.init->CAMSM.pM_1@AAA
01-03 18:42:39.634  3266  3266 I TetheringManager: registerTetheringEventCallback:com.android.systemui
01-03 18:42:39.635  3084  3084 I Telecom : MissedCallNotifierImpl: reloadFromDatabase: Boot not yet complete -- call log db may not be available. Deferring loading until boot complete for user 0: TS.init@AAA
01-03 18:42:39.637  3084  3084 I Telecom : MissedCallNotifierImpl: reloadFromDatabase: Boot not yet complete -- call log db may not be available. Deferring loading until boot complete for user 0: TS.init@AAA
01-03 18:42:39.638  3084  3084 D BluetoothManagerService: Trying to bind to profile: 1, while Bluetooth was disabled
01-03 18:42:39.639  3530  3530 D CellBroadcastServiceManager: CellBroadcastServiceManager created for phone 0
01-03 18:42:39.642  3530  3530 D CellBroadcastServiceManager: getCellBroadcastServicePackageName: com.android.cellbroadcastservice
01-03 18:42:39.642  3084  3084 I Telecom : Class: TelecomSystem.INSTANCE being set
01-03 18:42:39.643  3084  3084 W ContextImpl: Calling a method in the system process without a qualified user: android.app.ContextImpl.startService:1669 android.content.ContextWrapper.startService:720 com.android.server.telecom.components.TelecomService.initializeTelecomSystem:213 com.android.server.telecom.components.TelecomService$1.createTelecomService:81 com.android.server.telecom.TelecomLoaderService$TelecomServiceConnection.onServiceConnected:62 
01-03 18:42:39.644  3530  3530 D CellBroadcastServiceManager: serviceWasBound=true
01-03 18:42:39.646  3493  3493 D NetworkSecurityConfig: No Network Security Config specified, using platform default
01-03 18:42:39.646  3493  3493 W nsconfig: com.android.networkstack.process: New config does not match the previously set config.
01-03 18:42:39.647  3084  3084 W Looper  : Slow dispatch took 102ms main h=android.app.ActivityThread$H c=android.app.LoadedApk$ServiceDispatcher$RunConnection@1c83629 m=0
01-03 18:42:39.647  3530  3530 D CellBroadcastServiceManager: CellBroadcastServiceManager created for phone 0
01-03 18:42:39.649  3467  3467 E wpa_supplicant: Could not read interface p2p-dev-wlan0 flags: No such device
01-03 18:42:39.649  3467  3467 I wpa_supplicant: nl80211: Driver does not support authentication/association or connect commands
01-03 18:42:39.649  3467  3467 I wpa_supplicant: nl80211: deinit ifname=p2p-dev-wlan0 disabled_11b_rates=0
01-03 18:42:39.649  3467  3467 E wpa_supplicant: Could not read interface p2p-dev-wlan0 flags: No such device
01-03 18:42:39.649  3530  3530 D CellBroadcastServiceManager: getCellBroadcastServicePackageName: com.android.cellbroadcastservice
01-03 18:42:39.649  3467  3467 E wpa_supplicant: p2p-dev-wlan0: Failed to initialize driver interface
01-03 18:42:39.650  3084  3084 I AutofillManagerService: Updating for user 0: disabled=false
01-03 18:42:39.650  3084  3084 E AutofillManagerServiceImpl: Bad service name: com.google.android.gms/.autofill.service.AutofillService
01-03 18:42:39.650  3530  3530 D CellBroadcastServiceManager: serviceWasBound=true
01-03 18:42:39.652  3084  3084 I ExplicitHealthCheckController: Explicit health check service is connected ComponentInfo{android.ext.services/android.ext.services.watchdog.ExplicitHealthCheckServiceImpl}
01-03 18:42:39.652  3084  3084 I ExplicitHealthCheckController: Service initialized, syncing requests
01-03 18:42:39.652  3084  3084 I ConnectivityModuleConnector: Networking module service connected
01-03 18:42:39.656  3084  3084 V NotificationAssistants: 0 notification assistant service connected: ComponentInfo{android.ext.services/android.ext.services.notification.Assistant}
01-03 18:42:39.663  3084  3084 I ConnectivityModuleConnector: Networking module service connected
01-03 18:42:39.666  3084  3084 I Telecom : WiredHeadsetManager: ACTION_HEADSET_PLUG event, plugged in: false, : WHC.oADA@AAE
01-03 18:42:39.676  3084  3084 D PackageWatchdog: Getting all observed packages pending health checks
01-03 18:42:39.676  3084  3084 I PackageWatchdog: Syncing health check requests for packages: {}
01-03 18:42:39.676  3084  3084 D ExplicitHealthCheckController: Getting health check supported packages
01-03 18:42:39.676  3084  3084 W Looper  : Drained
01-03 18:42:39.677  2907  3598 I ServiceManager: Waiting for service 'stats' on '/dev/binder'...
01-03 18:42:39.677  3084  3143 I ExplicitHealthCheckController: Explicit health check supported packages [PackageConfig{com.android.networkstack, 86400000}]
01-03 18:42:39.677  3084  3143 D PackageWatchdog: Received supported packages [PackageConfig{com.android.networkstack, 86400000}]
01-03 18:42:39.678  3084  3143 D ExplicitHealthCheckController: Getting health check requested packages
01-03 18:42:39.678  3084  3143 I ExplicitHealthCheckController: Explicit health check requested packages []
01-03 18:42:39.678  3084  3143 I ExplicitHealthCheckController: No more health check requests, unbinding...
01-03 18:42:39.680  3084  3143 I ExplicitHealthCheckController: Explicit health check service is unbound
01-03 18:42:39.713  3084  3143 D CompatibilityChangeReporter: Compat change id reported: 124107808; UID 1001; state: ENABLED
01-03 18:42:39.728  3084  3178 D ConnectivityService: NetReassign [no changes]
01-03 18:42:39.736  3530  3530 D CompatibilityChangeReporter: Compat change id reported: 147600208; UID 1001; state: ENABLED
01-03 18:42:39.743  3530  3530 W SQLiteLog: (28) double-quoted string literal: "emergency"
01-03 18:42:39.744  3530  3530 W SQLiteLog: (28) double-quoted string literal: "emergency"
01-03 18:42:39.777  2907  3598 I ServiceManager: Waiting for service 'stats' on '/dev/binder'...
01-03 18:42:39.778  3530  3530 D CellBroadcastServiceManager: CellBroadcastServiceManager created for phone 1
01-03 18:42:39.780  3530  3530 D CellBroadcastServiceManager: getCellBroadcastServicePackageName: com.android.cellbroadcastservice
01-03 18:42:39.781  3530  3530 D CellBroadcastServiceManager: serviceWasBound=true
01-03 18:42:39.783  3530  3530 D CellBroadcastServiceManager: CellBroadcastServiceManager created for phone 1
01-03 18:42:39.784  3530  3530 D CellBroadcastServiceManager: getCellBroadcastServicePackageName: com.android.cellbroadcastservice
01-03 18:42:39.785  3530  3530 D CellBroadcastServiceManager: serviceWasBound=true
01-03 18:42:39.822  3084  3178 D ConnectivityService: NetReassign [no changes]
01-03 18:42:39.847  2902  2902 E WifiHAL : wifi_start_pkt_fate_monitoring: packet fate logging feature not supported 16
01-03 18:42:39.867  3084  3084 W NotificationHistory: Attempted to add notif for locked/gone/disabled user 0
01-03 18:42:39.878  2907  3598 I ServiceManager: Waiting for service 'stats' on '/dev/binder'...
01-03 18:42:39.883  3530  3530 D ImsExternalCallTracker: Registering: Handler (com.android.internal.telephony.imsphone.ImsPhone) {956b0de}
01-03 18:42:39.887  2884  3627 I vendor.qti.bluetooth@1.0-patch_dl_manager: ReadNewHciEvent: Got an invalid proto byte: 248
01-03 18:42:39.888  3084  3142 I chatty  : uid=1000(system) Binder:3084_3 expire 3 lines
01-03 18:42:39.893  3530  3530 D ImsExternalCallTracker: Registering: Handler (com.android.internal.telephony.imsphone.ImsPhone) {7983cd5}
01-03 18:42:39.901  3530  3530 D PhoneSwitcherNetworkRequstListener: Registering NetworkFactory
01-03 18:42:39.902  3084  3178 D ConnectivityService: Got NetworkProvider Messenger for PhoneSwitcherNetworkRequstListener
01-03 18:42:39.908  2983  2983 D incidentd: WorkDirectory::getReports
01-03 18:42:39.914  3084  3178 D ConnectivityService: Got NetworkProvider Messenger for TelephonyNetworkFactory[0]
01-03 18:42:39.915  3084  3178 D ConnectivityService: Got NetworkProvider Messenger for TelephonyNetworkFactory[1]
01-03 18:42:39.915  3530  3530 I ImsResolver: device MMTEL package: , device RCS package:
01-03 18:42:39.919  3530  3530 I ImsResolver: Initializing cache.
01-03 18:42:39.919  3084  3114 E KernelCpuUidFreqTimeReader: Failed to read /proc/uid_time_in_state: java.nio.file.NoSuchFileException: /proc/uid_time_in_state
01-03 18:42:39.921  3084  3114 W KernelCpuProcStringReader: File not found. It's normal if not implemented: /proc/uid_time_in_state
01-03 18:42:39.921  3084  3114 W KernelCpuProcStringReader: File not found. It's normal if not implemented: /proc/uid_concurrent_active_time
01-03 18:42:39.921  3084  3114 W KernelCpuProcStringReader: File not found. It's normal if not implemented: /proc/uid_concurrent_policy_time
01-03 18:42:39.950  3530  3670 W CallerInfoCache: cursor is null
01-03 18:42:39.950  3530  3530 I ImsRcsController: ImsRcsController
01-03 18:42:39.951  3530  3530 I TelephonyRcsService: updateFeatureControllers: oldSlots=0, newNumSlots=2
01-03 18:42:39.956  3530  3530 D CarrierConfigLoader: CarrierConfigLoader has started
01-03 18:42:39.959  3084  3097 D BluetoothManagerService: Trying to bind to profile: 1, while Bluetooth was disabled
01-03 18:42:39.968  3530  3530 I Telephony: TelecomAccountRegistry: setupOnBoot - register subscription listener
01-03 18:42:39.978  2907  3598 I ServiceManager: Waiting for service 'stats' on '/dev/binder'...
01-03 18:42:39.996  2884  3627 D vendor.qti.bluetooth@1.0-patch_dl_manager: FrameHciCmdPkt: Sending EDL_GET_BOARD_ID
01-03 18:42:39.996  2884  3627 D vendor.qti.bluetooth@1.0-patch_dl_manager: HCI-CMD -1:	0x1 	0x0 	0xfc 	0x1 	0x23
01-03 18:42:39.996  2884  3627 I vendor.qti.bluetooth@1.0-patch_dl_manager: GetBoardIdReq: Sending EDL_GET_BOARD_ID
01-03 18:42:39.996  2884  3627 E vendor.qti.bluetooth@1.0-patch_dl_manager: GetVsHciEvent: TLV Type Error !!!
01-03 18:42:39.996  2884  3627 I vendor.qti.bluetooth@1.0-patch_dl_manager: HciSendVsCmd: Failed to get ReadVsHciEvent Event from SOC
01-03 18:42:39.996  2884  3627 E vendor.qti.bluetooth@1.0-patch_dl_manager: Failed to send EDL_GET_BOARD_ID command!
01-03 18:42:39.996  2884  3627 D vendor.qti.bluetooth@1.0-patch_dl_manager: ReadHciEvent: Expected CC
01-03 18:42:39.996  2884  3627 E vendor.qti.bluetooth@1.0-patch_dl_manager: DownloadTlvFile: failed to get board id(0x89)
01-03 18:42:39.996  2884  3627 I vendor.qti.bluetooth@1.0-patch_dl_manager: File open /vendor/etc/firmware/nvm_tlv_tf_1.1.bin succeded
01-03 18:42:39.997  2884  3627 I vendor.qti.bluetooth@1.0-patch_dl_manager: ====================================================
01-03 18:42:39.997  2884  3627 I vendor.qti.bluetooth@1.0-patch_dl_manager: TLV Type			 : 0x2
01-03 18:42:39.997  2884  3627 I vendor.qti.bluetooth@1.0-patch_dl_manager: Length			 : 1997 bytes
01-03 18:42:39.997  2884  3627 I vendor.qti.bluetooth@1.0-patch_dl_manager: ====================================================
01-03 18:42:39.997  2884  3627 I vendor.qti.bluetooth@1.0-patch_dl_manager: BD Address: 58:c3:6d:cf:ad:22
01-03 18:42:39.998  2884  3627 I vendor.qti.bluetooth@1.0-patch_dl_manager: ====================================================
01-03 18:42:39.998  2884  3627 I vendor.qti.bluetooth@1.0-patch_dl_manager: TlvDnldReq: TLV size: 2001, Total Seg num: 8, remain size: 57
01-03 18:42:39.999  2884  3627 D vendor.qti.bluetooth@1.0-patch_dl_manager: ReadHciEvent: Expected CC
01-03 18:42:40.009  2884  3627 D vendor.qti.bluetooth@1.0-patch_dl_manager: ReadHciEvent: Expected CC
01-03 18:42:40.009  2884  3627 I vendor.qti.bluetooth@1.0-patch_dl_manager: SocInit: Download TLV file successfully 
01-03 18:42:40.009  2884  3627 I vendor.qti.bluetooth@1.0-patch_dl_manager: BT SoC FW SU Build info: BTFM.TF.1.3-00060-QCATFSWPZ-1, 29
01-03 18:42:40.010  3266  3266 V SystemUIService: Starting SystemUI services for user 0.
01-03 18:42:40.011  2884  3627 D vendor.qti.bluetooth@1.0-patch_dl_manager: ReadHciEvent: Expected CC
01-03 18:42:40.011  2884  3627 I vendor.qti.bluetooth@1.0-patch_dl_manager: EnableControllerLog: 0
01-03 18:42:40.011  2884  3627 D vendor.qti.bluetooth@1.0-patch_dl_manager: ReadHciEvent: Expected CC
01-03 18:42:40.011  2884  3627 I vendor.qti.bluetooth@1.0-patch_dl_manager: HciReset: HCI RESET 
01-03 18:42:40.021  3266  3266 I FalsingManager: xdpi, ydpi: 309.966, 309.638
01-03 18:42:40.021  3266  3266 I FalsingManager: width, height: 720, 1280
01-03 18:42:40.043  3266  3266 D NavigationModeController: getCurrentUserContext: contextUser=0 currentUser=0
01-03 18:42:40.043  3266  3266 D NavigationModeController: getCurrentInteractionMode: mode=0 contextUser=0
01-03 18:42:40.043  3266  3266 E NavigationModeController: updateCurrentInteractionMode: mode=0
01-03 18:42:40.043  3266  3266 D NavigationModeController:   contextUser=0
01-03 18:42:40.043  3266  3266 D NavigationModeController:   assetPaths=
01-03 18:42:40.043  3266  3266 D NavigationModeController:     /system/framework/framework-res.apk
01-03 18:42:40.043  3266  3266 D NavigationModeController:     /vendor/overlay/framework-res__auto_generated_rro_vendor.apk
01-03 18:42:40.043  3266  3266 D NavigationModeController:     /system/system_ext/priv-app/SystemUI/SystemUI.apk
01-03 18:42:40.043  3266  3266 D NavigationModeController:     /system/product/overlay/NavigationBarMode3Button/NavigationBarMode3ButtonOverlay.apk
01-03 18:42:40.045  3266  3266 D NavigationModeController: getCurrentInteractionMode: mode=0 contextUser=0
01-03 18:42:40.079  2907  3598 I ServiceManager: Waiting for service 'stats' on '/dev/binder'...
01-03 18:42:40.086  3084  3093 I chatty  : uid=1000(system) HeapTaskDaemon expire 1 line
01-03 18:42:40.087  3266  3266 V MediaRouter: Selecting route: RouteInfo{ name=Telefon, description=null, status=null, category=RouteCategory{ name=System types=ROUTE_TYPE_LIVE_AUDIO ROUTE_TYPE_LIVE_VIDEO  groupable=false }, supportedTypes=ROUTE_TYPE_LIVE_AUDIO ROUTE_TYPE_LIVE_VIDEO , presentationDisplay=null }
01-03 18:42:40.091  3266  3674 D KeyguardViewMediator: updateActivityLockScreenState(true, false)
01-03 18:42:40.092  3084  3142 D ActivityTaskManager: Top Process State changed to PROCESS_STATE_TOP_SLEEPING
01-03 18:42:40.095  3084  3142 W LocalDisplayAdapter: Unable to find color mode 0, ignoring request.
01-03 18:42:40.099  2884  3627 D vendor.qti.bluetooth@1.0-patch_dl_manager: ReadHciEvent: Expected CC
01-03 18:42:40.100  2884  3627 D vendor.qti.bluetooth@1.0-uart_controller: Init succeded
01-03 18:42:40.100  2884  3627 I vendor.qti.bluetooth@1.0-data_handler: Firmware download succeded, soc need reload patch next time=1
01-03 18:42:40.100  3244  3616 I bt_hci  : event_finish_startup
01-03 18:42:40.100  3244  3452 I bt_core_module: module_start_up Started module "hci_module"
01-03 18:42:40.101  2989  3290 E Utils   : did not find channel-count and/or sample-rate
01-03 18:42:40.101  2989  3289 E Utils   : did not find channel-count and/or sample-rate
01-03 18:42:40.102  3244  3678 I droid.bluetoot: [0103/184240.101969:INFO:message_loop_thread.cc(175)] Run: message loop starting for thread bt_startup_thread
01-03 18:42:40.102  3244  3678 I droid.bluetoot: [0103/184240.102512:INFO:btu_task.cc(112)] Bluetooth chip preload is complete
01-03 18:42:40.106  3266  3680 I OMXClient: IOmx service obtained
01-03 18:42:40.106  3266  3679 I OMXClient: IOmx service obtained
01-03 18:42:40.107  3005  3425 I OMXMaster: makeComponentInstance(OMX.google.vorbis.decoder) in android.hardwar process
01-03 18:42:40.107  3244  3678 I droid.bluetoot: [0103/184240.107757:INFO:gatt_api.cc(947)] GATT_Register 81818181-8181-8181-8181-818181818181
01-03 18:42:40.107  3244  3678 I droid.bluetoot: [0103/184240.107939:INFO:gatt_api.cc(967)] allocated gatt_if=1
01-03 18:42:40.108  3244  3678 I droid.bluetoot: [0103/184240.108028:INFO:gatt_api.cc(161)] GATTS_AddService
01-03 18:42:40.108  3244  3678 I droid.bluetoot: [0103/184240.108079:INFO:gatt_api.cc(264)] GATTS_AddService: service parsed correctly, now starting
01-03 18:42:40.108  3005  3023 I OMXMaster: makeComponentInstance(OMX.google.vorbis.decoder) in android.hardwar process
01-03 18:42:40.109  3244  3678 I droid.bluetoot: [0103/184240.109539:INFO:gatt_api.cc(947)] GATT_Register 82828282-8282-8282-8282-828282828282
01-03 18:42:40.109  3244  3678 I droid.bluetoot: [0103/184240.109690:INFO:gatt_api.cc(967)] allocated gatt_if=2
01-03 18:42:40.109  3244  3678 I droid.bluetoot: [0103/184240.109745:INFO:gatt_api.cc(161)] GATTS_AddService
01-03 18:42:40.109  3244  3678 I droid.bluetoot: [0103/184240.109798:INFO:gatt_api.cc(264)] GATTS_AddService: service parsed correctly, now starting
01-03 18:42:40.110  3244  3678 I bt_bte  : BTE_InitTraceLevels -- TRC_HCI : Level 2
01-03 18:42:40.110  3244  3678 I bt_bte  : BTE_InitTraceLevels -- TRC_L2CAP : Level 2
01-03 18:42:40.110  3244  3678 I bt_bte  : BTE_InitTraceLevels -- TRC_RFCOMM : Level 2
01-03 18:42:40.110  3244  3678 I bt_bte  : BTE_InitTraceLevels -- TRC_AVDT : Level 2
01-03 18:42:40.110  3244  3678 I bt_bte  : BTE_InitTraceLevels -- TRC_AVRC : Level 2
01-03 18:42:40.110  3244  3678 I bt_bte  : BTE_InitTraceLevels -- TRC_A2D : Level 2
01-03 18:42:40.110  3244  3678 I bt_bte  : BTE_InitTraceLevels -- TRC_BNEP : Level 2
01-03 18:42:40.110  3244  3678 I bt_bte  : BTE_InitTraceLevels -- TRC_BTM : Level 2
01-03 18:42:40.110  3244  3678 I bt_bte  : BTE_InitTraceLevels -- TRC_HID_HOST : Level 2
01-03 18:42:40.110  3244  3678 I bt_bte  : BTE_InitTraceLevels -- TRC_PAN : Level 2
01-03 18:42:40.110  3244  3678 I bt_bte  : BTE_InitTraceLevels -- TRC_SDP : Level 2
01-03 18:42:40.110  3244  3678 I bt_bte  : BTE_InitTraceLevels -- TRC_SMP : Level 2
01-03 18:42:40.110  3244  3678 I bt_bte  : BTE_InitTraceLevels -- TRC_HID_DEV : Level 2
01-03 18:42:40.110  3244  3678 I bt_bte  : BTE_InitTraceLevels -- TRC_BTAPP : Level 2
01-03 18:42:40.110  3244  3678 I bt_bte  : BTE_InitTraceLevels -- TRC_BTIF : Level 2
01-03 18:42:40.110  3244  3688 I bt_stack: [INFO:message_loop_thread.cc(175)] Run: message loop starting for thread bt_main_thread
01-03 18:42:40.111  3244  3689 I bt_stack: [INFO:message_loop_thread.cc(175)] Run: message loop starting for thread bt_module_lifecycle_thread
01-03 18:42:40.111  3244  3689 I bt_core_module: module_start_up Starting module "controller_module"
01-03 18:42:40.127  3552  3595 E Surface : freeAllBuffers: 1 buffers were freed while being dequeued!
01-03 18:42:40.128  3552  3595 E Surface : freeAllBuffers: 1 buffers were freed while being dequeued!
01-03 18:42:40.128  2910  2950 I chatty  : uid=1000(system) Binder:2910_2 expire 3 lines
01-03 18:42:40.129  3552  3595 W libEGL  : EGLNativeWindowType 0x7a0d8634c0 disconnect failed
01-03 18:42:40.153  2989  3290 E Utils   : did not find channel-count and/or sample-rate
01-03 18:42:40.155  3266  3266 D NavigationModeController: getCurrentInteractionMode: mode=0 contextUser=0
01-03 18:42:40.156  3266  3692 I OMXClient: IOmx service obtained
01-03 18:42:40.156  3005  3425 I OMXMaster: makeComponentInstance(OMX.google.vorbis.decoder) in android.hardwar process
01-03 18:42:40.163  3084  3097 D CompatibilityChangeReporter: Compat change id reported: 135634846; UID 1000; state: DISABLED
01-03 18:42:40.166  3266  3266 I vol.Events: writeEvent collection_started
01-03 18:42:40.173  2880  2880 D Zygote  : Forked child process 3696
01-03 18:42:40.177  3084  3109 I ActivityManager: Start proc 3696:com.android.launcher3/1000 for service {com.android.launcher3/com.android.quickstep.TouchInteractionService}
01-03 18:42:40.179  2907  3598 I ServiceManager: Waiting for service 'stats' on '/dev/binder'...
01-03 18:42:40.187  3696  3696 E droid.launcher: Not starting debugger since process cannot load the jdwp agent.
01-03 18:42:40.206  3043  3082 D bauth_FPBAuthService: pcf : 0x1010, 0 ,3 ,0 ,0 ,0 ,0, 5.0.0.0
01-03 18:42:40.206  3043  3082 D bauth_service: BAuthService, 96
01-03 18:42:40.206  3043  3082 D bauth_FPBAuthService: FPBAuthService, 11286
01-03 18:42:40.213  3084  3143 I chatty  : uid=1000(system) Binder:3084_4 expire 3 lines
01-03 18:42:40.214  3530  3657 D TelephonyRegistryManager: onSubscriptionsChangedListener callback received.
01-03 18:42:40.214  3266  3283 D TelephonyRegistryManager: onSubscriptionsChangedListener callback received.
01-03 18:42:40.214  3530  3657 D TelephonyRegistryManager: onSubscriptionsChangedListener callback received.
01-03 18:42:40.214  3530  3657 I chatty  : uid=1001(radio) Binder:3530_3 identical 4 lines
01-03 18:42:40.214  3530  3657 D TelephonyRegistryManager: onSubscriptionsChangedListener callback received.
01-03 18:42:40.214  3530  3717 D TelephonyRegistryManager: onSubscriptionsChangedListener callback received.
01-03 18:42:40.214  3530  3669 D TelephonyRegistryManager: onSubscriptionsChangedListener callback received.
01-03 18:42:40.214  3530  3717 D TelephonyRegistryManager: onSubscriptionsChangedListener callback received.
01-03 18:42:40.215  3530  3657 D TelephonyRegistryManager: onSubscriptionsChangedListener callback received.
01-03 18:42:40.216  3530  3530 D MultiSimSettingController: notifySubscriptionInfoChanged
01-03 18:42:40.216  3530  3530 D CellBroadcastServiceManager: connected to CellBroadcastService
01-03 18:42:40.225  3696  3696 I droid.launcher: The ClassLoaderContext is a special shared library.
01-03 18:42:40.251  3696  3696 D NetworkSecurityConfig: No Network Security Config specified, using platform default
01-03 18:42:40.251  3696  3696 D NetworkSecurityConfig: No Network Security Config specified, using platform default
01-03 18:42:40.273  3266  3695 I vol.Events: writeEvent level_changed STREAM_VOICE_CALL 3
01-03 18:42:40.276  3244  3689 I bt_core_module: module_start_up Started module "controller_module"
01-03 18:42:40.277  3244  3689 I bt_stack: [INFO:message_loop_thread.cc(196)] Run: message loop finished for thread bt_module_lifecycle_thread
01-03 18:42:40.277  3244  3678 W bt_btm  : btm_decode_ext_features_page: feature page 1 ignored
01-03 18:42:40.277  3244  3678 W bt_btm  : btm_decode_ext_features_page: feature page 2 ignored
01-03 18:42:40.277  3244  3678 I bt_stack: [INFO:message_loop_thread.cc(87)] ShutDown: thread bt_module_lifecycle_thread(-1) is already stopped
01-03 18:42:40.277  3244  3688 I bt_btm_sec: BTM_SecRegister p_cb_info->p_le_callback == 0x0x7824b09040
01-03 18:42:40.277  3244  3688 I bt_btm_sec: BTM_SecRegister btm_cb.api.p_le_callback = 0x0x7824b09040 
01-03 18:42:40.278  3244  3688 I bt_stack: [INFO:gatt_api.cc(947)] GATT_Register 926de3a7-e594-3e6f-2ff5-bd8b81216afe
01-03 18:42:40.278  3244  3688 I bt_stack: [INFO:gatt_api.cc(967)] allocated gatt_if=3
01-03 18:42:40.279  3266  3695 I vol.Events: writeEvent level_changed STREAM_SYSTEM 5
01-03 18:42:40.280  2907  3598 I ServiceManager: Waiting for service 'stats' on '/dev/binder'...
01-03 18:42:40.281  3244  3688 I bt_stack: [INFO:ble_advertiser_hci_interface.cc(769)] VSC advertising will be in use
01-03 18:42:40.281  3244  3688 I bt_stack: [INFO:ble_advertiser_hci_interface.cc(278)] QuirkAdvertiserZeroHandle in use
01-03 18:42:40.282  3266  3695 I vol.Events: writeEvent level_changed STREAM_RING 5
01-03 18:42:40.283  3266  3695 I vol.Events: writeEvent level_changed STREAM_MUSIC 9
01-03 18:42:40.287  3266  3695 I vol.Events: writeEvent level_changed STREAM_ALARM 6
