01-03 18:42:40.913  3266  3745 D KeyguardViewMediator: notifyStartedWakingUp
01-03 18:42:40.913  3266  3745 D KeyguardViewMediator: notifyScreenOn
01-03 18:42:40.914  3266  3283 D KeyguardViewMediator: notifyScreenTurnedOn
01-03 18:42:40.914  3266  3283 D KeyguardViewMediator: adjustStatusBarLocked: mShowing=true mOccluded=false isSecure=false force=false --> flags=0x1200000
01-03 18:42:40.923  3530  3530 I ImsExternalCallTracker: handleVideoCapabilitiesChanged : isVideoCapable = false
01-03 18:42:40.923  3530  3530 D ImsExternalCallTracker: refreshCallPullState
01-03 18:42:40.923  3266  3266 E libEGL  : validate_display:89 error 3001 (EGL_NOT_INITIALIZED)
01-03 18:42:40.931  3762  3762 D CellBroadcastReceiver: onReceive Intent { act=android.intent.action.SERVICE_STATE flg=0x1000010 cmp=com.android.cellbroadcastreceiver.module/com.android.cellbroadcastreceiver.CellBroadcastReceiver (has extras) }
01-03 18:42:40.931  3084  3752 D ConnectivityService: requestNetwork for uid/pid:1001/3530 NetworkRequest [ TRACK_DEFAULT id=18, [ Capabilities: INTERNET&NOT_RESTRICTED&TRUSTED Uid: 1001 AdministratorUids: [] RequestorUid: 1001 RequestorPackageName: com.android.phone] ]
01-03 18:42:40.932  3084  3178 D ConnectivityService: NetReassign [no changes]
01-03 18:42:40.932  3530  3530 D PhoneSwitcherNetworkRequstListener: got request NetworkRequest [ REQUEST id=1, [ Capabilities: INTERNET&NOT_RESTRICTED&TRUSTED&NOT_VPN AdministratorUids: [] RequestorUid: 1000 RequestorPackageName: android] ] with score 0 and providerId -1
01-03 18:42:40.933  3530  3530 D PhoneSwitcherNetworkRequstListener: got request NetworkRequest [ REQUEST id=11, [ Capabilities: INTERNET&NOT_RESTRICTED&TRUSTED&NOT_VPN AdministratorUids: [] RequestorUid: 1073 RequestorPackageName: com.android.networkstack] ] with score 0 and providerId -1
01-03 18:42:40.933  3530  3530 D PhoneSwitcherNetworkRequstListener: got request NetworkRequest [ TRACK_DEFAULT id=8, [ Capabilities: INTERNET&NOT_RESTRICTED&TRUSTED Uid: 1000 AdministratorUids: [] RequestorUid: 1000 RequestorPackageName: android] ] with score 0 and providerId -1
01-03 18:42:40.933  3530  3530 D PhoneSwitcherNetworkRequstListener: got request NetworkRequest [ BACKGROUND_REQUEST id=2, [ Transports: CELLULAR Capabilities: INTERNET&NOT_RESTRICTED&TRUSTED&NOT_VPN AdministratorUids: [] RequestorUid: 1000 RequestorPackageName: android] ] with score 0 and providerId -1
01-03 18:42:40.933  3530  3530 D PhoneSwitcherNetworkRequstListener: got request NetworkRequest [ TRACK_DEFAULT id=9, [ Capabilities: INTERNET&NOT_RESTRICTED&TRUSTED Uid: 1073 AdministratorUids: [] RequestorUid: 1073 RequestorPackageName: com.android.networkstack] ] with score 0 and providerId -1
01-03 18:42:40.936  3530  3530 D TelephonyDebugService: TelephonyDebugService()
01-03 18:42:40.938  3530  3530 D CarrierConfigLoader: mHandler: 12 phoneId: 0
01-03 18:42:40.956  3530  3530 I Telephony: TelecomAccountRegistry: onSubscriptionsChanged - update accounts
01-03 18:42:40.957  3530  3530 I Telephony: TelecomAccountRegistry: setupAccounts: Found 2 phones.  Attempting to register.
01-03 18:42:40.957  3530  3530 I Telephony: TelecomAccountRegistry: setupAccounts: Phone with subscription id -1
01-03 18:42:40.957  3530  3530 D Telephony: TelecomAccountRegistry: setupAccounts: skipping invalid subid -1
01-03 18:42:40.957  3530  3530 I Telephony: TelecomAccountRegistry: setupAccounts: Phone with subscription id -1
01-03 18:42:40.957  3530  3530 D Telephony: TelecomAccountRegistry: setupAccounts: skipping invalid subid -1
01-03 18:42:40.957  3530  3530 I Telephony: setupAccounts: adding default
01-03 18:42:40.959  3530  3530 E PhoneInterfaceManager: [PhoneIntfMgr] getIccId: No UICC
01-03 18:42:40.963  3530  3530 D Telephony: isEmergencyPreferredAccount: subId=-1, activeData=-1
01-03 18:42:40.963  3530  3530 D Telephony: isEmergencyPreferredAccount: Device does not require preference.
01-03 18:42:40.963  3530  3530 I Telephony: isRttCurrentlySupported -- emergency acct and no device support
01-03 18:42:40.973  3084  3752 I Telecom : PhoneAccountRegistrar: Modify account: [ComponentInfo{com.android.phone/com.android.services.telephony.TelephonyConnectionService}, ***, UserHandle{0}]: TSI.rPA@AAw
01-03 18:42:40.975  3084  3752 I Telecom : CallsManager: handlePhoneAccountChanged: phoneAccount=[[X] PhoneAccount: ComponentInfo{com.android.phone/com.android.services.telephony.TelephonyConnectionService}, ***, UserHandle{0} Capabilities: CallProvider MultiUser PlaceEmerg SimSub  Audio Routes: BESW Schemes: tel voicemail  Extras: Bundle[{android.telecom.extra.SUPPORTS_VIDEO_CALLING_FALLBACK=true}] GroupId: ***]: TSI.rPA@AAw
01-03 18:42:40.976  3530  3530 I Telephony: AccountEntry: Registered phoneAccount: [[ ] PhoneAccount: ComponentInfo{com.android.phone/com.android.services.telephony.TelephonyConnectionService}, ***, UserHandle{0} Capabilities: CallProvider MultiUser PlaceEmerg SimSub  Audio Routes: BESW Schemes: tel voicemail  Extras: Bundle[{android.telecom.extra.SUPPORTS_VIDEO_CALLING_FALLBACK=true}] GroupId: ***] with handle: ComponentInfo{com.android.phone/com.android.services.telephony.TelephonyConnectionService}, ***, UserHandle{0}
01-03 18:42:40.977  3530  3530 I Telephony: PstnIncomingCallNotifier: Registering: Handler (com.android.internal.telephony.GsmCdmaPhone) {ad4deff}
01-03 18:42:40.977  3266  3266 D Tonal   : Tonal Palette - index: 4. Main color: ff364147
01-03 18:42:40.977  3266  3266 D Tonal   : Colors: ff020303, ff0d1012, ff181d20, ff262d31, ff364147, ff46535d, ff576672, ff858585, ff8a97a6, ff9ca6b3, ffb0b8c3, ffcdd2d9, ffe1e4e8
01-03 18:42:40.977  3266  3266 D Tonal   : Gradients: 
01-03 18:42:40.977  3266  3266 D Tonal   : 	Normal GradientColors(ff364147, ff364147)
01-03 18:42:40.977  3266  3266 D Tonal   : 	Dark GradientColors(ff262d31, ff262d31)
01-03 18:42:40.977  3266  3266 D Tonal   : 	Extra dark: GradientColors(ff181d20, ff181d20)
01-03 18:42:40.977  3266  3266 D Tonal   : Tonal Palette - index: 4. Main color: ff364147
01-03 18:42:40.977  3266  3266 D Tonal   : Colors: ff020303, ff0d1012, ff181d20, ff262d31, ff364147, ff46535d, ff576672, ff858585, ff8a97a6, ff9ca6b3, ffb0b8c3, ffcdd2d9, ffe1e4e8
01-03 18:42:40.977  3266  3266 D Tonal   : Gradients: 
01-03 18:42:40.977  3266  3266 D Tonal   : 	Normal GradientColors(ff364147, ff364147)
01-03 18:42:40.977  3266  3266 D Tonal   : 	Dark GradientColors(ff262d31, ff262d31)
01-03 18:42:40.977  3266  3266 D Tonal   : 	Extra dark: GradientColors(ff181d20, ff181d20)
01-03 18:42:40.978  3530  3530 D Telephony: Registering: Handler (com.android.internal.telephony.GsmCdmaPhone) {ad4deff}
01-03 18:42:40.982  3266  3651 D EglHelper: createEglContext start
01-03 18:42:40.982  3530  3530 D MultiSimSettingController: onSubscriptionsChanged
01-03 18:42:40.985  3084  3752 W LocalDisplayAdapter: Unable to find color mode 0, ignoring request.
01-03 18:42:40.985  2907  3598 I ServiceManager: Waiting for service 'stats' on '/dev/binder'...
01-03 18:42:40.986  3266  3651 D EglHelper: createEglContext done
01-03 18:42:40.986  3266  3651 D EglHelper: createEglSurface start
01-03 18:42:40.987  3266  3651 D mali_winsys: EGLint new_window_surface(egl_winsys_display *, void *, EGLSurface, EGLConfig, egl_winsys_surface **, EGLBoolean) returns 0x3000,  [1080x2160]-format:2
01-03 18:42:40.988  3266  3651 D EglHelper: createEglSurface done
01-03 18:42:40.993  3530  3530 D PhoneSwitcherNetworkRequstListener: got request NetworkRequest [ TRACK_DEFAULT id=15, [ Capabilities: INTERNET&NOT_RESTRICTED&TRUSTED Uid: 10089 AdministratorUids: [] RequestorUid: 10089 RequestorPackageName: com.android.systemui] ] with score 0 and providerId 0
01-03 18:42:40.994  3530  3530 D PhoneSwitcherNetworkRequstListener: got request NetworkRequest [ TRACK_DEFAULT id=16, [ Capabilities: INTERNET&NOT_RESTRICTED&TRUSTED Uid: 10089 AdministratorUids: [] RequestorUid: 10089 RequestorPackageName: com.android.systemui] ] with score 0 and providerId 0
01-03 18:42:40.996  3530  3530 I Telephony: TelecomAccountRegistry: onSubscriptionsChanged - update accounts
01-03 18:42:40.997  3530  3530 I Telephony: PstnIncomingCallNotifier: Unregistering: Handler (com.android.internal.telephony.GsmCdmaPhone) {ad4deff}
01-03 18:42:40.997  3530  3530 D Telephony: Unregistering: Handler (com.android.internal.telephony.GsmCdmaPhone) {ad4deff}
01-03 18:42:40.997  3530  3530 I Telephony: TelecomAccountRegistry: setupAccounts: Found 2 phones.  Attempting to register.
01-03 18:42:40.997  3530  3530 I Telephony: TelecomAccountRegistry: setupAccounts: Phone with subscription id -1
01-03 18:42:40.998  3530  3530 D Telephony: TelecomAccountRegistry: setupAccounts: skipping invalid subid -1
01-03 18:42:40.998  3530  3530 I Telephony: TelecomAccountRegistry: setupAccounts: Phone with subscription id -1
01-03 18:42:40.998  3530  3530 D Telephony: TelecomAccountRegistry: setupAccounts: skipping invalid subid -1
01-03 18:42:40.998  3530  3530 I Telephony: setupAccounts: adding default
01-03 18:42:41.000  3530  3530 E PhoneInterfaceManager: [PhoneIntfMgr] getIccId: No UICC
01-03 18:42:41.001  3530  3530 D Telephony: isEmergencyPreferredAccount: subId=-1, activeData=-1
01-03 18:42:41.001  3530  3530 D Telephony: isEmergencyPreferredAccount: Device does not require preference.
01-03 18:42:41.001  3530  3530 I Telephony: isRttCurrentlySupported -- emergency acct and no device support
01-03 18:42:41.009  3084  3602 I Telecom : PhoneAccountRegistrar: Modify account: [ComponentInfo{com.android.phone/com.android.services.telephony.TelephonyConnectionService}, ***, UserHandle{0}]: TSI.rPA@AA4
01-03 18:42:41.010  3084  3602 I Telecom : CallsManager: handlePhoneAccountChanged: phoneAccount=[[X] PhoneAccount: ComponentInfo{com.android.phone/com.android.services.telephony.TelephonyConnectionService}, ***, UserHandle{0} Capabilities: CallProvider MultiUser PlaceEmerg SimSub  Audio Routes: BESW Schemes: tel voicemail  Extras: Bundle[{android.telecom.extra.SUPPORTS_VIDEO_CALLING_FALLBACK=true}] GroupId: ***]: TSI.rPA@AA4
01-03 18:42:41.011  3530  3530 I Telephony: AccountEntry: Registered phoneAccount: [[ ] PhoneAccount: ComponentInfo{com.android.phone/com.android.services.telephony.TelephonyConnectionService}, ***, UserHandle{0} Capabilities: CallProvider MultiUser PlaceEmerg SimSub  Audio Routes: BESW Schemes: tel voicemail  Extras: Bundle[{android.telecom.extra.SUPPORTS_VIDEO_CALLING_FALLBACK=true}] GroupId: ***] with handle: ComponentInfo{com.android.phone/com.android.services.telephony.TelephonyConnectionService}, ***, UserHandle{0}
01-03 18:42:41.011  3530  3530 I Telephony: PstnIncomingCallNotifier: Registering: Handler (com.android.internal.telephony.GsmCdmaPhone) {ad4deff}
01-03 18:42:41.011  3530  3530 D Telephony: Registering: Handler (com.android.internal.telephony.GsmCdmaPhone) {ad4deff}
01-03 18:42:41.014  3530  3530 D MultiSimSettingController: onSubscriptionsChanged
01-03 18:42:41.023  3530  3530 W PhoneGlobals: Can't get phone with sub id = -1
01-03 18:42:41.025  3266  3266 D BluetoothA2dp: Proxy object connected
01-03 18:42:41.027  3266  3266 D BluetoothHidHost: Proxy object connected
01-03 18:42:41.029  3266  3266 D BluetoothPan: Proxy object connected
01-03 18:42:41.029  3266  3266 D BluetoothMap: Proxy object connected
01-03 18:42:41.029  3266  3266 D BluetoothMap: getConnectedDevices()
01-03 18:42:41.030  3530  3530 W PhoneGlobals: Can't get phone with sub id = -1
01-03 18:42:41.030  3530  3530 D Telephony: isEmergencyPreferredAccount: subId=-1, activeData=-1
01-03 18:42:41.030  3530  3530 D Telephony: isEmergencyPreferredAccount: Device does not require preference.
01-03 18:42:41.030  3530  3530 D PhoneSwitcherNetworkRequstListener: got request NetworkRequest [ TRACK_DEFAULT id=18, [ Capabilities: INTERNET&NOT_RESTRICTED&TRUSTED Uid: 1001 AdministratorUids: [] RequestorUid: 1001 RequestorPackageName: com.android.phone] ] with score 0 and providerId 0
01-03 18:42:41.031  3266  3266 D BluetoothHidDevice: Proxy object connected
01-03 18:42:41.054  3530  3530 I ImsExternalCallTracker: handleVideoCapabilitiesChanged : isVideoCapable = false
01-03 18:42:41.054  3530  3530 D ImsExternalCallTracker: refreshCallPullState
01-03 18:42:41.054  3530  3530 I Telephony: handleVideoCapabilitesChanged. Video capability - false
01-03 18:42:41.065  3530  3530 I ImsExternalCallTracker: handleVideoCapabilitiesChanged : isVideoCapable = false
01-03 18:42:41.065  3530  3530 D ImsExternalCallTracker: refreshCallPullState
01-03 18:42:41.066  3530  3530 I Telephony: handleVideoCapabilitesChanged. Video capability - false
01-03 18:42:41.068  3530  3530 E PhoneInterfaceManager: [PhoneIntfMgr] getIccId: No UICC
01-03 18:42:41.068  2762  2762 I hwservicemanager: getTransport: Cannot find entry android.hardware.graphics.mapper@4.0::IMapper/default in either framework or device manifest.
01-03 18:42:41.068  3266  3651 I Gralloc4: mapper 4.x is not supported
01-03 18:42:41.069  2762  2762 I hwservicemanager: getTransport: Cannot find entry android.hardware.graphics.mapper@3.0::IMapper/default in either framework or device manifest.
01-03 18:42:41.069  3266  3651 W Gralloc3: mapper 3.x is not supported
01-03 18:42:41.070  3530  3530 D Telephony: isEmergencyPreferredAccount: subId=-1, activeData=-1
01-03 18:42:41.070  3530  3530 D Telephony: isEmergencyPreferredAccount: Device does not require preference.
01-03 18:42:41.070  3530  3530 I Telephony: isRttCurrentlySupported -- emergency acct and no device support
01-03 18:42:41.073  3266  3651 E ion     : ioctl c0044901 failed with code -1: Invalid argument
01-03 18:42:41.085  2907  3598 I ServiceManager: Waiting for service 'stats' on '/dev/binder'...
01-03 18:42:41.087  3084  3602 I Telecom : PhoneAccountRegistrar: Modify account: [ComponentInfo{com.android.phone/com.android.services.telephony.TelephonyConnectionService}, ***, UserHandle{0}]: TSI.rPA@ABA
01-03 18:42:41.089  3084  3602 I Telecom : CallsManager: handlePhoneAccountChanged: phoneAccount=[[X] PhoneAccount: ComponentInfo{com.android.phone/com.android.services.telephony.TelephonyConnectionService}, ***, UserHandle{0} Capabilities: CallProvider MultiUser PlaceEmerg SimSub  Audio Routes: BESW Schemes: tel voicemail  Extras: Bundle[{android.telecom.extra.SUPPORTS_VIDEO_CALLING_FALLBACK=true}] GroupId: ***]: TSI.rPA@ABA
01-03 18:42:41.090  3530  3530 I Telephony: Locale change; re-registering phone accounts.
01-03 18:42:41.091  3530  3530 I Telephony: PstnIncomingCallNotifier: Unregistering: Handler (com.android.internal.telephony.GsmCdmaPhone) {ad4deff}
01-03 18:42:41.091  3530  3530 D Telephony: Unregistering: Handler (com.android.internal.telephony.GsmCdmaPhone) {ad4deff}
01-03 18:42:41.091  3530  3530 I Telephony: TelecomAccountRegistry: setupAccounts: Found 2 phones.  Attempting to register.
01-03 18:42:41.092  3530  3530 I Telephony: TelecomAccountRegistry: setupAccounts: Phone with subscription id -1
01-03 18:42:41.092  3530  3530 D Telephony: TelecomAccountRegistry: setupAccounts: skipping invalid subid -1
01-03 18:42:41.092  3530  3530 I Telephony: TelecomAccountRegistry: setupAccounts: Phone with subscription id -1
01-03 18:42:41.092  3530  3530 D Telephony: TelecomAccountRegistry: setupAccounts: skipping invalid subid -1
01-03 18:42:41.092  3530  3530 I Telephony: setupAccounts: adding default
01-03 18:42:41.094  3530  3530 E PhoneInterfaceManager: [PhoneIntfMgr] getIccId: No UICC
01-03 18:42:41.095  3530  3530 D Telephony: isEmergencyPreferredAccount: subId=-1, activeData=-1
01-03 18:42:41.095  3530  3530 D Telephony: isEmergencyPreferredAccount: Device does not require preference.
01-03 18:42:41.095  3530  3530 I Telephony: isRttCurrentlySupported -- emergency acct and no device support
01-03 18:42:41.101  3084  3098 I Telecom : PhoneAccountRegistrar: Modify account: [ComponentInfo{com.android.phone/com.android.services.telephony.TelephonyConnectionService}, ***, UserHandle{0}]: TSI.rPA@ABE
01-03 18:42:41.103  3084  3098 I Telecom : CallsManager: handlePhoneAccountChanged: phoneAccount=[[X] PhoneAccount: ComponentInfo{com.android.phone/com.android.services.telephony.TelephonyConnectionService}, ***, UserHandle{0} Capabilities: CallProvider MultiUser PlaceEmerg SimSub  Audio Routes: BESW Schemes: tel voicemail  Extras: Bundle[{android.telecom.extra.SUPPORTS_VIDEO_CALLING_FALLBACK=true}] GroupId: ***]: TSI.rPA@ABE
01-03 18:42:41.104  3530  3530 I Telephony: AccountEntry: Registered phoneAccount: [[ ] PhoneAccount: ComponentInfo{com.android.phone/com.android.services.telephony.TelephonyConnectionService}, ***, UserHandle{0} Capabilities: CallProvider MultiUser PlaceEmerg SimSub  Audio Routes: BESW Schemes: tel voicemail  Extras: Bundle[{android.telecom.extra.SUPPORTS_VIDEO_CALLING_FALLBACK=true}] GroupId: ***] with handle: ComponentInfo{com.android.phone/com.android.services.telephony.TelephonyConnectionService}, ***, UserHandle{0}
01-03 18:42:41.104  3530  3530 I Telephony: PstnIncomingCallNotifier: Registering: Handler (com.android.internal.telephony.GsmCdmaPhone) {ad4deff}
01-03 18:42:41.104  3530  3530 D Telephony: Registering: Handler (com.android.internal.telephony.GsmCdmaPhone) {ad4deff}
01-03 18:42:41.106  3530  3530 E PhoneInterfaceManager: [PhoneIntfMgr] queryModemActivityInfo: Empty response
01-03 18:42:41.107  3530  3530 I Telephony: Locale change; re-registering phone accounts.
01-03 18:42:41.107  3530  3530 I Telephony: PstnIncomingCallNotifier: Unregistering: Handler (com.android.internal.telephony.GsmCdmaPhone) {ad4deff}
01-03 18:42:41.107  3530  3530 D Telephony: Unregistering: Handler (com.android.internal.telephony.GsmCdmaPhone) {ad4deff}
01-03 18:42:41.107  3530  3530 I Telephony: TelecomAccountRegistry: setupAccounts: Found 2 phones.  Attempting to register.
01-03 18:42:41.108  3530  3530 I Telephony: TelecomAccountRegistry: setupAccounts: Phone with subscription id -1
01-03 18:42:41.108  3530  3530 D Telephony: TelecomAccountRegistry: setupAccounts: skipping invalid subid -1
01-03 18:42:41.108  3530  3530 I Telephony: TelecomAccountRegistry: setupAccounts: Phone with subscription id -1
01-03 18:42:41.108  3530  3530 D Telephony: TelecomAccountRegistry: setupAccounts: skipping invalid subid -1
01-03 18:42:41.108  3530  3530 I Telephony: setupAccounts: adding default
01-03 18:42:41.109  3084  3114 W KernelCpuProcStringReader: File not found. It's normal if not implemented: /proc/uid_time_in_state
01-03 18:42:41.109  3084  3114 W KernelCpuProcStringReader: File not found. It's normal if not implemented: /proc/uid_concurrent_active_time
01-03 18:42:41.109  3084  3114 W KernelCpuProcStringReader: File not found. It's normal if not implemented: /proc/uid_concurrent_policy_time
01-03 18:42:41.110  3530  3530 E PhoneInterfaceManager: [PhoneIntfMgr] getIccId: No UICC
01-03 18:42:41.110  3266  3266 D QSTileHost: Recreating tiles
01-03 18:42:41.111  3266  3266 D QSTileHost: Creating tile: wifi
01-03 18:42:41.113  3084  3114 W BatteryExternalStatsWorker: modem info is invalid: ModemActivityInfo{ mTimestamp=0 mSleepTimeMs=0 mIdleTimeMs=0 mTransmitPowerInfo[]=[TransmitPower{ mTimeInMillis=0 mPowerRangeInDbm={-2147483648,0}}, TransmitPower{ mTimeInMillis=0 mPowerRangeInDbm={0,5}}, TransmitPower{ mTimeInMillis=0 mPowerRangeInDbm={5,15}}, TransmitPower{ mTimeInMillis=0 mPowerRangeInDbm={15,20}}, TransmitPower{ mTimeInMillis=0 mPowerRangeInDbm={20,2147483647}}] mRxTimeMs=0}
01-03 18:42:41.114  3266  3266 D QSTileHost: Creating tile: bt
01-03 18:42:41.114  3530  3530 D Telephony: isEmergencyPreferredAccount: subId=-1, activeData=-1
01-03 18:42:41.114  3530  3530 D Telephony: isEmergencyPreferredAccount: Device does not require preference.
01-03 18:42:41.114  3530  3530 I Telephony: isRttCurrentlySupported -- emergency acct and no device support
01-03 18:42:41.115  3266  3266 D QSTileHost: Creating tile: dnd
01-03 18:42:41.116  3266  3266 D QSTileHost: Creating tile: flashlight
01-03 18:42:41.117  3266  3266 D QSTileHost: Creating tile: rotation
01-03 18:42:41.117  3266  3266 D QSTileHost: Creating tile: battery
01-03 18:42:41.118  3266  3266 D QSTileHost: Creating tile: cell
01-03 18:42:41.119  3266  3266 D QSTileHost: Creating tile: airplane
01-03 18:42:41.120  3266  3266 D QSTileHost: Creating tile: cast
01-03 18:42:41.121  3266  3266 D QSTileHost: Creating tile: screenrecord
01-03 18:42:41.127  3084  3602 I Telecom : PhoneAccountRegistrar: Modify account: [ComponentInfo{com.android.phone/com.android.services.telephony.TelephonyConnectionService}, ***, UserHandle{0}]: TSI.rPA@ABM
01-03 18:42:41.139  3084  3602 I Telecom : CallsManager: handlePhoneAccountChanged: phoneAccount=[[X] PhoneAccount: ComponentInfo{com.android.phone/com.android.services.telephony.TelephonyConnectionService}, ***, UserHandle{0} Capabilities: CallProvider MultiUser PlaceEmerg SimSub  Audio Routes: BESW Schemes: tel voicemail  Extras: Bundle[{android.telecom.extra.SUPPORTS_VIDEO_CALLING_FALLBACK=true}] GroupId: ***]: TSI.rPA@ABM
01-03 18:42:41.140  3530  3530 I Telephony: AccountEntry: Registered phoneAccount: [[ ] PhoneAccount: ComponentInfo{com.android.phone/com.android.services.telephony.TelephonyConnectionService}, ***, UserHandle{0} Capabilities: CallProvider MultiUser PlaceEmerg SimSub  Audio Routes: BESW Schemes: tel voicemail  Extras: Bundle[{android.telecom.extra.SUPPORTS_VIDEO_CALLING_FALLBACK=true}] GroupId: ***] with handle: ComponentInfo{com.android.phone/com.android.services.telephony.TelephonyConnectionService}, ***, UserHandle{0}
01-03 18:42:41.140  3530  3530 I Telephony: PstnIncomingCallNotifier: Registering: Handler (com.android.internal.telephony.GsmCdmaPhone) {ad4deff}
01-03 18:42:41.140  3530  3530 D Telephony: Registering: Handler (com.android.internal.telephony.GsmCdmaPhone) {ad4deff}
01-03 18:42:41.148  3530  3530 D Telephony: isEmergencyPreferredAccount: subId=-1, activeData=-1
01-03 18:42:41.148  3530  3530 D Telephony: isEmergencyPreferredAccount: Device does not require preference.
01-03 18:42:41.149  3530  3530 D Telephony: isEmergencyPreferredAccount: subId=-1, activeData=-1
01-03 18:42:41.149  3530  3530 D Telephony: isEmergencyPreferredAccount: Device does not require preference.
01-03 18:42:41.149  3530  3530 D Telephony: isEmergencyPreferredAccount: subId=-1, activeData=-1
01-03 18:42:41.149  3530  3530 D Telephony: isEmergencyPreferredAccount: Device does not require preference.
01-03 18:42:41.150  3530  3530 D Telephony: isEmergencyPreferredAccount: subId=-1, activeData=-1
01-03 18:42:41.150  3530  3530 D Telephony: isEmergencyPreferredAccount: Device does not require preference.
01-03 18:42:41.150  3530  3530 D Telephony: isEmergencyPreferredAccount: subId=-1, activeData=-1
01-03 18:42:41.150  3530  3530 D Telephony: isEmergencyPreferredAccount: Device does not require preference.
01-03 18:42:41.151  3530  3530 D Telephony: isEmergencyPreferredAccount: subId=-1, activeData=-1
01-03 18:42:41.151  3530  3530 D Telephony: isEmergencyPreferredAccount: Device does not require preference.
01-03 18:42:41.152  3530  3530 D Telephony: isEmergencyPreferredAccount: subId=-1, activeData=-1
01-03 18:42:41.152  3530  3530 D Telephony: isEmergencyPreferredAccount: Device does not require preference.
01-03 18:42:41.153  3530  3530 I ImsExternalCallTracker: handleVideoCapabilitiesChanged : isVideoCapable = false
01-03 18:42:41.153  3530  3530 D ImsExternalCallTracker: refreshCallPullState
01-03 18:42:41.153  3530  3530 I Telephony: handleVideoCapabilitesChanged. Video capability - false
01-03 18:42:41.153  3530  3530 I ImsExternalCallTracker: handleVideoCapabilitiesChanged : isVideoCapable = false
01-03 18:42:41.153  3530  3530 D ImsExternalCallTracker: refreshCallPullState
01-03 18:42:41.154  3530  3530 I Telephony: handleVideoCapabilitesChanged. Video capability - false
01-03 18:42:41.155  3530  3530 E PhoneInterfaceManager: [PhoneIntfMgr] getIccId: No UICC
01-03 18:42:41.156  3530  3530 D Telephony: isEmergencyPreferredAccount: subId=-1, activeData=-1
01-03 18:42:41.156  3530  3530 D Telephony: isEmergencyPreferredAccount: Device does not require preference.
01-03 18:42:41.156  3530  3530 I Telephony: isRttCurrentlySupported -- emergency acct and no device support
01-03 18:42:41.166  3084  3602 I Telecom : PhoneAccountRegistrar: Modify account: [ComponentInfo{com.android.phone/com.android.services.telephony.TelephonyConnectionService}, ***, UserHandle{0}]: TSI.rPA@ABU
01-03 18:42:41.168  3084  3602 I Telecom : CallsManager: handlePhoneAccountChanged: phoneAccount=[[X] PhoneAccount: ComponentInfo{com.android.phone/com.android.services.telephony.TelephonyConnectionService}, ***, UserHandle{0} Capabilities: CallProvider MultiUser PlaceEmerg SimSub  Audio Routes: BESW Schemes: tel voicemail  Extras: Bundle[{android.telecom.extra.SUPPORTS_VIDEO_CALLING_FALLBACK=true}] GroupId: ***]: TSI.rPA@ABU
01-03 18:42:41.169  3530  3530 D Telephony: isEmergencyPreferredAccount: subId=-1, activeData=-1
01-03 18:42:41.169  3530  3530 D Telephony: isEmergencyPreferredAccount: Device does not require preference.
01-03 18:42:41.186  2907  3598 I ServiceManager: Waiting for service 'stats' on '/dev/binder'...
01-03 18:42:41.265  3530  3548 W System  : A resource failed to call end. 
01-03 18:42:41.265  3530  3548 W System  : A resource failed to call end. 
01-03 18:42:41.286  2907  3598 I ServiceManager: Waiting for service 'stats' on '/dev/binder'...
01-03 18:42:41.326  3266  3266 I Choreographer: Skipped 34 frames!  The application may be doing too much work on its main thread.
01-03 18:42:41.328  3084  3752 E WindowManager: Window Session Crash
01-03 18:42:41.328  3084  3752 E WindowManager: java.lang.IllegalArgumentException: Requested window null does not exist
01-03 18:42:41.328  3084  3752 E WindowManager: 	at com.android.server.wm.WindowManagerService.windowForClientLocked(WindowManagerService.java:5449)
01-03 18:42:41.328  3084  3752 E WindowManager: 	at com.android.server.wm.Session.actionOnWallpaper(Session.java:356)
01-03 18:42:41.328  3084  3752 E WindowManager: 	at com.android.server.wm.Session.setWallpaperZoomOut(Session.java:382)
01-03 18:42:41.328  3084  3752 E WindowManager: 	at android.view.IWindowSession$Stub.onTransact(IWindowSession.java:1154)
01-03 18:42:41.328  3084  3752 E WindowManager: 	at com.android.server.wm.Session.onTransact(Session.java:139)
01-03 18:42:41.328  3084  3752 E WindowManager: 	at android.os.Binder.execTransactInternal(Binder.java:1159)
01-03 18:42:41.328  3084  3752 E WindowManager: 	at android.os.Binder.execTransact(Binder.java:1123)
01-03 18:42:41.328  3084  3752 I chatty  : uid=1000(system) Binder:3084_A expire 1 line
01-03 18:42:41.329  3084  3108 I DropBoxManagerService: add tag=system_server_wtf isTagEnabled=true flags=0x2
01-03 18:42:41.387  2907  3598 I ServiceManager: Waiting for service 'stats' on '/dev/binder'...
01-03 18:42:41.487  2907  3598 I ServiceManager: Waiting for service 'stats' on '/dev/binder'...
01-03 18:42:41.492  3084  3095 I chatty  : uid=1000(system) FinalizerDaemon expire 2 lines
01-03 18:42:41.493  3266  3761 D mali_winsys: EGLint new_window_surface(egl_winsys_display *, void *, EGLSurface, EGLConfig, egl_winsys_surface **, EGLBoolean) returns 0x3000,  [720x1280]-format:1
01-03 18:42:41.518  3266  3761 I OpenGLRenderer: Davey! duration=769ms; Flags=1, IntendedVsync=20149965534, Vsync=20726236702, OldestInputEvent=9223372036854775807, NewestInputEvent=0, HandleInputStart=20727724638, AnimationStart=20727726446, PerformTraversalsStart=20728028754, DrawStart=20910448600, SyncQueued=20910751638, SyncStart=20911087023, IssueDrawCommandsStart=20911142869, SwapBuffers=20917684177, FrameCompleted=20919423484, DequeueBufferDuration=95231, QueueBufferDuration=265115, GpuCompleted=7714666296753476144, 
01-03 18:42:41.535  3266  3761 D mali_winsys: EGLint new_window_surface(egl_winsys_display *, void *, EGLSurface, EGLConfig, egl_winsys_surface **, EGLBoolean) returns 0x3000,  [720x48]-format:1
01-03 18:42:41.554  3266  3761 I OpenGLRenderer: Davey! duration=804ms; Flags=1, IntendedVsync=20149965534, Vsync=20726236702, OldestInputEvent=9223372036854775807, NewestInputEvent=0, HandleInputStart=20727724638, AnimationStart=20727726446, PerformTraversalsStart=20728028754, DrawStart=20938033177, SyncQueued=20939841677, SyncStart=20940491484, IssueDrawCommandsStart=20940596792, SwapBuffers=20953878561, FrameCompleted=20955215254, DequeueBufferDuration=73462, QueueBufferDuration=253346, GpuCompleted=0, 
01-03 18:42:41.556  3084  3752 V WindowManager: Orientation start waiting for draw, mDrawState=DRAW_PENDING in Window{39a5588 u0 NotificationShade}, surfaceController Surface(name=NotificationShade)/@0x50edbaa
01-03 18:42:41.563  3084  3103 V WindowManager: Orientation start waiting for draw, mDrawState=DRAW_PENDING in Window{6f1a259 u0 com.android.systemui.ImageWallpaper}, surfaceController Surface(name=com.android.systemui.ImageWallpaper)/@0x5d84f11
01-03 18:42:41.565  3266  3266 W AudioManager: attempt to call registerAudioRecordingCallback() on a previouslyregistered callback
01-03 18:42:41.566  3266  3266 V ShadeControllerImpl: NotificationShadeWindow: com.android.systemui.statusbar.phone.NotificationShadeWindowView{6ecbb8e V.E...... .......D 0,0-720,1280} canPanelBeCollapsed(): false
01-03 18:42:41.568  3266  3266 D KeyguardViewMediator: onSystemReady
01-03 18:42:41.569  3266  3266 D KeyguardViewMediator: doKeyguard: showing the lock screen
01-03 18:42:41.569  3266  3266 D KeyguardViewMediator: showLocked
01-03 18:42:41.571  3266  3266 D KeyguardViewMediator: adjustStatusBarLocked: mShowing=true mOccluded=false isSecure=false force=false --> flags=0x1200000
01-03 18:42:41.572  3266  3266 D KeyguardViewMediator: handleNotifyWakingUp
01-03 18:42:41.577  3266  3266 D KeyguardViewMediator: handleNotifyScreenTurningOn
01-03 18:42:41.578  3084  3103 V WindowManager: Orientation start waiting for draw, mDrawState=DRAW_PENDING in Window{39a5588 u0 NotificationShade}, surfaceController Surface(name=NotificationShade)/@0x50edbaa
01-03 18:42:41.584  3266  3266 D KeyguardViewMediator: handleNotifyScreenTurnedOn
01-03 18:42:41.588  2907  3598 I ServiceManager: Waiting for service 'stats' on '/dev/binder'...
01-03 18:42:41.621  3266  3266 W KeyguardUpdateMonitor: invalid subId in handleServiceStateChange()
01-03 18:42:41.654  3266  3266 D KeyguardViewMediator: handleShow
01-03 18:42:41.660  3266  3266 D StatusBar: updateQsExpansionEnabled - QS Expand enabled: true
01-03 18:42:41.672  3266  3266 E KeyguardBouncer: onFullyShown when view was null
01-03 18:42:41.675  3084  3810 I DropBoxManagerService: add tag=system_app_wtf isTagEnabled=true flags=0x2
01-03 18:42:41.678  3266  3266 D KeyguardUpdateMonitor: onKeyguardVisibilityChanged(true)
01-03 18:42:41.688  2907  3598 I ServiceManager: Waiting for service 'stats' on '/dev/binder'...
01-03 18:42:41.691  3266  3266 D NavigationModeController: getCurrentInteractionMode: mode=0 contextUser=0
01-03 18:42:41.719  3266  3266 D KeyguardViewMediator: adjustStatusBarLocked: mShowing=true mOccluded=false isSecure=false force=false --> flags=0x1200000
01-03 18:42:41.731  3266  3266 D KeyguardViewMediator: adjustStatusBarLocked: mShowing=true mOccluded=false isSecure=false force=false --> flags=0x1200000
01-03 18:42:41.735  3266  3266 W KeyguardUpdateMonitor: invalid subId in handleServiceStateChange()
01-03 18:42:41.778  3266  3266 W View    : requestLayout() improperly called by com.android.keyguard.CarrierText{3dd6cbf V.ED..... ..S...ID 32,0-640,80 #7f0a028a app:id/keyguard_carrier_text} during layout: running second layout pass
01-03 18:42:41.789  2907  3598 I ServiceManager: Waiting for service 'stats' on '/dev/binder'...
01-03 18:42:41.809  2898  2898 I HwBinder:2898_1: type=1400 audit(0.0:536): avc: denied { search } for name="/" dev="mmcblk0p3" ino=2 scontext=u:r:hal_sensors_default:s0 tcontext=u:object_r:efs_file:s0 tclass=dir permissive=1
01-03 18:42:41.809  2898  2898 I HwBinder:2898_1: type=1400 audit(0.0:536): avc: denied { search } for name="FactoryApp" dev="mmcblk0p3" ino=25 scontext=u:r:hal_sensors_default:s0 tcontext=u:object_r:app_efs_file:s0 tclass=dir permissive=1
01-03 18:42:41.809  2898  2898 W HwBinder:2898_1: type=1300 audit(0.0:536): arch=40000028 syscall=4 per=8 success=yes exit=2 a0=19 a1=e857ad90 a2=2 a3=15 items=0 ppid=1 auid=4294967295 uid=1000 gid=1000 euid=1000 suid=1000 fsuid=1000 egid=1000 sgid=1000 fsgid=1000 tty=(none) ses=4294967295 exe="/vendor/bin/hw/android.hardware.sensors@1.0-service" subj=u:r:hal_sensors_default:s0 key=(null)
01-03 18:42:41.809  2770  2770 W auditd  : type=1327 audit(0.0:536): proctitle="/vendor/bin/hw/android.hardware.sensors@1.0-service"
01-03 18:42:41.809  2770  2770 W auditd  : type=1320 audit(0.0:536): 
01-03 18:42:41.821  2898  2928 I Sensors : AccSensor period = 66667000 timeout = 0
01-03 18:42:41.821  2898  2928 D Sensors : activate handle 1, index 0
01-03 18:42:41.822  2898  2928 I Sensors : AccSensor old sensor_state 0, new sensor_state : 2 en : 1
01-03 18:42:41.834  2898  2928 D Sensors : mSensors[0]->enable err 0
01-03 18:42:41.889  2907  3598 I ServiceManager: Waiting for service 'stats' on '/dev/binder'...
01-03 18:42:41.989  2907  3598 I ServiceManager: Waiting for service 'stats' on '/dev/binder'...
01-03 18:42:42.010  2956  2956 I adbd    : UsbFfs: already offline
01-03 18:42:42.010  2956  2956 I adbd    : Calling send_auth_request...
01-03 18:42:42.014  2956  2956 I adbd    : adbd_auth: loading keys from /data/misc/adb/adb_keys
01-03 18:42:42.016  2956  2956 I adbd    : adb client authorized
01-03 18:42:42.090  2907  3598 I ServiceManager: Waiting for service 'stats' on '/dev/binder'...
01-03 18:42:42.190  2907  3598 I ServiceManager: Waiting for service 'stats' on '/dev/binder'...
01-03 18:42:42.291  2907  3598 I ServiceManager: Waiting for service 'stats' on '/dev/binder'...
01-03 18:42:42.391  2907  3598 I ServiceManager: Waiting for service 'stats' on '/dev/binder'...
01-03 18:42:42.492  2907  3598 I ServiceManager: Waiting for service 'stats' on '/dev/binder'...
01-03 18:42:42.592  2907  3598 I ServiceManager: Waiting for service 'stats' on '/dev/binder'...
01-03 18:42:42.658  3266  3651 W libEGL  : EGLNativeWindowType 0x7a0d8634c0 disconnect failed
01-03 18:42:42.675  3493  3493 D CdmaServiceCategoryProgramHandler: Idle: release wakelock
01-03 18:42:42.676  3493  3493 D CellBroadcastHandler: Idle: release wakelock
01-03 18:42:42.677  3493  3493 D GsmCellBroadcastHandler: Idle: release wakelock
01-03 18:42:42.692  2907  3598 I ServiceManager: Waiting for service 'stats' on '/dev/binder'...
01-03 18:42:42.727  3084  3814 I chatty  : uid=1000 system_server expire 10 lines
01-03 18:42:42.728  3084  3107 E KernelCpuThreadReader: Failed to initialize KernelCpuThreadReader
01-03 18:42:42.728  3084  3107 E KernelCpuThreadReader: java.nio.file.NoSuchFileException: /proc/self/time_in_state
01-03 18:42:42.728  3084  3107 E KernelCpuThreadReader: 	at sun.nio.fs.UnixFileSystemProvider.newByteChannel(UnixFileSystemProvider.java:214)
01-03 18:42:42.728  3084  3107 E KernelCpuThreadReader: 	at java.nio.file.Files.newByteChannel(Files.java:361)
01-03 18:42:42.728  3084  3107 E KernelCpuThreadReader: 	at java.nio.file.Files.newByteChannel(Files.java:407)
01-03 18:42:42.728  3084  3107 E KernelCpuThreadReader: 	at java.nio.file.Files.readAllBytes(Files.java:3152)
01-03 18:42:42.728  3084  3107 E KernelCpuThreadReader: 	at com.android.internal.os.ProcTimeInStateReader.initializeTimeInStateFormat(ProcTimeInStateReader.java:163)
01-03 18:42:42.728  3084  3107 E KernelCpuThreadReader: 	at com.android.internal.os.ProcTimeInStateReader.<init>(ProcTimeInStateReader.java:110)
01-03 18:42:42.728  3084  3107 E KernelCpuThreadReader: 	at com.android.internal.os.KernelCpuThreadReader.<init>(KernelCpuThreadReader.java:138)
01-03 18:42:42.728  3084  3107 E KernelCpuThreadReader: 	at com.android.internal.os.KernelCpuThreadReader.create(KernelCpuThreadReader.java:151)
01-03 18:42:42.728  3084  3107 E KernelCpuThreadReader: 	at com.android.internal.os.KernelCpuThreadReaderSettingsObserver.<init>(KernelCpuThreadReaderSettingsObserver.java:95)
01-03 18:42:42.728  3084  3107 E KernelCpuThreadReader: 	at com.android.internal.os.KernelCpuThreadReaderSettingsObserver.getSettingsModifiedReader(KernelCpuThreadReaderSettingsObserver.java:80)
01-03 18:42:42.728  3084  3107 E KernelCpuThreadReader: 	at com.android.server.stats.pull.StatsPullAtomService.initializePullersState(StatsPullAtomService.java:729)
01-03 18:42:42.728  3084  3107 E KernelCpuThreadReader: 	at com.android.server.stats.pull.StatsPullAtomService.lambda$onBootPhase$0$StatsPullAtomService(StatsPullAtomService.java:676)
01-03 18:42:42.728  3084  3107 E KernelCpuThreadReader: 	at com.android.server.stats.pull.-$$Lambda$StatsPullAtomService$DD__7RQZDPvJeL9pnb_7J1voUNE.run(Unknown Source:2)
01-03 18:42:42.728  3084  3107 E KernelCpuThreadReader: 	at android.os.Handler.handleCallback(Handler.java:938)
01-03 18:42:42.728  3084  3107 E KernelCpuThreadReader: 	at android.os.Handler.dispatchMessage(Handler.java:99)
01-03 18:42:42.728  3084  3107 E KernelCpuThreadReader: 	at android.os.Looper.loop(Looper.java:223)
01-03 18:42:42.728  3084  3107 E KernelCpuThreadReader: 	at android.os.HandlerThread.run(HandlerThread.java:67)
01-03 18:42:42.729  3084  3107 I chatty  : uid=1000(system) android.bg expire 15 lines
01-03 18:42:42.731  3084  3107 I HealthServiceWrapper: health: HealthServiceWrapper listening to instance default
01-03 18:42:42.732  3084  3107 D StatsPullAtomService: Registering pullers with statsd
01-03 18:42:42.732  3084  3815 I chatty  : uid=1000(system) HealthServiceHw expire 1 line
01-03 18:42:42.736  3084  3178 D ConnectivityService: NetReassign [no changes]
01-03 18:42:42.737  3084  3107 I StatsPullAtomService: register thermal listener successfully
01-03 18:42:42.742  3084  3107 I PackageWatchdog: Saving observer state to file
01-03 18:42:42.746  3084  3107 D StatsPullAtomService: Registering NetworkStats pullers with statsd
01-03 18:42:42.793  2907  3598 I ServiceManager: Waiting for service 'stats' on '/dev/binder'...
01-03 18:42:42.796  3084  3107 D CountryDetector: Using custom country detector class: com.android.server.location.ComprehensiveCountryDetector
01-03 18:42:42.849  2770  2770 W auditd  : type=1325 audit(0.0:537): table=filter family=2 entries=121
01-03 18:42:42.849  2770  2770 W auditd  : type=1320 audit(0.0:537): 
01-03 18:42:42.849  2770  2770 W auditd  : type=1325 audit(0.0:538): table=filter family=10 entries=132
01-03 18:42:42.849  2770  2770 W auditd  : type=1320 audit(0.0:538): 
01-03 18:42:42.869  2770  2770 W auditd  : type=1325 audit(0.0:539): table=filter family=2 entries=122
01-03 18:42:42.869  2770  2770 W auditd  : type=1320 audit(0.0:539): 
01-03 18:42:42.869  2770  2770 W auditd  : type=1325 audit(0.0:540): table=filter family=10 entries=133
01-03 18:42:42.869  2770  2770 W auditd  : type=1320 audit(0.0:540): 
01-03 18:42:42.879  2770  2770 W auditd  : type=1325 audit(0.0:541): table=filter family=2 entries=123
01-03 18:42:42.879  2770  2770 W auditd  : type=1320 audit(0.0:541): 
01-03 18:42:42.879  2770  2770 W auditd  : type=1325 audit(0.0:542): table=filter family=10 entries=134
01-03 18:42:42.879  2770  2770 W auditd  : type=1320 audit(0.0:542): 
01-03 18:42:42.889  2770  2770 W auditd  : type=1325 audit(0.0:543): table=filter family=2 entries=124
01-03 18:42:42.889  2770  2770 W auditd  : type=1320 audit(0.0:543): 
01-03 18:42:42.889  2770  2770 W auditd  : type=1325 audit(0.0:544): table=filter family=10 entries=135
01-03 18:42:42.889  2770  2770 W auditd  : type=1320 audit(0.0:544): 
01-03 18:42:42.893  2907  3598 I ServiceManager: Waiting for service 'stats' on '/dev/binder'...
01-03 18:42:42.994  2907  3598 I ServiceManager: Waiting for service 'stats' on '/dev/binder'...
01-03 18:42:43.094  2907  3598 I ServiceManager: Waiting for service 'stats' on '/dev/binder'...
01-03 18:42:43.195  2907  3598 I ServiceManager: Waiting for service 'stats' on '/dev/binder'...
01-03 18:42:43.295  2907  3598 I ServiceManager: Waiting for service 'stats' on '/dev/binder'...
01-03 18:42:43.396  2907  3598 I ServiceManager: Waiting for service 'stats' on '/dev/binder'...
01-03 18:42:43.496  2907  3598 I ServiceManager: Waiting for service 'stats' on '/dev/binder'...
01-03 18:42:43.596  2907  3598 I ServiceManager: Waiting for service 'stats' on '/dev/binder'...
01-03 18:42:43.696  2910  3121 I chatty  : uid=1000(system) Binder:2910_3 expire 3 lines
01-03 18:42:43.696  3066  3069 W libEGL  : EGLNativeWindowType 0x7cb5b23650 disconnect failed
01-03 18:42:43.697  3066  3066 D BootAnimation: BootAnimationStopTiming start time: 23098ms
01-03 18:42:43.697  2907  3598 I ServiceManager: Waiting for service 'stats' on '/dev/binder'...
01-03 18:42:43.797  2907  3598 I ServiceManager: Waiting for service 'stats' on '/dev/binder'...
01-03 18:42:43.898  2907  3598 I ServiceManager: Waiting for service 'stats' on '/dev/binder'...
01-03 18:42:43.949  2770  2770 W auditd  : type=1325 audit(0.0:545): table=filter family=2 entries=125
01-03 18:42:43.949  2770  2770 W auditd  : type=1320 audit(0.0:545): 
01-03 18:42:43.957  3084  3102 I WindowManager: ******* TELLING SURFACE FLINGER WE ARE BOOTED!
01-03 18:42:43.959  2770  2770 W auditd  : type=1325 audit(0.0:546): table=filter family=10 entries=136
01-03 18:42:43.959  2770  2770 W auditd  : type=1320 audit(0.0:546): 
01-03 18:42:43.959  2770  2770 W auditd  : type=1325 audit(0.0:547): table=filter family=2 entries=117
01-03 18:42:43.959  2770  2770 W auditd  : type=1320 audit(0.0:547): 
01-03 18:42:43.959  2770  2770 W auditd  : type=1325 audit(0.0:548): table=filter family=10 entries=128
01-03 18:42:43.959  2770  2770 W auditd  : type=1320 audit(0.0:548): 
01-03 18:42:43.959  2910  3818 I chatty  : uid=1000(system) Binder:2910_3 expire 2 lines
01-03 18:42:43.960  2910  2910 I chatty  : uid=1000(system) /system/bin/surfaceflinger expire 1 line
01-03 18:42:43.960  3084  3102 I ActivityManagerTiming: FinishBooting
01-03 18:42:43.961  3084  3102 I ActivityManager: About to commit checkpoint
01-03 18:42:43.962  3084  3102 I SystemServiceManager: Starting phase 1000
01-03 18:42:43.962  3084  3102 I ActivityManagerTiming: OnBootPhase_1000
01-03 18:42:43.962  3084  3102 I ActivityManagerTiming: OnBootPhase_1000_com.android.server.security.FileIntegrityService
01-03 18:42:43.962  3084  3102 I ActivityManagerTiming: OnBootPhase_1000_com.android.server.pm.Installer
01-03 18:42:43.962  3084  3102 I ActivityManagerTiming: OnBootPhase_1000_com.android.server.os.DeviceIdentifiersPolicyService
01-03 18:42:43.962  3084  3102 I ActivityManagerTiming: OnBootPhase_1000_com.android.server.uri.UriGrantsManagerService$Lifecycle
01-03 18:42:43.962  3084  3102 I ActivityManagerTiming: OnBootPhase_1000_com.android.server.wm.ActivityTaskManagerService$Lifecycle
01-03 18:42:43.962  3084  3102 I ActivityManagerTiming: OnBootPhase_1000_com.android.server.am.ActivityManagerService$Lifecycle
01-03 18:42:43.962  3084  3102 I ActivityManagerTiming: OnBootPhase_1000_com.android.server.pm.DataLoaderManagerService
01-03 18:42:43.962  3084  3102 I ActivityManagerTiming: OnBootPhase_1000_com.android.server.power.PowerManagerService
01-03 18:42:43.962  3084  3102 I ActivityManagerTiming: OnBootPhase_1000_com.android.server.power.ThermalManagerService
01-03 18:42:43.962  3084  3102 I ActivityManagerTiming: OnBootPhase_1000_com.android.server.recoverysystem.RecoverySystemService$Lifecycle
01-03 18:42:43.962  3084  3102 I ActivityManagerTiming: OnBootPhase_1000_com.android.server.lights.LightsService
01-03 18:42:43.962  3084  3102 I ActivityManagerTiming: OnBootPhase_1000_com.android.server.display.DisplayManagerService
01-03 18:42:43.962  3084  3102 I ActivityManagerTiming: OnBootPhase_1000_com.android.server.pm.UserManagerService$LifeCycle
01-03 18:42:43.962  3084  3102 I ActivityManagerTiming: OnBootPhase_1000_com.android.server.om.OverlayManagerService
01-03 18:42:43.962  3084  3102 I ActivityManagerTiming: OnBootPhase_1000_com.android.server.SensorPrivacyService
01-03 18:42:43.962  3084  3102 I ActivityManagerTiming: OnBootPhase_1000_com.android.server.SystemConfigService
01-03 18:42:43.962  3084  3102 I ActivityManagerTiming: OnBootPhase_1000_com.android.server.BatteryService
01-03 18:42:43.964  2898  2898 I Sensors : LightSensor period = 200000000 timeout = 0
01-03 18:42:43.965  2898  2898 D Sensors : activate handle 5, index 7
01-03 18:42:43.965  2898  2898 I Sensors : LightSensor old sensor_state 2, new sensor_state : 34 en : 1
01-03 18:42:43.966  3084  3102 I ActivityManagerTiming: OnBootPhase_1000_com.android.server.usage.UsageStatsService
01-03 18:42:43.966  3084  3102 I ActivityManagerTiming: OnBootPhase_1000_com.android.server.webkit.WebViewUpdateService
01-03 18:42:43.966  3084  3102 I ActivityManagerTiming: OnBootPhase_1000_com.android.server.CachedDeviceStateService
01-03 18:42:43.966  3084  3102 I ActivityManagerTiming: OnBootPhase_1000_com.android.server.BinderCallsStatsService$LifeCycle
01-03 18:42:43.966  3084  3102 I ActivityManagerTiming: OnBootPhase_1000_com.android.server.LooperStatsService$Lifecycle
01-03 18:42:43.966  3084  3102 I ActivityManagerTiming: OnBootPhase_1000_com.android.server.rollback.RollbackManagerService
01-03 18:42:43.966  3084  3102 I ActivityManagerTiming: OnBootPhase_1000_com.android.server.os.BugreportManagerService
01-03 18:42:43.966  3084  3102 I ActivityManagerTiming: OnBootPhase_1000_com.android.server.gpu.GpuService
01-03 18:42:43.967  3084  3102 I ActivityManagerTiming: OnBootPhase_1000_com.android.server.security.KeyChainSystemService
01-03 18:42:43.967  3084  3102 I ActivityManagerTiming: OnBootPhase_1000_com.android.server.telecom.TelecomLoaderService
01-03 18:42:43.967  3084  3102 I ActivityManagerTiming: OnBootPhase_1000_com.android.server.accounts.AccountManagerService$Lifecycle
01-03 18:42:43.967  3084  3102 I ActivityManagerTiming: OnBootPhase_1000_com.android.server.content.ContentService$Lifecycle
01-03 18:42:43.967  3084  3102 I ActivityManagerTiming: OnBootPhase_1000_com.android.server.DropBoxManagerService
01-03 18:42:43.967  3084  3102 I ActivityManagerTiming: OnBootPhase_1000_com.android.server.AlarmManagerService
01-03 18:42:43.967  3084  3102 I ActivityManagerTiming: OnBootPhase_1000_com.android.server.BluetoothService
01-03 18:42:43.967  3084  3102 I ActivityManagerTiming: OnBootPhase_1000_com.android.server.connectivity.IpConnectivityMetrics
01-03 18:42:43.967  3084  3102 I ActivityManagerTiming: OnBootPhase_1000_com.android.server.net.watchlist.NetworkWatchlistService$Lifecycle
01-03 18:42:43.967  3084  3102 I ActivityManagerTiming: OnBootPhase_1000_com.android.server.PinnerService
01-03 18:42:43.967  3084  3102 I ActivityManagerTiming: OnBootPhase_1000_com.google.android.startop.iorap.IorapForwardingService
01-03 18:42:43.967  3084  3102 I ActivityManagerTiming: OnBootPhase_1000_com.android.server.wm.AppLockService
01-03 18:42:43.967  3084  3102 I ActivityManagerTiming: OnBootPhase_1000_com.android.server.integrity.AppIntegrityManagerService
01-03 18:42:43.967  3084  3102 I ActivityManagerTiming: OnBootPhase_1000_com.android.server.inputmethod.InputMethodManagerService$Lifecycle
01-03 18:42:43.967  3084  3102 I ActivityManagerTiming: OnBootPhase_1000_com.android.server.accessibility.AccessibilityManagerService$Lifecycle
01-03 18:42:43.967  3084  3102 I ActivityManagerTiming: OnBootPhase_1000_com.android.server.StorageManagerService$Lifecycle
01-03 18:42:43.967  3084  3153 D RollbackManager: mRollbackLifetimeDurationInMillis=1209600000
01-03 18:42:43.967  3084  3102 D StorageManagerService: FUSE flags. Settings: true. Default: true
01-03 18:42:43.967  3084  3166 D StorageManagerService: Thinking about init, mBootCompleted=true, mDaemonConnected=true
01-03 18:42:43.967  3084  3102 I ActivityManagerTiming: OnBootPhase_1000_com.android.server.usage.StorageStatsService$Lifecycle
01-03 18:42:43.967  3084  3166 D StorageManagerService: Setting up emulation state, initlocked=false
01-03 18:42:43.967  3084  3102 I ActivityManagerTiming: OnBootPhase_1000_com.android.server.UiModeManagerService
01-03 18:42:43.967  3084  3102 I ActivityManagerTiming: OnBootPhase_1000_com.android.server.locksettings.LockSettingsService$Lifecycle
01-03 18:42:43.967  3084  3102 I ActivityManagerTiming: OnBootPhase_1000_com.android.server.testharness.TestHarnessModeService
01-03 18:42:43.967  3084  3102 D TestHarnessModeService: Completing Test Harness Mode setup.
01-03 18:42:43.967  3084  3102 D TestHarnessModeService: Getting PersistentDataBlockManagerInternal from LocalServices
01-03 18:42:43.967  3084  3102 E TestHarnessModeService: Failed to start Test Harness Mode; no implementation of PersistentDataBlockManagerInternal was bound!
01-03 18:42:43.967  3084  3102 I ActivityManagerTiming: OnBootPhase_1000_com.android.server.DeviceIdleController
01-03 18:42:43.967  2771  2771 D vold    : fscrypt_unlock_user_key 0 serial=0 token_present=0
01-03 18:42:43.967  3084  3102 I ActivityManagerTiming: OnBootPhase_1000_com.android.server.devicepolicy.DevicePolicyManagerService$Lifecycle
01-03 18:42:43.967  3084  3102 I ActivityManagerTiming: OnBootPhase_1000_com.android.server.textservices.TextServicesManagerService$Lifecycle
01-03 18:42:43.967  3084  3102 I ActivityManagerTiming: OnBootPhase_1000_com.android.server.textclassifier.TextClassificationManagerService$Lifecycle
01-03 18:42:43.968  3084  3102 I ActivityManagerTiming: OnBootPhase_1000_com.android.server.NetworkScoreService$Lifecycle
01-03 18:42:43.968  3084  3102 I ActivityManagerTiming: OnBootPhase_1000_com.android.server.wifi.WifiService
01-03 18:42:43.968  3084  3102 I ActivityManagerTiming: OnBootPhase_1000_com.android.server.wifi.scanner.WifiScanningService
01-03 18:42:43.968  3084  3102 I ActivityManagerTiming: OnBootPhase_1000_com.android.server.wifi.p2p.WifiP2pService
01-03 18:42:43.968  3084  3102 I ActivityManagerTiming: OnBootPhase_1000_com.android.server.ethernet.EthernetService
