01-03 18:42:37.816  3199  3199 I AudioFlinger: HAL output buffer size 960 frames, normal sink buffer size 960 frames
01-03 18:42:37.816  2762  2762 I hwservicemanager: getTransport: Cannot find entry android.hardware.audio.effect@6.0::IEffectsFactory/default in either framework or device manifest.
01-03 18:42:37.818  2881  2881 D libEGL  : loaded /vendor/lib/egl/libGLES_mali.so
01-03 18:42:37.820  3199  3199 I BufferProvider: found effect "Multichannel Downmix To Stereo" from The Android Open Source Project
01-03 18:42:37.821  3199  3199 E AudioFlinger: Failed to add event callback
01-03 18:42:37.821  3199  3224 I AudioFlinger: AudioFlinger's thread 0x77c9f3a040 tid=3224 ready to run
01-03 18:42:37.821  3199  3224 W AudioFlinger: no wake lock to update, system not ready yet
01-03 18:42:37.821  3199  3224 D AudioFlinger: ro.audio.silent is ignored since no output device is set
01-03 18:42:37.821  2762  2762 I hwservicemanager: getTransport: Cannot find entry android.hardware.weaver@1.0::IWeaver/default in either framework or device manifest.
01-03 18:42:37.821  3201  3207 I audio_hw_primary: do_out_standby +
01-03 18:42:37.821  3201  3207 I audio_hw_primary: do_out_standby -
01-03 18:42:37.821  3084  3084 I SyntheticPasswordManager: Device does not support weaver
01-03 18:42:37.822  2762  2762 I hwservicemanager: getTransport: Cannot find entry android.hardware.authsecret@1.0::IAuthSecret/default in either framework or device manifest.
01-03 18:42:37.823  3084  3084 I LockSettingsService: Device doesn't implement AuthSecret HAL
01-03 18:42:37.823  3199  3224 W AudioFlinger: no wake lock to update, system not ready yet
01-03 18:42:37.823  3199  3224 D AudioFlinger: ro.audio.silent is ignored since no output device is set
01-03 18:42:37.826  3084  3084 I SystemServerTiming: StartBootPhaseLockSettingsReady
01-03 18:42:37.826  3084  3084 I SystemServiceManager: Starting phase 480
01-03 18:42:37.826  3084  3084 I SystemServerTiming: OnBootPhase_480
01-03 18:42:37.826  3084  3084 I SystemServerTiming: OnBootPhase_480_com.android.server.security.FileIntegrityService
01-03 18:42:37.826  3084  3084 I SystemServerTiming: OnBootPhase_480_com.android.server.pm.Installer
01-03 18:42:37.826  3084  3084 I SystemServerTiming: OnBootPhase_480_com.android.server.os.DeviceIdentifiersPolicyService
01-03 18:42:37.826  3084  3084 I SystemServerTiming: OnBootPhase_480_com.android.server.uri.UriGrantsManagerService$Lifecycle
01-03 18:42:37.826  3084  3084 I SystemServerTiming: OnBootPhase_480_com.android.server.wm.ActivityTaskManagerService$Lifecycle
01-03 18:42:37.826  3084  3084 I SystemServerTiming: OnBootPhase_480_com.android.server.am.ActivityManagerService$Lifecycle
01-03 18:42:37.826  3084  3084 I SystemServerTiming: OnBootPhase_480_com.android.server.pm.DataLoaderManagerService
01-03 18:42:37.826  3084  3084 I SystemServerTiming: OnBootPhase_480_com.android.server.power.PowerManagerService
01-03 18:42:37.826  3084  3084 I SystemServerTiming: OnBootPhase_480_com.android.server.power.ThermalManagerService
01-03 18:42:37.826  3084  3084 I SystemServerTiming: OnBootPhase_480_com.android.server.recoverysystem.RecoverySystemService$Lifecycle
01-03 18:42:37.826  3084  3084 I SystemServerTiming: OnBootPhase_480_com.android.server.lights.LightsService
01-03 18:42:37.826  3084  3084 I SystemServerTiming: OnBootPhase_480_com.android.server.display.DisplayManagerService
01-03 18:42:37.826  3084  3084 I SystemServerTiming: OnBootPhase_480_com.android.server.pm.UserManagerService$LifeCycle
01-03 18:42:37.826  3084  3084 I SystemServerTiming: OnBootPhase_480_com.android.server.om.OverlayManagerService
01-03 18:42:37.826  3084  3084 I SystemServerTiming: OnBootPhase_480_com.android.server.SensorPrivacyService
01-03 18:42:37.826  3084  3084 I SystemServerTiming: OnBootPhase_480_com.android.server.SystemConfigService
01-03 18:42:37.826  3084  3084 I SystemServerTiming: OnBootPhase_480_com.android.server.BatteryService
01-03 18:42:37.826  3084  3084 I SystemServerTiming: OnBootPhase_480_com.android.server.usage.UsageStatsService
01-03 18:42:37.826  3084  3084 I SystemServerTiming: OnBootPhase_480_com.android.server.webkit.WebViewUpdateService
01-03 18:42:37.826  3084  3084 I SystemServerTiming: OnBootPhase_480_com.android.server.CachedDeviceStateService
01-03 18:42:37.826  3084  3084 I SystemServerTiming: OnBootPhase_480_com.android.server.BinderCallsStatsService$LifeCycle
01-03 18:42:37.827  3084  3084 I SystemServerTiming: OnBootPhase_480_com.android.server.LooperStatsService$Lifecycle
01-03 18:42:37.827  3084  3084 I SystemServerTiming: OnBootPhase_480_com.android.server.rollback.RollbackManagerService
01-03 18:42:37.827  3084  3084 I SystemServerTiming: OnBootPhase_480_com.android.server.os.BugreportManagerService
01-03 18:42:37.827  3084  3084 I SystemServerTiming: OnBootPhase_480_com.android.server.gpu.GpuService
01-03 18:42:37.827  3084  3084 I SystemServerTiming: OnBootPhase_480_com.android.server.security.KeyChainSystemService
01-03 18:42:37.827  3084  3084 I SystemServerTiming: OnBootPhase_480_com.android.server.telecom.TelecomLoaderService
01-03 18:42:37.827  3084  3084 I SystemServerTiming: OnBootPhase_480_com.android.server.accounts.AccountManagerService$Lifecycle
01-03 18:42:37.827  3084  3084 I SystemServerTiming: OnBootPhase_480_com.android.server.content.ContentService$Lifecycle
01-03 18:42:37.827  3084  3084 I SystemServerTiming: OnBootPhase_480_com.android.server.DropBoxManagerService
01-03 18:42:37.827  3084  3084 I SystemServerTiming: OnBootPhase_480_com.android.server.AlarmManagerService
01-03 18:42:37.827  3084  3084 I SystemServerTiming: OnBootPhase_480_com.android.server.BluetoothService
01-03 18:42:37.827  3084  3084 I SystemServerTiming: OnBootPhase_480_com.android.server.connectivity.IpConnectivityMetrics
01-03 18:42:37.827  3084  3084 I SystemServerTiming: OnBootPhase_480_com.android.server.net.watchlist.NetworkWatchlistService$Lifecycle
01-03 18:42:37.827  3084  3084 I SystemServerTiming: OnBootPhase_480_com.android.server.PinnerService
01-03 18:42:37.827  3084  3084 I SystemServerTiming: OnBootPhase_480_com.google.android.startop.iorap.IorapForwardingService
01-03 18:42:37.827  3084  3084 I SystemServerTiming: OnBootPhase_480_com.android.server.wm.AppLockService
01-03 18:42:37.827  3084  3084 I SystemServerTiming: OnBootPhase_480_com.android.server.integrity.AppIntegrityManagerService
01-03 18:42:37.827  3084  3084 I SystemServerTiming: OnBootPhase_480_com.android.server.inputmethod.InputMethodManagerService$Lifecycle
01-03 18:42:37.827  3084  3084 I SystemServerTiming: OnBootPhase_480_com.android.server.accessibility.AccessibilityManagerService$Lifecycle
01-03 18:42:37.827  3084  3084 I SystemServerTiming: OnBootPhase_480_com.android.server.StorageManagerService$Lifecycle
01-03 18:42:37.827  3084  3084 I SystemServerTiming: OnBootPhase_480_com.android.server.usage.StorageStatsService$Lifecycle
01-03 18:42:37.827  3084  3084 I SystemServerTiming: OnBootPhase_480_com.android.server.UiModeManagerService
01-03 18:42:37.827  3084  3084 I SystemServerTiming: OnBootPhase_480_com.android.server.locksettings.LockSettingsService$Lifecycle
01-03 18:42:37.827  3084  3084 I SystemServerTiming: OnBootPhase_480_com.android.server.testharness.TestHarnessModeService
01-03 18:42:37.827  3084  3084 I SystemServerTiming: OnBootPhase_480_com.android.server.DeviceIdleController
01-03 18:42:37.827  3084  3084 I SystemServerTiming: OnBootPhase_480_com.android.server.devicepolicy.DevicePolicyManagerService$Lifecycle
01-03 18:42:37.829  2770  2770 W auditd  : type=1327 audit(0.0:477): proctitle="/vendor/bin/hw/android.hardware.biometrics.fingerprint@2.1-service.samsung"
01-03 18:42:37.829  2770  2770 W auditd  : type=1320 audit(0.0:477): 
01-03 18:42:37.829  2770  2770 W auditd  : type=1327 audit(0.0:478): proctitle="/vendor/bin/hw/android.hardware.biometrics.fingerprint@2.1-service.samsung"
01-03 18:42:37.829  2770  2770 W auditd  : type=1320 audit(0.0:478): 
01-03 18:42:37.829  3199  3199 W AudioFlinger: moveEffects() bad srcOutput 0
01-03 18:42:37.829  3199  3199 W APM::AudioPolicyEngine: getDevicesForStrategy() unknown strategy: -1
01-03 18:42:37.832  3084  3084 I SystemServerTiming: OnBootPhase_480_com.android.server.textservices.TextServicesManagerService$Lifecycle
01-03 18:42:37.832  3084  3084 I SystemServerTiming: OnBootPhase_480_com.android.server.textclassifier.TextClassificationManagerService$Lifecycle
01-03 18:42:37.832  3084  3084 I SystemServerTiming: OnBootPhase_480_com.android.server.NetworkScoreService$Lifecycle
01-03 18:42:37.832  3084  3155 I SystemServerTimingAsync: InitThreadPoolExec:DevicePolicyManager
01-03 18:42:37.832  3084  3084 I SystemServerTiming: OnBootPhase_480_com.android.server.wifi.WifiService
01-03 18:42:37.832  3084  3084 I SystemServerTiming: OnBootPhase_480_com.android.server.wifi.scanner.WifiScanningService
01-03 18:42:37.832  3084  3084 I SystemServerTiming: OnBootPhase_480_com.android.server.wifi.p2p.WifiP2pService
01-03 18:42:37.832  3084  3084 I SystemServerTiming: OnBootPhase_480_com.android.server.ethernet.EthernetService
01-03 18:42:37.832  3084  3084 I SystemServerTiming: OnBootPhase_480_com.android.server.notification.NotificationManagerService
01-03 18:42:37.832  3084  3084 I SystemServerTiming: OnBootPhase_480_com.android.server.storage.DeviceStorageMonitorService
01-03 18:42:37.832  3084  3084 I SystemServerTiming: OnBootPhase_480_com.android.server.location.LocationManagerService$Lifecycle
01-03 18:42:37.832  3084  3084 I SystemServerTiming: OnBootPhase_480_com.android.server.timedetector.TimeDetectorService$Lifecycle
01-03 18:42:37.832  3084  3084 I SystemServerTiming: OnBootPhase_480_com.android.server.timezonedetector.TimeZoneDetectorService$Lifecycle
01-03 18:42:37.832  3084  3084 I SystemServerTiming: OnBootPhase_480_com.android.server.search.SearchManagerService$Lifecycle
01-03 18:42:37.832  3084  3084 I SystemServerTiming: OnBootPhase_480_com.android.server.wallpaper.WallpaperManagerService$Lifecycle
01-03 18:42:37.832  3084  3084 I SystemServerTiming: OnBootPhase_480_com.android.server.audio.AudioService$Lifecycle
01-03 18:42:37.832  3084  3084 I SystemServerTiming: OnBootPhase_480_com.android.server.soundtrigger_middleware.SoundTriggerMiddlewareService$Lifecycle
01-03 18:42:37.832  3084  3084 I SystemServerTiming: OnBootPhase_480_com.android.server.DockObserver
01-03 18:42:37.832  3084  3084 I SystemServerTiming: OnBootPhase_480_com.android.server.midi.MidiService$Lifecycle
01-03 18:42:37.832  3084  3084 I SystemServerTiming: OnBootPhase_480_com.android.server.adb.AdbService$Lifecycle
01-03 18:42:37.832  3084  3084 I SystemServerTiming: OnBootPhase_480_com.android.server.usb.UsbService$Lifecycle
01-03 18:42:37.833  3084  3084 I SystemServerTiming: OnBootPhase_480_com.android.server.twilight.TwilightService
01-03 18:42:37.833  3084  3084 I SystemServerTiming: OnBootPhase_480_com.android.server.display.color.ColorDisplayService
01-03 18:42:37.833  3084  3084 I SystemServerTiming: OnBootPhase_480_com.android.server.job.JobSchedulerService
01-03 18:42:37.833  3084  3084 I SystemServerTiming: OnBootPhase_480_com.android.server.soundtrigger.SoundTriggerService
01-03 18:42:37.833  3084  3084 D SoundTriggerService: onBootPhase: 480 : false
01-03 18:42:37.833  3084  3084 I SystemServerTiming: OnBootPhase_480_com.android.server.trust.TrustManagerService
01-03 18:42:37.833  3084  3084 I SystemServerTiming: OnBootPhase_480_com.android.server.backup.BackupManagerService$Lifecycle
01-03 18:42:37.833  3084  3084 I SystemServerTiming: OnBootPhase_480_com.android.server.appwidget.AppWidgetService
01-03 18:42:37.833  3084  3084 I SystemServerTiming: OnBootPhase_480_com.android.server.role.RoleManagerService
01-03 18:42:37.833  3084  3084 I SystemServerTiming: OnBootPhase_480_com.android.server.voiceinteraction.VoiceInteractionManagerService
01-03 18:42:37.833  3084  3084 I SystemServerTiming: OnBootPhase_480_com.android.server.GestureLauncherService
01-03 18:42:37.833  3084  3084 I SystemServerTiming: OnBootPhase_480_com.android.server.SensorNotificationService
01-03 18:42:37.833  3084  3084 I SystemServerTiming: OnBootPhase_480_com.android.server.emergency.EmergencyAffordanceService
01-03 18:42:37.833  3084  3084 I SystemServerTiming: OnBootPhase_480_com.android.server.dreams.DreamManagerService
01-03 18:42:37.833  3084  3084 I SystemServerTiming: OnBootPhase_480_com.android.server.print.PrintManagerService
01-03 18:42:37.833  3084  3084 I SystemServerTiming: OnBootPhase_480_com.android.server.companion.CompanionDeviceManagerService
01-03 18:42:37.833  3084  3084 I SystemServerTiming: OnBootPhase_480_com.android.server.restrictions.RestrictionsManagerService
01-03 18:42:37.833  3084  3084 I SystemServerTiming: OnBootPhase_480_com.android.server.media.MediaSessionService
01-03 18:42:37.833  3084  3084 I SystemServerTiming: OnBootPhase_480_com.android.server.blob.BlobStoreManagerService
01-03 18:42:37.833  3084  3084 I SystemServerTiming: OnBootPhase_480_com.android.server.media.MediaResourceMonitorService
01-03 18:42:37.833  3084  3084 I SystemServerTiming: OnBootPhase_480_com.android.server.biometrics.fingerprint.FingerprintService
01-03 18:42:37.833  3084  3084 I SystemServerTiming: OnBootPhase_480_com.android.server.biometrics.BiometricService
01-03 18:42:37.833  3084  3084 I SystemServerTiming: OnBootPhase_480_com.android.server.biometrics.AuthService
01-03 18:42:37.833  3084  3084 I SystemServerTiming: OnBootPhase_480_com.android.server.pm.ShortcutService$Lifecycle
01-03 18:42:37.834  3084  3084 I SystemServerTiming: OnBootPhase_480_com.android.server.pm.LauncherAppsService
01-03 18:42:37.834  3084  3084 I SystemServerTiming: OnBootPhase_480_com.android.server.pm.CrossProfileAppsService
01-03 18:42:37.834  3084  3084 I SystemServerTiming: OnBootPhase_480_com.android.server.people.PeopleService
01-03 18:42:37.834  3084  3084 I SystemServerTiming: OnBootPhase_480_com.android.server.media.projection.MediaProjectionManagerService
01-03 18:42:37.834  3084  3084 I SystemServerTiming: OnBootPhase_480_com.android.server.slice.SliceManagerService$Lifecycle
01-03 18:42:37.835  3084  3084 I SystemServerTiming: OnBootPhase_480_com.android.server.camera.CameraServiceProxy
01-03 18:42:37.835  3084  3084 I SystemServerTiming: OnBootPhase_480_com.android.server.stats.StatsCompanion$Lifecycle
01-03 18:42:37.835  3084  3084 I SystemServerTiming: OnBootPhase_480_com.android.server.stats.pull.StatsPullAtomService
01-03 18:42:37.835  3084  3084 I SystemServerTiming: OnBootPhase_480_com.android.server.incident.IncidentCompanionService
01-03 18:42:37.835  3084  3084 I SystemServerTiming: OnBootPhase_480_com.android.server.MmsServiceBroker
01-03 18:42:37.835  3084  3084 I SystemServerTiming: OnBootPhase_480_com.android.server.autofill.AutofillManagerService
01-03 18:42:37.835  3084  3084 I SystemServerTiming: OnBootPhase_480_com.android.server.clipboard.ClipboardService
01-03 18:42:37.835  3084  3084 I SystemServerTiming: OnBootPhase_480_com.android.server.appbinding.AppBindingService$Lifecycle
01-03 18:42:37.835  3084  3084 I SystemServerTiming: StartBootPhaseSystemServicesReady
01-03 18:42:37.835  3084  3084 I SystemServiceManager: Starting phase 500
01-03 18:42:37.835  3084  3084 I SystemServerTiming: OnBootPhase_500
01-03 18:42:37.835  3084  3084 I SystemServerTiming: OnBootPhase_500_com.android.server.security.FileIntegrityService
01-03 18:42:37.835  3084  3084 I SystemServerTiming: OnBootPhase_500_com.android.server.pm.Installer
01-03 18:42:37.835  3084  3084 I SystemServerTiming: OnBootPhase_500_com.android.server.os.DeviceIdentifiersPolicyService
01-03 18:42:37.835  3084  3084 I SystemServerTiming: OnBootPhase_500_com.android.server.uri.UriGrantsManagerService$Lifecycle
01-03 18:42:37.835  3084  3084 I SystemServerTiming: OnBootPhase_500_com.android.server.wm.ActivityTaskManagerService$Lifecycle
01-03 18:42:37.835  3084  3084 I SystemServerTiming: OnBootPhase_500_com.android.server.am.ActivityManagerService$Lifecycle
01-03 18:42:37.836  3084  3084 I SystemServerTiming: OnBootPhase_500_com.android.server.pm.DataLoaderManagerService
01-03 18:42:37.836  3084  3084 I SystemServerTiming: OnBootPhase_500_com.android.server.power.PowerManagerService
01-03 18:42:37.836  3084  3084 I SystemServerTiming: OnBootPhase_500_com.android.server.power.ThermalManagerService
01-03 18:42:37.836  3084  3084 I SystemServerTiming: OnBootPhase_500_com.android.server.recoverysystem.RecoverySystemService$Lifecycle
01-03 18:42:37.836  3084  3084 I SystemServerTiming: OnBootPhase_500_com.android.server.lights.LightsService
01-03 18:42:37.836  3084  3084 I SystemServerTiming: OnBootPhase_500_com.android.server.display.DisplayManagerService
01-03 18:42:37.836  3084  3084 I SystemServerTiming: OnBootPhase_500_com.android.server.pm.UserManagerService$LifeCycle
01-03 18:42:37.836  3084  3084 I SystemServerTiming: OnBootPhase_500_com.android.server.om.OverlayManagerService
01-03 18:42:37.836  3084  3084 I SystemServerTiming: OnBootPhase_500_com.android.server.SensorPrivacyService
01-03 18:42:37.836  3084  3084 I SystemServerTiming: OnBootPhase_500_com.android.server.SystemConfigService
01-03 18:42:37.836  3084  3084 I SystemServerTiming: OnBootPhase_500_com.android.server.BatteryService
01-03 18:42:37.836  3084  3084 I SystemServerTiming: OnBootPhase_500_com.android.server.usage.UsageStatsService
01-03 18:42:37.837  3084  3084 D AppStandbyController: Setting app idle enabled state
01-03 18:42:37.840  3084  3084 E HistoricalRegistry: Interaction before persistence initialized
01-03 18:42:37.840  3084  3084 I SystemServerTiming: OnBootPhase_500_com.android.server.webkit.WebViewUpdateService
01-03 18:42:37.840  3084  3084 I SystemServerTiming: OnBootPhase_500_com.android.server.CachedDeviceStateService
01-03 18:42:37.841  3084  3084 I SystemServerTiming: OnBootPhase_500_com.android.server.BinderCallsStatsService$LifeCycle
01-03 18:42:37.850  3084  3084 I SystemServerTiming: OnBootPhase_500_com.android.server.LooperStatsService$Lifecycle
01-03 18:42:37.850  3084  3084 I SystemServerTiming: OnBootPhase_500_com.android.server.rollback.RollbackManagerService
01-03 18:42:37.850  3084  3084 I SystemServerTiming: OnBootPhase_500_com.android.server.os.BugreportManagerService
01-03 18:42:37.850  3084  3084 I SystemServerTiming: OnBootPhase_500_com.android.server.gpu.GpuService
01-03 18:42:37.850  3084  3084 I SystemServerTiming: OnBootPhase_500_com.android.server.security.KeyChainSystemService
01-03 18:42:37.850  3084  3084 I SystemServerTiming: OnBootPhase_500_com.android.server.telecom.TelecomLoaderService
01-03 18:42:37.850  3084  3084 I SystemServerTiming: OnBootPhase_500_com.android.server.accounts.AccountManagerService$Lifecycle
01-03 18:42:37.850  3084  3084 I SystemServerTiming: OnBootPhase_500_com.android.server.content.ContentService$Lifecycle
01-03 18:42:37.850  3084  3084 I SystemServerTiming: OnBootPhase_500_com.android.server.DropBoxManagerService
01-03 18:42:37.851  3084  3084 I SystemServerTiming: OnBootPhase_500_com.android.server.AlarmManagerService
01-03 18:42:37.852  3084  3084 I SystemServerTiming: OnBootPhase_500_com.android.server.BluetoothService
01-03 18:42:37.852  3084  3084 I SystemServerTiming: OnBootPhase_500_com.android.server.connectivity.IpConnectivityMetrics
01-03 18:42:37.856  3084  3084 I SystemServerTiming: OnBootPhase_500_com.android.server.net.watchlist.NetworkWatchlistService$Lifecycle
01-03 18:42:37.856  3084  3084 I SystemServerTiming: OnBootPhase_500_com.android.server.PinnerService
01-03 18:42:37.857  3084  3084 I SystemServerTiming: OnBootPhase_500_com.google.android.startop.iorap.IorapForwardingService
01-03 18:42:37.857  3084  3084 I SystemServerTiming: OnBootPhase_500_com.android.server.wm.AppLockService
01-03 18:42:37.857  3084  3084 V AppLockService_AppLock: onBootPhase PHASE_SYSTEM_SERVICES_READY
01-03 18:42:37.857  3084  3084 I SystemServerTiming: OnBootPhase_500_com.android.server.integrity.AppIntegrityManagerService
01-03 18:42:37.857  3084  3084 I SystemServerTiming: OnBootPhase_500_com.android.server.inputmethod.InputMethodManagerService$Lifecycle
01-03 18:42:37.857  3084  3084 I SystemServerTiming: OnBootPhase_500_com.android.server.accessibility.AccessibilityManagerService$Lifecycle
01-03 18:42:37.857  3084  3084 I SystemServerTiming: OnBootPhase_500_com.android.server.StorageManagerService$Lifecycle
01-03 18:42:37.858  3084  3084 I SystemServerTiming: OnBootPhase_500_com.android.server.usage.StorageStatsService$Lifecycle
01-03 18:42:37.858  3084  3084 I SystemServerTiming: OnBootPhase_500_com.android.server.UiModeManagerService
01-03 18:42:37.861  3084  3084 I ActivityTaskManager: Config changes=200 {1.0 ?mcc?mnc [de_DE] ldltr sw360dp w360dp h616dp 320dpi nrml long port night finger -keyb/v/h -nav/h winConfig={ mBounds=Rect(0, 0 - 720, 1280) mAppBounds=Rect(0, 0 - 720, 1280) mWindowingMode=fullscreen mDisplayWindowingMode=fullscreen mActivityType=undefined mAlwaysOnTop=undefined mRotation=ROTATION_0} s.6}
01-03 18:42:37.866  3084  3084 I WindowManager: Override config changes=200 {1.0 ?mcc?mnc [de_DE] ldltr sw360dp w360dp h616dp 320dpi nrml long port night finger -keyb/v/h -nav/h winConfig={ mBounds=Rect(0, 0 - 720, 1280) mAppBounds=Rect(0, 0 - 720, 1280) mWindowingMode=fullscreen mDisplayWindowingMode=fullscreen mActivityType=undefined mAlwaysOnTop=undefined mRotation=ROTATION_0} s.6} for displayId=0
01-03 18:42:37.867  3084  3084 I SystemServerTiming: OnBootPhase_500_com.android.server.locksettings.LockSettingsService$Lifecycle
01-03 18:42:37.867  3084  3084 I SystemServerTiming: OnBootPhase_500_com.android.server.testharness.TestHarnessModeService
01-03 18:42:37.867  3084  3084 D TestHarnessModeService: Setting up test harness mode
01-03 18:42:37.867  3084  3084 D TestHarnessModeService: Getting PersistentDataBlockManagerInternal from LocalServices
01-03 18:42:37.868  3084  3084 E TestHarnessModeService: Failed to start Test Harness Mode; no implementation of PersistentDataBlockManagerInternal was bound!
01-03 18:42:37.868  3084  3084 I SystemServerTiming: OnBootPhase_500_com.android.server.DeviceIdleController
01-03 18:42:37.870  3201  3207 D audio_hw_primary: out_set_parameters: enter: kvpairs: routing=2
01-03 18:42:37.871  3084  3084 E HistoricalRegistry: Interaction before persistence initialized
01-03 18:42:37.872  3084  3084 I SystemServerTiming: OnBootPhase_500_com.android.server.devicepolicy.DevicePolicyManagerService$Lifecycle
01-03 18:42:37.872  3084  3084 I SystemServerTiming: OnBootPhase_500_com.android.server.textservices.TextServicesManagerService$Lifecycle
01-03 18:42:37.872  3084  3084 I SystemServerTiming: OnBootPhase_500_com.android.server.textclassifier.TextClassificationManagerService$Lifecycle
01-03 18:42:37.872  3084  3084 I SystemServerTiming: OnBootPhase_500_com.android.server.NetworkScoreService$Lifecycle
01-03 18:42:37.873  3084  3084 I SystemServerTiming: OnBootPhase_500_com.android.server.wifi.WifiService
01-03 18:42:37.874  3199  3199 I AudioFlinger: openOutput() this 0x76477960a0, module 10 Device type:0x2,@:, SamplingRate 48000, Format 0x000001, Channels 0x3, flags 0x4
01-03 18:42:37.874  3201  3207 D audio_hw_primary: adev_open_output_stream +
01-03 18:42:37.874  3201  3207 D audio_hw_primary: adev_open_output_stream create output for AUDIO_OUTPUT_FLAG_FAST or default
01-03 18:42:37.874  3084  3084 I SystemServerTiming: OnBootPhase_500_com.android.server.wifi.scanner.WifiScanningService
01-03 18:42:37.874  3199  3199 I AudioFlinger: HAL output buffer size 240 frames, normal sink buffer size 960 frames
01-03 18:42:37.875  3084  3084 I SystemServerTiming: OnBootPhase_500_com.android.server.wifi.p2p.WifiP2pService
01-03 18:42:37.875  3199  3199 E AudioFlinger: Failed to add event callback
01-03 18:42:37.875  3199  3226 I AudioFlinger: AudioFlinger's thread 0x77c9ee3040 tid=3226 ready to run
01-03 18:42:37.875  3199  3226 W AudioFlinger: no wake lock to update, system not ready yet
01-03 18:42:37.875  3199  3226 D AudioFlinger: ro.audio.silent is ignored since no output device is set
01-03 18:42:37.877  3201  3207 I audio_hw_primary: do_out_standby +
01-03 18:42:37.877  3201  3207 I audio_hw_primary: do_out_standby -
01-03 18:42:37.877  3199  3226 W AudioFlinger: no wake lock to update, system not ready yet
01-03 18:42:37.877  3199  3226 D AudioFlinger: ro.audio.silent is ignored since no output device is set
01-03 18:42:37.881  3084  3084 I SystemServerTiming: OnBootPhase_500_com.android.server.ethernet.EthernetService
01-03 18:42:37.883  3199  3199 W APM::AudioPolicyEngine: getDevicesForStrategy() unknown strategy: -1
01-03 18:42:37.893  3084  3174 I chatty  : uid=1000(system) WifiHandlerThre expire 39 lines
01-03 18:42:37.900  2881  2881 I Zygote  : Preloading shared libraries...
01-03 18:42:37.901  3084  3178 D ConnectivityService: Got NetworkProvider Messenger for Ethernet
01-03 18:42:37.901  3084  3227 I chatty  : uid=1000(system) EthernetService expire 3 lines
01-03 18:42:37.902  3084  3084 I SystemServerTiming: OnBootPhase_500_com.android.server.notification.NotificationManagerService
01-03 18:42:37.912  2881  2881 I Zygote  : Called ZygoteHooks.endPreload()
01-03 18:42:37.912  3084  3084 I SystemServerTiming: OnBootPhase_500_com.android.server.storage.DeviceStorageMonitorService
01-03 18:42:37.912  3084  3084 I SystemServerTiming: OnBootPhase_500_com.android.server.location.LocationManagerService$Lifecycle
01-03 18:42:37.913  2881  2881 I Zygote  : Installed AndroidKeyStoreProvider in 1ms.
01-03 18:42:37.913  3201  3207 D audio_hw_primary: out_set_parameters: enter: kvpairs: routing=2
01-03 18:42:37.914  3084  3084 E HistoricalRegistry: Interaction before persistence initialized
01-03 18:42:37.916  3084  3084 I SystemServerTiming: OnBootPhase_500_com.android.server.timedetector.TimeDetectorService$Lifecycle
01-03 18:42:37.916  3084  3084 I SystemServerTiming: OnBootPhase_500_com.android.server.timezonedetector.TimeZoneDetectorService$Lifecycle
01-03 18:42:37.916  3084  3084 I SystemServerTiming: OnBootPhase_500_com.android.server.search.SearchManagerService$Lifecycle
01-03 18:42:37.916  3084  3084 I SystemServerTiming: OnBootPhase_500_com.android.server.wallpaper.WallpaperManagerService$Lifecycle
01-03 18:42:37.916  3084  3084 I SystemServerTiming: OnBootPhase_500_com.android.server.audio.AudioService$Lifecycle
01-03 18:42:37.916  3084  3084 I SystemServerTiming: OnBootPhase_500_com.android.server.soundtrigger_middleware.SoundTriggerMiddlewareService$Lifecycle
01-03 18:42:37.916  3084  3084 I SystemServerTiming: OnBootPhase_500_com.android.server.DockObserver
01-03 18:42:37.916  3084  3084 I SystemServerTiming: OnBootPhase_500_com.android.server.midi.MidiService$Lifecycle
01-03 18:42:37.916  3084  3084 I SystemServerTiming: OnBootPhase_500_com.android.server.adb.AdbService$Lifecycle
01-03 18:42:37.916  3084  3084 I SystemServerTiming: OnBootPhase_500_com.android.server.usb.UsbService$Lifecycle
01-03 18:42:37.916  3084  3084 I SystemServerTiming: OnBootPhase_500_com.android.server.twilight.TwilightService
01-03 18:42:37.916  3084  3084 I SystemServerTiming: OnBootPhase_500_com.android.server.display.color.ColorDisplayService
01-03 18:42:37.916  3084  3084 I SystemServerTiming: OnBootPhase_500_com.android.server.job.JobSchedulerService
01-03 18:42:37.917  3201  3207 V audio_hw_primary: adev_open_input_stream: request sample_rate:48000
01-03 18:42:37.917  3201  3207 D audio_hw_primary: adev_open_input_stream: preprocessing_latency = 0
01-03 18:42:37.918  3084  3084 E HistoricalRegistry: Interaction before persistence initialized
01-03 18:42:37.919  3199  3228 I AudioFlinger: AudioFlinger's thread 0x77c9d50040 tid=3228 ready to run
01-03 18:42:37.919  3084  3084 I SystemServerTiming: OnBootPhase_500_com.android.server.soundtrigger.SoundTriggerService
01-03 18:42:37.919  3084  3084 D SoundTriggerService: onBootPhase: 500 : false
01-03 18:42:37.919  3084  3084 I SystemServerTiming: OnBootPhase_500_com.android.server.trust.TrustManagerService
01-03 18:42:37.920  3199  3228 W AudioFlinger: no wake lock to update, system not ready yet
01-03 18:42:37.920  3199  3228 W AudioFlinger: no wake lock to update, system not ready yet
01-03 18:42:37.921  2902  2902 I android.hardware.wifi@1.0-service: Wifi HAL started
01-03 18:42:37.922  3084  3175 I chatty  : uid=1000(system) WifiP2pService expire 3 lines
01-03 18:42:37.924  3084  3084 I SystemServerTiming: OnBootPhase_500_com.android.server.backup.BackupManagerService$Lifecycle
01-03 18:42:37.924  3084  3084 I SystemServerTiming: OnBootPhase_500_com.android.server.appwidget.AppWidgetService
01-03 18:42:37.924  3084  3084 I SystemServerTiming: OnBootPhase_500_com.android.server.role.RoleManagerService
01-03 18:42:37.924  3084  3084 I SystemServerTiming: OnBootPhase_500_com.android.server.voiceinteraction.VoiceInteractionManagerService
01-03 18:42:37.924  3084  3084 I SystemServerTiming: OnBootPhase_500_com.android.server.GestureLauncherService
01-03 18:42:37.924  3084  3084 I SystemServerTiming: OnBootPhase_500_com.android.server.SensorNotificationService
01-03 18:42:37.924  3084  3084 I SystemServerTiming: OnBootPhase_500_com.android.server.emergency.EmergencyAffordanceService
01-03 18:42:37.924  3084  3084 I SystemServerTiming: OnBootPhase_500_com.android.server.dreams.DreamManagerService
01-03 18:42:37.924  3084  3084 I SystemServerTiming: OnBootPhase_500_com.android.server.print.PrintManagerService
01-03 18:42:37.924  3084  3084 I SystemServerTiming: OnBootPhase_500_com.android.server.companion.CompanionDeviceManagerService
01-03 18:42:37.924  3084  3084 I SystemServerTiming: OnBootPhase_500_com.android.server.restrictions.RestrictionsManagerService
01-03 18:42:37.924  3084  3084 I SystemServerTiming: OnBootPhase_500_com.android.server.media.MediaSessionService
01-03 18:42:37.924  3084  3084 I SystemServerTiming: OnBootPhase_500_com.android.server.blob.BlobStoreManagerService
01-03 18:42:37.924  3084  3084 I SystemServerTiming: OnBootPhase_500_com.android.server.media.MediaResourceMonitorService
01-03 18:42:37.924  3084  3084 I SystemServerTiming: OnBootPhase_500_com.android.server.biometrics.fingerprint.FingerprintService
01-03 18:42:37.924  3084  3084 I SystemServerTiming: OnBootPhase_500_com.android.server.biometrics.BiometricService
01-03 18:42:37.924  3084  3084 I SystemServerTiming: OnBootPhase_500_com.android.server.biometrics.AuthService
01-03 18:42:37.924  3084  3084 I SystemServerTiming: OnBootPhase_500_com.android.server.pm.ShortcutService$Lifecycle
01-03 18:42:37.924  3084  3084 I SystemServerTiming: OnBootPhase_500_com.android.server.pm.LauncherAppsService
01-03 18:42:37.924  3084  3084 I SystemServerTiming: OnBootPhase_500_com.android.server.pm.CrossProfileAppsService
01-03 18:42:37.924  3084  3084 I SystemServerTiming: OnBootPhase_500_com.android.server.people.PeopleService
01-03 18:42:37.925  3084  3084 I SystemServerTiming: OnBootPhase_500_com.android.server.media.projection.MediaProjectionManagerService
01-03 18:42:37.925  3084  3084 I SystemServerTiming: OnBootPhase_500_com.android.server.slice.SliceManagerService$Lifecycle
01-03 18:42:37.925  3084  3084 I SystemServerTiming: OnBootPhase_500_com.android.server.camera.CameraServiceProxy
01-03 18:42:37.925  3084  3084 I SystemServerTiming: OnBootPhase_500_com.android.server.stats.StatsCompanion$Lifecycle
01-03 18:42:37.925  3084  3084 I SystemServerTiming: OnBootPhase_500_com.android.server.stats.pull.StatsPullAtomService
01-03 18:42:37.925  3084  3084 I SystemServerTiming: OnBootPhase_500_com.android.server.incident.IncidentCompanionService
01-03 18:42:37.925  3084  3084 I SystemServerTiming: OnBootPhase_500_com.android.server.MmsServiceBroker
01-03 18:42:37.925  3084  3084 I SystemServerTiming: OnBootPhase_500_com.android.server.autofill.AutofillManagerService
01-03 18:42:37.925  3084  3084 I SystemServerTiming: OnBootPhase_500_com.android.server.clipboard.ClipboardService
01-03 18:42:37.925  3084  3084 I SystemServerTiming: OnBootPhase_500_com.android.server.appbinding.AppBindingService$Lifecycle
01-03 18:42:37.925  3084  3084 I SystemServerTiming: MakeWindowManagerServiceReady
01-03 18:42:37.927  3199  3199 I bt_a2dp_hw: adev_open:  adev_open in A2dp_hw module
01-03 18:42:37.927  3199  3199 I AudioFlinger: loadHwModule() Loaded a2dp audio interface, handle 18
01-03 18:42:37.927  3199  3199 E APM_AudioPolicyManager: onNewAudioModulesAvailableInt: Input device list is empty!
01-03 18:42:37.927  2881  2881 I Zygote  : Warmed up JCA providers in 14ms.
01-03 18:42:37.927  2881  2881 D Zygote  : end preload
01-03 18:42:37.929  3199  3199 I AudioFlinger: loadHwModule() Loaded bluetooth audio interface, handle 26
01-03 18:42:37.930  3199  3199 I AudioFlinger: loadHwModule() Loaded usb audio interface, handle 34
01-03 18:42:37.930  3199  3199 E APM_AudioPolicyManager: onNewAudioModulesAvailableInt: Input device list is empty!
01-03 18:42:37.932  3201  3207 I r_submix: adev_open(name=audio_hw_if)
01-03 18:42:37.932  3201  3207 I r_submix: adev_init_check()
01-03 18:42:37.932  3199  3199 I AudioFlinger: loadHwModule() Loaded r_submix audio interface, handle 42
01-03 18:42:37.932  3084  3084 I SystemServerTiming: MakePowerManagerServiceReady
01-03 18:42:37.932  3201  3207 D r_submix: adev_open_input_stream(addr=0)
01-03 18:42:37.932  3201  3207 D r_submix: submix_audio_device_create_pipe_l(addr=0, idx=9)
01-03 18:42:37.932  3201  3207 D r_submix:   now using address 0 for route 9
01-03 18:42:37.933  3199  3231 I AudioFlinger: AudioFlinger's thread 0x77c9d50040 tid=3231 ready to run
01-03 18:42:37.934  3201  3207 I r_submix: in_standby()
01-03 18:42:37.934  3199  3231 W AudioFlinger: no wake lock to update, system not ready yet
01-03 18:42:37.934  3201  3207 I r_submix: in_standby()
01-03 18:42:37.935  3199  3231 W AudioFlinger: no wake lock to update, system not ready yet
01-03 18:42:37.935  3201  3207 D r_submix: adev_close_input_stream()
01-03 18:42:37.935  3201  3207 D r_submix: submix_audio_device_release_pipe_l(idx=9) addr=0
01-03 18:42:37.935  3201  3207 D r_submix: submix_audio_device_destroy_pipe_l(): pipe destroyed
01-03 18:42:37.936  3199  3199 W APM::AudioPolicyEngine: getDevicesForStrategy() unknown strategy: -1
01-03 18:42:37.936  3199  3199 W APM::AudioPolicyEngine: getDevicesForStrategy() unknown strategy: -1
01-03 18:42:37.937  3084  3197 E HistoricalRegistry: Interaction before persistence initialized
01-03 18:42:37.938  3084  3084 E DisplayPowerController: failed to set up display white-balance: java.lang.IllegalStateException: cannot find sensor com.google.sensor.color
01-03 18:42:37.939  2770  2770 W auditd  : type=1327 audit(0.0:479): proctitle="/vendor/bin/hw/android.hardware.biometrics.fingerprint@2.1-service.samsung"
01-03 18:42:37.939  2770  2770 W auditd  : type=1320 audit(0.0:479): 
01-03 18:42:37.939  2770  2770 W auditd  : type=1327 audit(0.0:480): proctitle="/vendor/bin/hw/android.hardware.biometrics.fingerprint@2.1-service.samsung"
01-03 18:42:37.939  2770  2770 W auditd  : type=1320 audit(0.0:480): 
01-03 18:42:37.939  2770  2770 W auditd  : type=1327 audit(0.0:481): proctitle="/vendor/bin/hw/android.hardware.biometrics.fingerprint@2.1-service.samsung"
01-03 18:42:37.939  2770  2770 W auditd  : type=1320 audit(0.0:481): 
01-03 18:42:37.939  2770  2770 W auditd  : type=1327 audit(0.0:482): proctitle="/vendor/bin/hw/android.hardware.biometrics.fingerprint@2.1-service.samsung"
01-03 18:42:37.939  2770  2770 W auditd  : type=1320 audit(0.0:482): 
01-03 18:42:37.939  2770  2770 W auditd  : type=1327 audit(0.0:483): proctitle="/vendor/bin/hw/android.hardware.biometrics.fingerprint@2.1-service.samsung"
01-03 18:42:37.939  2770  2770 W auditd  : type=1320 audit(0.0:483): 
01-03 18:42:37.939  2770  2770 W auditd  : type=1327 audit(0.0:484): proctitle="/vendor/bin/hw/android.hardware.biometrics.fingerprint@2.1-service.samsung"
01-03 18:42:37.939  2770  2770 W auditd  : type=1320 audit(0.0:484): 
01-03 18:42:37.939  2770  2770 W auditd  : type=1327 audit(0.0:485): proctitle="/vendor/bin/hw/android.hardware.biometrics.fingerprint@2.1-service.samsung"
01-03 18:42:37.939  2770  2770 W auditd  : type=1320 audit(0.0:485): 
01-03 18:42:37.939  2770  2770 W auditd  : type=1327 audit(0.0:486): proctitle="/vendor/bin/hw/android.hardware.biometrics.fingerprint@2.1-service.samsung"
01-03 18:42:37.939  2770  2770 W auditd  : type=1320 audit(0.0:486): 
01-03 18:42:37.939  2770  2770 W auditd  : type=1327 audit(0.0:487): proctitle="/vendor/bin/hw/android.hardware.biometrics.fingerprint@2.1-service.samsung"
01-03 18:42:37.939  2770  2770 W auditd  : type=1320 audit(0.0:487): 
01-03 18:42:37.939  2770  2770 W auditd  : type=1327 audit(0.0:488): proctitle="/vendor/bin/hw/android.hardware.biometrics.fingerprint@2.1-service.samsung"
01-03 18:42:37.939  2770  2770 W auditd  : type=1320 audit(0.0:488): 
01-03 18:42:37.939  2770  2770 W auditd  : type=1327 audit(0.0:489): proctitle="/vendor/bin/hw/android.hardware.biometrics.fingerprint@2.1-service.samsung"
01-03 18:42:37.939  2770  2770 W auditd  : type=1320 audit(0.0:489): 
01-03 18:42:37.939  2770  2770 W auditd  : type=1327 audit(0.0:490): proctitle="/vendor/bin/hw/android.hardware.biometrics.fingerprint@2.1-service.samsung"
01-03 18:42:37.939  2770  2770 W auditd  : type=1320 audit(0.0:490): 
01-03 18:42:37.949  2770  2770 W auditd  : type=1327 audit(0.0:491): proctitle="/vendor/bin/hw/android.hardware.biometrics.fingerprint@2.1-service.samsung"
01-03 18:42:37.949  2770  2770 W auditd  : type=1320 audit(0.0:491): 
01-03 18:42:37.949  2770  2770 W auditd  : type=1327 audit(0.0:492): proctitle="/vendor/bin/hw/android.hardware.biometrics.fingerprint@2.1-service.samsung"
01-03 18:42:37.949  2770  2770 W auditd  : type=1320 audit(0.0:492): 
01-03 18:42:37.949  2770  2770 W auditd  : type=1327 audit(0.0:493): proctitle="/vendor/bin/hw/android.hardware.biometrics.fingerprint@2.1-service.samsung"
01-03 18:42:37.949  2770  2770 W auditd  : type=1320 audit(0.0:493): 
01-03 18:42:37.949  2770  2770 W auditd  : type=1327 audit(0.0:494): proctitle="/vendor/bin/hw/android.hardware.biometrics.fingerprint@2.1-service.samsung"
01-03 18:42:37.949  2770  2770 W auditd  : type=1320 audit(0.0:494): 
01-03 18:42:37.949  2770  2770 W auditd  : type=1327 audit(0.0:495): proctitle="/vendor/bin/hw/android.hardware.biometrics.fingerprint@2.1-service.samsung"
01-03 18:42:37.949  2770  2770 W auditd  : type=1320 audit(0.0:495): 
01-03 18:42:37.949  2770  2770 W auditd  : type=1327 audit(0.0:496): proctitle="/vendor/bin/hw/android.hardware.biometrics.fingerprint@2.1-service.samsung"
01-03 18:42:37.949  2770  2770 W auditd  : type=1320 audit(0.0:496): 
01-03 18:42:37.949  2770  2770 W auditd  : type=1327 audit(0.0:497): proctitle="/vendor/bin/hw/android.hardware.biometrics.fingerprint@2.1-service.samsung"
01-03 18:42:37.949  2770  2770 W auditd  : type=1320 audit(0.0:497): 
01-03 18:42:37.949  2770  2770 W auditd  : type=1327 audit(0.0:498): proctitle="/vendor/bin/hw/android.hardware.biometrics.fingerprint@2.1-service.samsung"
01-03 18:42:37.949  2770  2770 W auditd  : type=1320 audit(0.0:498): 
01-03 18:42:37.949  2770  2770 W auditd  : type=1327 audit(0.0:499): proctitle="/vendor/bin/hw/android.hardware.biometrics.fingerprint@2.1-service.samsung"
01-03 18:42:37.949  2770  2770 W auditd  : type=1320 audit(0.0:499): 
01-03 18:42:37.949  2770  2770 W auditd  : type=1327 audit(0.0:500): proctitle="/vendor/bin/hw/android.hardware.biometrics.fingerprint@2.1-service.samsung"
01-03 18:42:37.949  2770  2770 W auditd  : type=1320 audit(0.0:500): 
01-03 18:42:37.949  2770  2770 W auditd  : type=1327 audit(0.0:501): proctitle="/vendor/bin/hw/android.hardware.biometrics.fingerprint@2.1-service.samsung"
01-03 18:42:37.949  2770  2770 W auditd  : type=1320 audit(0.0:501): 
01-03 18:42:37.949  2770  2770 W auditd  : type=1327 audit(0.0:502): proctitle="/vendor/bin/hw/android.hardware.biometrics.fingerprint@2.1-service.samsung"
01-03 18:42:37.949  2770  2770 W auditd  : type=1320 audit(0.0:502): 
01-03 18:42:37.973  3043  3235 I chatty  : uid=1000(system) fingerprint@2.1 expire 2 lines
01-03 18:42:37.973  3084  3114 E KernelCpuUidFreqTimeReader: Failed to read /proc/uid_time_in_state: java.nio.file.NoSuchFileException: /proc/uid_time_in_state
01-03 18:42:37.974  3084  3118 W KeyguardServiceDelegate: onScreenTurningOn(): no keyguard service!
01-03 18:42:37.974  3084  3114 W KernelCpuProcStringReader: File not found. It's normal if not implemented: /proc/uid_time_in_state
01-03 18:42:37.975  3084  3114 W KernelCpuProcStringReader: File not found. It's normal if not implemented: /proc/uid_concurrent_active_time
01-03 18:42:37.975  3084  3114 W KernelCpuProcStringReader: File not found. It's normal if not implemented: /proc/uid_concurrent_policy_time
01-03 18:42:37.978  3084  3118 V DisplayPowerController: Brightness [0.52362204] reason changing to: 'override', previous reason: '0'.
01-03 18:42:37.980  3084  3084 I SystemServerTiming: StartPermissionPolicyService
01-03 18:42:37.980  3084  3084 I SystemServiceManager: Starting com.android.server.policy.PermissionPolicyService
01-03 18:42:37.983  3084  3145 V FingerprintService: Enumerating user(0)
01-03 18:42:37.987  3084  3084 I SystemServerTiming: MakePackageManagerServiceReady
01-03 18:42:38.016  3084  3084 I PackageManager: Permission ownership changed. Updating all permissions.
01-03 18:42:38.021  3084  3084 W PackageManager: Privileged permission android.permission.FORCE_STOP_PACKAGES for package com.android.launcher3 (/system/system_ext/priv-app/Launcher3QuickStep) not in privapp-permissions whitelist
01-03 18:42:38.021  3084  3084 W PackageManager: Privileged permission android.permission.MANAGE_USERS for package com.android.launcher3 (/system/system_ext/priv-app/Launcher3QuickStep) not in privapp-permissions whitelist
01-03 18:42:38.025  3199  3223 I CaptureStateNotifier: Registering a listener
01-03 18:42:38.043  3084  3084 W PackageManager: Privileged permission android.permission.FORCE_STOP_PACKAGES for package com.android.systemui (/system/system_ext/priv-app/SystemUI) not in privapp-permissions whitelist
01-03 18:42:38.043  3084  3084 W PackageManager: Privileged permission android.permission.WRITE_APN_SETTINGS for package com.android.systemui (/system/system_ext/priv-app/SystemUI) not in privapp-permissions whitelist
01-03 18:42:38.069  3084  3084 V UserDataPreparer: Found /data/user_de/0 with serial number 0
01-03 18:42:38.069  3084  3084 V UserDataPreparer: Found /data/user/0 with serial number 0
01-03 18:42:38.069  3084  3084 V UserDataPreparer: Found /data/system_de/0 with serial number 0
01-03 18:42:38.070  3084  3084 V UserDataPreparer: Found /data/system_ce/0 with serial number 0
01-03 18:42:38.070  3084  3084 V UserDataPreparer: Found /data/misc_ce/0 with serial number 0
01-03 18:42:38.076  3084  3084 I SystemServerTiming: MakeDisplayManagerServiceReady
01-03 18:42:38.079  3084  3084 I SystemServerTiming: StartDeviceSpecificServices
01-03 18:42:38.079  3084  3084 I SystemServerTiming: StartBootPhaseDeviceSpecificServicesReady
01-03 18:42:38.079  3084  3084 I SystemServiceManager: Starting phase 520
01-03 18:42:38.079  3084  3084 I SystemServerTiming: OnBootPhase_520
01-03 18:42:38.079  3084  3084 I SystemServerTiming: OnBootPhase_520_com.android.server.security.FileIntegrityService
01-03 18:42:38.079  3084  3084 I SystemServerTiming: OnBootPhase_520_com.android.server.pm.Installer
01-03 18:42:38.079  3084  3084 I SystemServerTiming: OnBootPhase_520_com.android.server.os.DeviceIdentifiersPolicyService
01-03 18:42:38.079  3084  3084 I SystemServerTiming: OnBootPhase_520_com.android.server.uri.UriGrantsManagerService$Lifecycle
01-03 18:42:38.079  3084  3084 I SystemServerTiming: OnBootPhase_520_com.android.server.wm.ActivityTaskManagerService$Lifecycle
01-03 18:42:38.079  3084  3084 I SystemServerTiming: OnBootPhase_520_com.android.server.am.ActivityManagerService$Lifecycle
01-03 18:42:38.079  3084  3084 I SystemServerTiming: OnBootPhase_520_com.android.server.pm.DataLoaderManagerService
01-03 18:42:38.079  3084  3084 I SystemServerTiming: OnBootPhase_520_com.android.server.power.PowerManagerService
01-03 18:42:38.079  3084  3084 I SystemServerTiming: OnBootPhase_520_com.android.server.power.ThermalManagerService
01-03 18:42:38.079  3084  3084 I SystemServerTiming: OnBootPhase_520_com.android.server.recoverysystem.RecoverySystemService$Lifecycle
01-03 18:42:38.079  3084  3084 I SystemServerTiming: OnBootPhase_520_com.android.server.lights.LightsService
01-03 18:42:38.079  3084  3084 I SystemServerTiming: OnBootPhase_520_com.android.server.display.DisplayManagerService
01-03 18:42:38.079  3084  3084 I SystemServerTiming: OnBootPhase_520_com.android.server.pm.UserManagerService$LifeCycle
01-03 18:42:38.079  3084  3084 I SystemServerTiming: OnBootPhase_520_com.android.server.om.OverlayManagerService
01-03 18:42:38.079  3084  3084 I SystemServerTiming: OnBootPhase_520_com.android.server.SensorPrivacyService
01-03 18:42:38.079  3084  3084 I SystemServerTiming: OnBootPhase_520_com.android.server.SystemConfigService
01-03 18:42:38.079  3084  3084 I SystemServerTiming: OnBootPhase_520_com.android.server.BatteryService
01-03 18:42:38.079  3084  3084 I SystemServerTiming: OnBootPhase_520_com.android.server.usage.UsageStatsService
01-03 18:42:38.079  3084  3084 I SystemServerTiming: OnBootPhase_520_com.android.server.webkit.WebViewUpdateService
01-03 18:42:38.079  3084  3084 I SystemServerTiming: OnBootPhase_520_com.android.server.CachedDeviceStateService
01-03 18:42:38.079  3084  3084 I SystemServerTiming: OnBootPhase_520_com.android.server.BinderCallsStatsService$LifeCycle
01-03 18:42:38.079  3084  3084 I SystemServerTiming: OnBootPhase_520_com.android.server.LooperStatsService$Lifecycle
01-03 18:42:38.079  3084  3084 I SystemServerTiming: OnBootPhase_520_com.android.server.rollback.RollbackManagerService
01-03 18:42:38.079  3084  3084 I SystemServerTiming: OnBootPhase_520_com.android.server.os.BugreportManagerService
01-03 18:42:38.079  3084  3084 I SystemServerTiming: OnBootPhase_520_com.android.server.gpu.GpuService
01-03 18:42:38.080  3084  3084 I SystemServerTiming: OnBootPhase_520_com.android.server.security.KeyChainSystemService
01-03 18:42:38.080  3084  3084 I SystemServerTiming: OnBootPhase_520_com.android.server.telecom.TelecomLoaderService
01-03 18:42:38.080  3084  3084 I SystemServerTiming: OnBootPhase_520_com.android.server.accounts.AccountManagerService$Lifecycle
01-03 18:42:38.080  3084  3084 I SystemServerTiming: OnBootPhase_520_com.android.server.content.ContentService$Lifecycle
01-03 18:42:38.080  3084  3084 I SystemServerTiming: OnBootPhase_520_com.android.server.DropBoxManagerService
01-03 18:42:38.080  3084  3084 I SystemServerTiming: OnBootPhase_520_com.android.server.AlarmManagerService
01-03 18:42:38.080  3084  3084 I SystemServerTiming: OnBootPhase_520_com.android.server.BluetoothService
01-03 18:42:38.080  3084  3084 I SystemServerTiming: OnBootPhase_520_com.android.server.connectivity.IpConnectivityMetrics
01-03 18:42:38.080  3084  3084 I SystemServerTiming: OnBootPhase_520_com.android.server.net.watchlist.NetworkWatchlistService$Lifecycle
01-03 18:42:38.080  3084  3084 I SystemServerTiming: OnBootPhase_520_com.android.server.PinnerService
01-03 18:42:38.080  3084  3084 I SystemServerTiming: OnBootPhase_520_com.google.android.startop.iorap.IorapForwardingService
01-03 18:42:38.080  3084  3084 I SystemServerTiming: OnBootPhase_520_com.android.server.wm.AppLockService
01-03 18:42:38.080  3084  3084 I SystemServerTiming: OnBootPhase_520_com.android.server.integrity.AppIntegrityManagerService
01-03 18:42:38.080  3084  3084 I SystemServerTiming: OnBootPhase_520_com.android.server.inputmethod.InputMethodManagerService$Lifecycle
01-03 18:42:38.080  3084  3084 I SystemServerTiming: OnBootPhase_520_com.android.server.accessibility.AccessibilityManagerService$Lifecycle
01-03 18:42:38.080  3084  3084 I SystemServerTiming: OnBootPhase_520_com.android.server.StorageManagerService$Lifecycle
01-03 18:42:38.080  3084  3084 I SystemServerTiming: OnBootPhase_520_com.android.server.usage.StorageStatsService$Lifecycle
01-03 18:42:38.080  3084  3084 I SystemServerTiming: OnBootPhase_520_com.android.server.UiModeManagerService
01-03 18:42:38.080  3084  3084 I SystemServerTiming: OnBootPhase_520_com.android.server.locksettings.LockSettingsService$Lifecycle
01-03 18:42:38.080  3084  3084 I SystemServerTiming: OnBootPhase_520_com.android.server.testharness.TestHarnessModeService
01-03 18:42:38.080  3084  3084 I SystemServerTiming: OnBootPhase_520_com.android.server.DeviceIdleController
01-03 18:42:38.080  3084  3084 I SystemServerTiming: OnBootPhase_520_com.android.server.devicepolicy.DevicePolicyManagerService$Lifecycle
01-03 18:42:38.080  3084  3084 I SystemServerTiming: OnBootPhase_520_com.android.server.textservices.TextServicesManagerService$Lifecycle
01-03 18:42:38.080  3084  3084 I SystemServerTiming: OnBootPhase_520_com.android.server.textclassifier.TextClassificationManagerService$Lifecycle
01-03 18:42:38.080  3084  3084 I SystemServerTiming: OnBootPhase_520_com.android.server.NetworkScoreService$Lifecycle
01-03 18:42:38.080  3084  3084 I SystemServerTiming: OnBootPhase_520_com.android.server.wifi.WifiService
01-03 18:42:38.080  3084  3084 I SystemServerTiming: OnBootPhase_520_com.android.server.wifi.scanner.WifiScanningService
01-03 18:42:38.080  3084  3084 I SystemServerTiming: OnBootPhase_520_com.android.server.wifi.p2p.WifiP2pService
01-03 18:42:38.080  3084  3084 I SystemServerTiming: OnBootPhase_520_com.android.server.ethernet.EthernetService
01-03 18:42:38.080  3084  3084 I SystemServerTiming: OnBootPhase_520_com.android.server.notification.NotificationManagerService
01-03 18:42:38.080  3084  3084 I SystemServerTiming: OnBootPhase_520_com.android.server.storage.DeviceStorageMonitorService
