01-03 18:42:38.916  3084  3084 V StorageManagerService: Package com.android.dark.solarizeddarkExt does not have legacy storage
01-03 18:42:38.916  3084  3084 V StorageManagerService: Package com.android.providers.userdictionary does not have legacy storage
01-03 18:42:38.916  3084  3084 V StorageManagerService: Package com.android.theme.icon_pack.rounded.systemui does not have legacy storage
01-03 18:42:38.916  3084  3084 V StorageManagerService: Package com.android.settings.intelligence does not have legacy storage
01-03 18:42:38.916  3084  3084 V StorageManagerService: Package com.android.theme.icon_pack.sam.launcher does not have legacy storage
01-03 18:42:38.916  3084  3084 V StorageManagerService: Package com.android.theme.icon_pack.filled.android does not have legacy storage
01-03 18:42:38.916  3084  3084 V StorageManagerService: Package com.android.theme.icon_pack.filled.launcher does not have legacy storage
01-03 18:42:38.916  3084  3084 V StorageManagerService: Package com.android.bluetoothmidiservice does not have legacy storage
01-03 18:42:38.916  3084  3084 V StorageManagerService: Package com.android.internal.display.cutout.emulation.double does not have legacy storage
01-03 18:42:38.916  3084  3084 V StorageManagerService: Package com.android.carrierconfig does not have legacy storage
01-03 18:42:38.916  3084  3084 V StorageManagerService: Package org.omnirom.omnijaws does not have legacy storage
01-03 18:42:38.916  3084  3084 V StorageManagerService: Package com.android.networkstack does not have legacy storage
01-03 18:42:38.916  3084  3084 V StorageManagerService: Package com.android.theme.icon_pack.circular.systemui does not have legacy storage
01-03 18:42:38.916  3084  3084 V StorageManagerService: Package com.android.dark.bakedgreenExt does not have legacy storage
01-03 18:42:38.916  3084  3084 V StorageManagerService: Package com.android.theme.color.aquamarine does not have legacy storage
01-03 18:42:38.916  3084  3084 V StorageManagerService: Package com.android.captiveportallogin does not have legacy storage
01-03 18:42:38.916  3084  3084 V StorageManagerService: Package com.android.theme.font.googlesans does not have legacy storage
01-03 18:42:38.916  3084  3084 V StorageManagerService: Package com.android.theme.icon.pebble does not have legacy storage
01-03 18:42:38.917  3084  3084 V StorageManagerService: Package com.android.externalstorage has legacy storage
01-03 18:42:38.917  3084  3084 V StorageManagerService: Package com.android.theme.icon_pack.sam.settings does not have legacy storage
01-03 18:42:38.917  3084  3084 V StorageManagerService: Package com.android.dark.materialocean does not have legacy storage
01-03 18:42:38.917  3084  3084 V StorageManagerService: Package com.android.wallpaper does not have legacy storage
01-03 18:42:38.917  3084  3084 V StorageManagerService: Package com.android.theme.color.pixelblue does not have legacy storage
01-03 18:42:38.917  3084  3084 V StorageManagerService: Package com.android.keychain does not have legacy storage
01-03 18:42:38.917  3084  3084 V StorageManagerService: Package com.android.dark.nightExt does not have legacy storage
01-03 18:42:38.917  3084  3084 V StorageManagerService: Package com.android.managedprovisioning does not have legacy storage
01-03 18:42:38.917  3084  3084 V StorageManagerService: Package com.android.soundpicker has legacy storage
01-03 18:42:38.917  3084  3084 V StorageManagerService: Package com.android.dark.style does not have legacy storage
01-03 18:42:38.917  3084  3084 V StorageManagerService: Package com.android.dark.darkaubergine does not have legacy storage
01-03 18:42:38.917  3084  3084 V StorageManagerService: Package com.android.dark.ravenblack does not have legacy storage
01-03 18:42:38.917  3084  3084 V StorageManagerService: Package com.android.theme.font.slateforoneplus does not have legacy storage
01-03 18:42:38.917  3084  3084 V StorageManagerService: Package com.android.theme.icon_pack.kai.launcher does not have legacy storage
01-03 18:42:38.917  3084  3084 V StorageManagerService: Package com.android.dark.styleExt does not have legacy storage
01-03 18:42:38.917  3084  3084 V StorageManagerService: Package org.protonaosp.deviceconfig does not have legacy storage
01-03 18:42:38.917  3084  3084 V StorageManagerService: Package android does not have legacy storage
01-03 18:42:38.917  3084  3084 V StorageManagerService: Package com.android.dark.night does not have legacy storage
01-03 18:42:38.917  3084  3084 V StorageManagerService: Package com.android.onetimeinitializer does not have legacy storage
01-03 18:42:38.917  3084  3084 V StorageManagerService: Package com.android.webview does not have legacy storage
01-03 18:42:38.917  3084  3084 V StorageManagerService: Package com.android.provision does not have legacy storage
01-03 18:42:38.918  3084  3084 V StorageManagerService: Package com.android.theme.color.green does not have legacy storage
01-03 18:42:38.918  3084  3084 V StorageManagerService: Package com.android.se does not have legacy storage
01-03 18:42:38.918  3084  3084 V StorageManagerService: Package com.android.proxyhandler does not have legacy storage
01-03 18:42:38.918  3084  3084 V StorageManagerService: Package com.android.simappdialog does not have legacy storage
01-03 18:42:38.918  3084  3084 V StorageManagerService: Package com.android.theme.icon_pack.kai.settings does not have legacy storage
01-03 18:42:38.918  3084  3084 V StorageManagerService: Package com.android.packageinstaller does not have legacy storage
01-03 18:42:38.918  3084  3084 V StorageManagerService: Package com.android.bluetooth does not have legacy storage
01-03 18:42:38.918  3084  3084 V StorageManagerService: Package com.android.theme.color.amethyst does not have legacy storage
01-03 18:42:38.918  3084  3084 V StorageManagerService: Package com.android.traceur does not have legacy storage
01-03 18:42:38.918  3084  3084 V StorageManagerService: Package com.android.dark.clearspring does not have legacy storage
01-03 18:42:38.918  3084  3084 V StorageManagerService: Package com.android.theme.icon_pack.victor.systemui does not have legacy storage
01-03 18:42:38.918  3084  3084 V StorageManagerService: Package com.android.htmlviewer does not have legacy storage
01-03 18:42:38.918  3084  3084 V StorageManagerService: Package com.android.dynsystem does not have legacy storage
01-03 18:42:38.918  3084  3084 V StorageManagerService: Package com.android.ons does not have legacy storage
01-03 18:42:38.918  3084  3084 V StorageManagerService: Package com.android.theme.color.yellow does not have legacy storage
01-03 18:42:38.918  3084  3084 V StorageManagerService: Package android.ext.services does not have legacy storage
01-03 18:42:38.918  3084  3084 V StorageManagerService: Package com.android.theme.icon_pack.victor.android does not have legacy storage
01-03 18:42:38.918  3084  3084 V StorageManagerService: Package com.android.theme.color.lightpurple does not have legacy storage
01-03 18:42:38.918  3084  3084 V StorageManagerService: Package com.android.systemui.plugin.globalactions.wallet does not have legacy storage
01-03 18:42:38.919  3084  3084 V StorageManagerService: Package com.android.hotspot2.osulogin does not have legacy storage
01-03 18:42:38.919  3084  3084 V StorageManagerService: Package com.android.cellbroadcastservice does not have legacy storage
01-03 18:42:38.919  3084  3084 V StorageManagerService: Package com.android.theme.icon_pack.circular.themepicker does not have legacy storage
01-03 18:42:38.919  3084  3084 V StorageManagerService: Package com.android.theme.icon_pack.kai.themepicker does not have legacy storage
01-03 18:42:38.919  3084  3084 V StorageManagerService: Package com.android.dreams.phototable has legacy storage
01-03 18:42:38.919  3084  3084 V StorageManagerService: Package com.android.theme.color.pink does not have legacy storage
01-03 18:42:38.919  3084  3084 V StorageManagerService: Package com.android.providers.contacts does not have legacy storage
01-03 18:42:38.919  3084  3084 V StorageManagerService: Package com.android.wifi.resources does not have legacy storage
01-03 18:42:38.919  3084  3084 V StorageManagerService: Package com.android.sharedstoragebackup has legacy storage
01-03 18:42:38.919  3084  3084 V StorageManagerService: Package com.android.theme.color.palette does not have legacy storage
01-03 18:42:38.919  3084  3084 V StorageManagerService: Package com.android.vpndialogs does not have legacy storage
01-03 18:42:38.919  3084  3084 V StorageManagerService: Package com.android.theme.color.cinnamon does not have legacy storage
01-03 18:42:38.919  3084  3084 V StorageManagerService: Package com.android.providers.media.module has legacy storage
01-03 18:42:38.919  3084  3084 V StorageManagerService: Package com.android.dark.solarizeddark does not have legacy storage
01-03 18:42:38.919  3084  3084 V StorageManagerService: Package com.android.theme.icon_pack.circular.android does not have legacy storage
01-03 18:42:38.919  3084  3084 V StorageManagerService: Package android.ext.shared does not have legacy storage
01-03 18:42:38.919  3084  3084 V StorageManagerService: Package com.android.internal.display.cutout.emulation.corner does not have legacy storage
01-03 18:42:38.919  3084  3084 V StorageManagerService: Package com.android.theme.icon_pack.sam.systemui does not have legacy storage
01-03 18:42:38.919  3084  3084 V StorageManagerService: Package com.android.theme.color.ocean does not have legacy storage
01-03 18:42:38.919  3084  3084 V StorageManagerService: Package com.android.networkstack.permissionconfig does not have legacy storage
01-03 18:42:38.920  3084  3084 V StorageManagerService: Package com.android.theme.icon.roundedrect does not have legacy storage
01-03 18:42:38.920  3084  3084 V StorageManagerService: Package com.android.theme.icon_pack.sam.android does not have legacy storage
01-03 18:42:38.920  3084  3084 V StorageManagerService: Package com.android.cellbroadcastreceiver does not have legacy storage
01-03 18:42:38.920  3084  3084 V StorageManagerService: Package com.android.statementservice does not have legacy storage
01-03 18:42:38.920  3084  3084 V StorageManagerService: Package com.android.dark.darkaubergineExt does not have legacy storage
01-03 18:42:38.920  3084  3084 V StorageManagerService: Package com.android.providers.settings does not have legacy storage
01-03 18:42:38.920  3084  3084 V StorageManagerService: Package com.android.systemui has legacy storage
01-03 18:42:38.920  3084  3084 V StorageManagerService: Package com.android.theme.icon_pack.rounded.android does not have legacy storage
01-03 18:42:38.920  3084  3084 V StorageManagerService: Package com.android.bips does not have legacy storage
01-03 18:42:38.920  3084  3084 V StorageManagerService: Package com.android.theme.icon_pack.filled.systemui does not have legacy storage
01-03 18:42:38.920  3084  3084 V StorageManagerService: Package com.android.theme.icon_pack.filled.settings does not have legacy storage
01-03 18:42:38.920  3084  3084 V StorageManagerService: Package com.android.camera2 has legacy storage
01-03 18:42:38.920  3084  3084 V StorageManagerService: Package com.android.theme.icon_pack.filled.themepicker does not have legacy storage
01-03 18:42:38.920  3084  3084 V StorageManagerService: Package com.android.theme.font.googlesanslato does not have legacy storage
01-03 18:42:38.920  3084  3084 V StorageManagerService: Package com.android.backupconfirm does not have legacy storage
01-03 18:42:38.920  3084  3084 V StorageManagerService: Package com.android.theme.icon.teardrop does not have legacy storage
01-03 18:42:38.920  3084  3084 V StorageManagerService: Package com.android.settings does not have legacy storage
01-03 18:42:38.920  3084  3084 V StorageManagerService: Package com.android.theme.color.purple does not have legacy storage
01-03 18:42:38.920  3084  3084 V StorageManagerService: Package com.android.dark.bakedgreen does not have legacy storage
01-03 18:42:38.920  3084  3084 V StorageManagerService: Package com.android.dark.ravenblackExt does not have legacy storage
01-03 18:42:38.921  3084  3084 V StorageManagerService: Package com.android.theme.color.orchid does not have legacy storage
01-03 18:42:38.921  3084  3084 V StorageManagerService: Package com.android.dark.chocoxExt does not have legacy storage
01-03 18:42:38.921  3084  3084 V StorageManagerService: Package com.android.theme.font.notoserifsource does not have legacy storage
01-03 18:42:38.921  3084  3084 V StorageManagerService: Package com.duckduckgo.mobile.android does not have legacy storage
01-03 18:42:38.921  3084  3084 V StorageManagerService: Package com.android.theme.color.space does not have legacy storage
01-03 18:42:38.921  3084  3084 V StorageManagerService: Package com.android.apps.tag does not have legacy storage
01-03 18:42:38.921  3084  3084 V StorageManagerService: Package com.android.dialer has legacy storage
01-03 18:42:38.921  3084  3084 V StorageManagerService: Package com.android.phone does not have legacy storage
01-03 18:42:38.921  3084  3084 V StorageManagerService: Package com.android.egg does not have legacy storage
01-03 18:42:38.921  3084  3084 V StorageManagerService: Package com.android.mms.service does not have legacy storage
01-03 18:42:38.921  3084  3084 V StorageManagerService: Package com.android.theme.icon_pack.rounded.settings does not have legacy storage
01-03 18:42:38.921  3084  3084 V StorageManagerService: Package com.custom.overlay.systemui.gestural.medium does not have legacy storage
01-03 18:42:38.921  3084  3084 V StorageManagerService: Package android.romstats does not have legacy storage
01-03 18:42:38.921  3084  3084 V StorageManagerService: Package com.android.theme.color.black does not have legacy storage
01-03 18:42:38.921  3084  3084 V StorageManagerService: Package com.android.inputdevices does not have legacy storage
01-03 18:42:38.921  3084  3084 V StorageManagerService: Package com.android.calllogbackup does not have legacy storage
01-03 18:42:38.921  3084  3084 V StorageManagerService: Package com.android.providers.calendar does not have legacy storage
01-03 18:42:38.921  3084  3084 V StorageManagerService: Package com.android.internal.display.cutout.emulation.hole does not have legacy storage
01-03 18:42:38.921  3084  3084 V StorageManagerService: Package com.android.theme.color.cyan does not have legacy storage
01-03 18:42:38.921  3084  3084 V StorageManagerService: Package com.android.server.telecom does not have legacy storage
01-03 18:42:38.922  3084  3084 V StorageManagerService: Package com.android.wallpaperbackup does not have legacy storage
01-03 18:42:38.922  3084  3084 V StorageManagerService: Package com.custom.overlay.systemui.gestural.long does not have legacy storage
01-03 18:42:38.922  3084  3084 V StorageManagerService: Package com.benzo.weathericons does not have legacy storage
01-03 18:42:38.922  3084  3084 V StorageManagerService: Package com.android.modulemetadata does not have legacy storage
01-03 18:42:38.922  3084  3084 V StorageManagerService: Package com.android.providers.media has legacy storage
01-03 18:42:38.922  3084  3084 V StorageManagerService: Package com.android.stk does not have legacy storage
01-03 18:42:38.922  3084  3084 V StorageManagerService: Package com.android.theme.color.red does not have legacy storage
01-03 18:42:38.922  3084  3084 V StorageManagerService: Package com.android.theme.icon_pack.kai.systemui does not have legacy storage
01-03 18:42:38.922  3084  3084 V StorageManagerService: Package com.android.internal.systemui.navbar.threebutton does not have legacy storage
01-03 18:42:38.922  3084  3084 V StorageManagerService: Package com.android.theme.icon_pack.victor.settings does not have legacy storage
01-03 18:42:38.922  3084  3084 V StorageManagerService: Package com.android.wallpapercropper does not have legacy storage
01-03 18:42:38.922  3084  3084 V StorageManagerService: Package com.android.cellbroadcastreceiver.module does not have legacy storage
01-03 18:42:38.922  3084  3084 V StorageManagerService: Package com.simplemobiletools.gallery.pro does not have legacy storage
01-03 18:42:38.922  3084  3084 V StorageManagerService: Package com.android.theme.icon.taperedrect does not have legacy storage
01-03 18:42:38.922  3084  3084 V StorageManagerService: Package com.android.theme.color.carbon does not have legacy storage
01-03 18:42:38.922  3084  3084 V StorageManagerService: Package com.android.certinstaller does not have legacy storage
01-03 18:42:38.922  3084  3084 V StorageManagerService: Package com.android.theme.icon.vessel does not have legacy storage
01-03 18:42:38.922  3084  3084 V StorageManagerService: Package com.android.dark.darkgray does not have legacy storage
01-03 18:42:38.922  3084  3084 V StorageManagerService: Package com.android.theme.color.tangerine does not have legacy storage
01-03 18:42:38.922  3084  3084 V StorageManagerService: Package com.android.theme.icon_pack.circular.launcher does not have legacy storage
01-03 18:42:38.923  3084  3084 V StorageManagerService: Package com.android.musicfx does not have legacy storage
01-03 18:42:38.923  3084  3084 V StorageManagerService: Package com.android.theme.color.qgreen does not have legacy storage
01-03 18:42:38.923  3084  3084 V StorageManagerService: Package com.android.music does not have legacy storage
01-03 18:42:38.923  3084  3084 V StorageManagerService: Package com.android.smspush does not have legacy storage
01-03 18:42:38.923  3084  3084 V StorageManagerService: Package com.android.theme.icon_pack.victor.launcher does not have legacy storage
01-03 18:42:38.923  3084  3084 V StorageManagerService: Package com.android.messaging has legacy storage
01-03 18:42:38.923  3084  3084 V StorageManagerService: Package com.android.theme.icon_pack.kai.android does not have legacy storage
01-03 18:42:38.923  3084  3084 V StorageManagerService: Package com.android.providers.downloads has legacy storage
01-03 18:42:38.923  3084  3084 V StorageManagerService: Package com.android.theme.icon_pack.circular.settings does not have legacy storage
01-03 18:42:38.923  3084  3084 V StorageManagerService: Package com.custom.overlay.systemui.gestural.hidden does not have legacy storage
01-03 18:42:38.923  3084  3084 V StorageManagerService: Package com.android.internal.display.cutout.emulation.tall does not have legacy storage
01-03 18:42:38.923  3084  3084 V StorageManagerService: Package com.simplemobiletools.calendar.pro does not have legacy storage
01-03 18:42:38.923  3084  3084 V StorageManagerService: Package com.android.cts.priv.ctsshim does not have legacy storage
01-03 18:42:38.923  3084  3084 V StorageManagerService: Package com.android.internal.systemui.navbar.twobutton does not have legacy storage
01-03 18:42:38.923  3084  3084 V StorageManagerService: Package com.android.providers.downloads.ui has legacy storage
01-03 18:42:38.923  3084  3084 V StorageManagerService: Package com.android.internal.systemui.navbar.gestural does not have legacy storage
01-03 18:42:38.923  3084  3084 V StorageManagerService: Package com.android.providers.blockednumber does not have legacy storage
01-03 18:42:38.923  3084  3084 V StorageManagerService: Package com.android.dark.materialoceanExt does not have legacy storage
01-03 18:42:38.924  3475  3475 E rkstack.proces: Not starting debugger since process cannot load the jdwp agent.
01-03 18:42:38.924  3084  3084 I SystemServerTiming: ssm.onStartUser-0_com.android.server.usage.StorageStatsService$Lifecycle
01-03 18:42:38.924  3084  3084 I SystemServerTiming: ssm.onStartUser-0_com.android.server.UiModeManagerService
01-03 18:42:38.924  3084  3084 I SystemServerTiming: ssm.onStartUser-0_com.android.server.locksettings.LockSettingsService$Lifecycle
01-03 18:42:38.924  3084  3084 I SystemServerTiming: ssm.onStartUser-0_com.android.server.testharness.TestHarnessModeService
01-03 18:42:38.924  3084  3084 I SystemServerTiming: ssm.onStartUser-0_com.android.server.DeviceIdleController
01-03 18:42:38.924  3084  3084 I SystemServerTiming: ssm.onStartUser-0_com.android.server.devicepolicy.DevicePolicyManagerService$Lifecycle
01-03 18:42:38.924  3084  3084 I SystemServerTiming: ssm.onStartUser-0_com.android.server.textservices.TextServicesManagerService$Lifecycle
01-03 18:42:38.924  3084  3084 I SystemServerTiming: ssm.onStartUser-0_com.android.server.textclassifier.TextClassificationManagerService$Lifecycle
01-03 18:42:38.925  3084  3084 I SystemServerTiming: ssm.onStartUser-0_com.android.server.NetworkScoreService$Lifecycle
01-03 18:42:38.925  3084  3084 I SystemServerTiming: ssm.onStartUser-0_com.android.server.wifi.WifiService
01-03 18:42:38.925  3084  3084 I SystemServerTiming: ssm.onStartUser-0_com.android.server.wifi.scanner.WifiScanningService
01-03 18:42:38.925  3084  3084 I SystemServerTiming: ssm.onStartUser-0_com.android.server.wifi.p2p.WifiP2pService
01-03 18:42:38.925  3084  3084 I SystemServerTiming: ssm.onStartUser-0_com.android.server.ethernet.EthernetService
01-03 18:42:38.925  3084  3084 I SystemServerTiming: ssm.onStartUser-0_com.android.server.notification.NotificationManagerService
01-03 18:42:38.925  3084  3084 I SystemServerTiming: ssm.onStartUser-0_com.android.server.storage.DeviceStorageMonitorService
01-03 18:42:38.925  3084  3084 I SystemServerTiming: ssm.onStartUser-0_com.android.server.location.LocationManagerService$Lifecycle
01-03 18:42:38.925  3084  3084 I SystemServerTiming: ssm.onStartUser-0_com.android.server.timedetector.TimeDetectorService$Lifecycle
01-03 18:42:38.925  3084  3084 I SystemServerTiming: ssm.onStartUser-0_com.android.server.timezonedetector.TimeZoneDetectorService$Lifecycle
01-03 18:42:38.925  3084  3084 I SystemServerTiming: ssm.onStartUser-0_com.android.server.search.SearchManagerService$Lifecycle
01-03 18:42:38.925  3084  3084 I SystemServerTiming: ssm.onStartUser-0_com.android.server.wallpaper.WallpaperManagerService$Lifecycle
01-03 18:42:38.925  3084  3084 I SystemServerTiming: ssm.onStartUser-0_com.android.server.audio.AudioService$Lifecycle
01-03 18:42:38.925  3084  3084 I SystemServerTiming: ssm.onStartUser-0_com.android.server.soundtrigger_middleware.SoundTriggerMiddlewareService$Lifecycle
01-03 18:42:38.925  3084  3084 I SystemServerTiming: ssm.onStartUser-0_com.android.server.DockObserver
01-03 18:42:38.925  3084  3084 I SystemServerTiming: ssm.onStartUser-0_com.android.server.midi.MidiService$Lifecycle
01-03 18:42:38.925  3084  3084 I SystemServerTiming: ssm.onStartUser-0_com.android.server.adb.AdbService$Lifecycle
01-03 18:42:38.925  3084  3084 I SystemServerTiming: ssm.onStartUser-0_com.android.server.usb.UsbService$Lifecycle
01-03 18:42:38.925  3084  3084 I SystemServerTiming: ssm.onStartUser-0_com.android.server.twilight.TwilightService
01-03 18:42:38.925  3084  3084 I SystemServerTiming: ssm.onStartUser-0_com.android.server.display.color.ColorDisplayService
01-03 18:42:38.925  3084  3084 I SystemServerTiming: ssm.onStartUser-0_com.android.server.job.JobSchedulerService
01-03 18:42:38.925  3084  3084 I SystemServerTiming: ssm.onStartUser-0_com.android.server.soundtrigger.SoundTriggerService
01-03 18:42:38.925  3084  3084 I SystemServerTiming: ssm.onStartUser-0_com.android.server.trust.TrustManagerService
01-03 18:42:38.925  3084  3084 I SystemServerTiming: ssm.onStartUser-0_com.android.server.backup.BackupManagerService$Lifecycle
01-03 18:42:38.925  3084  3084 I SystemServerTiming: ssm.onStartUser-0_com.android.server.appwidget.AppWidgetService
01-03 18:42:38.925  3084  3084 I SystemServerTiming: ssm.onStartUser-0_com.android.server.role.RoleManagerService
01-03 18:42:38.930  3084  3084 I SystemServerTiming: ssm.onStartUser-0_com.android.server.voiceinteraction.VoiceInteractionManagerService
01-03 18:42:38.930  3084  3084 W VoiceInteractionManager: no available voice recognition services found for user 0
01-03 18:42:38.931  3084  3084 I SystemServerTiming: ssm.onStartUser-0_com.android.server.GestureLauncherService
01-03 18:42:38.931  3084  3084 I SystemServerTiming: ssm.onStartUser-0_com.android.server.SensorNotificationService
01-03 18:42:38.931  3084  3084 I SystemServerTiming: ssm.onStartUser-0_com.android.server.emergency.EmergencyAffordanceService
01-03 18:42:38.931  3084  3084 I SystemServerTiming: ssm.onStartUser-0_com.android.server.dreams.DreamManagerService
01-03 18:42:38.931  3084  3084 I SystemServerTiming: ssm.onStartUser-0_com.android.server.print.PrintManagerService
01-03 18:42:38.931  3084  3084 I SystemServerTiming: ssm.onStartUser-0_com.android.server.companion.CompanionDeviceManagerService
01-03 18:42:38.931  3084  3084 I SystemServerTiming: ssm.onStartUser-0_com.android.server.restrictions.RestrictionsManagerService
01-03 18:42:38.931  3084  3084 I SystemServerTiming: ssm.onStartUser-0_com.android.server.media.MediaSessionService
01-03 18:42:38.931  3084  3084 I SystemServerTiming: ssm.onStartUser-0_com.android.server.blob.BlobStoreManagerService
01-03 18:42:38.931  3084  3084 I SystemServerTiming: ssm.onStartUser-0_com.android.server.media.MediaResourceMonitorService
01-03 18:42:38.931  3084  3084 I SystemServerTiming: ssm.onStartUser-0_com.android.server.biometrics.fingerprint.FingerprintService
01-03 18:42:38.931  3084  3084 I SystemServerTiming: ssm.onStartUser-0_com.android.server.biometrics.BiometricService
01-03 18:42:38.931  3084  3084 I SystemServerTiming: ssm.onStartUser-0_com.android.server.biometrics.AuthService
01-03 18:42:38.931  3084  3084 I SystemServerTiming: ssm.onStartUser-0_com.android.server.pm.ShortcutService$Lifecycle
01-03 18:42:38.931  3084  3084 I SystemServerTiming: ssm.onStartUser-0_com.android.server.pm.LauncherAppsService
01-03 18:42:38.931  3084  3084 I SystemServerTiming: ssm.onStartUser-0_com.android.server.pm.CrossProfileAppsService
01-03 18:42:38.931  3084  3084 I SystemServerTiming: ssm.onStartUser-0_com.android.server.people.PeopleService
01-03 18:42:38.931  3084  3084 I SystemServerTiming: ssm.onStartUser-0_com.android.server.media.projection.MediaProjectionManagerService
01-03 18:42:38.931  3084  3084 I SystemServerTiming: ssm.onStartUser-0_com.android.server.slice.SliceManagerService$Lifecycle
01-03 18:42:38.931  3084  3084 I SystemServerTiming: ssm.onStartUser-0_com.android.server.camera.CameraServiceProxy
01-03 18:42:38.933  3084  3084 I SystemServerTiming: ssm.onStartUser-0_com.android.server.stats.StatsCompanion$Lifecycle
01-03 18:42:38.933  3084  3084 I SystemServerTiming: ssm.onStartUser-0_com.android.server.stats.pull.StatsPullAtomService
01-03 18:42:38.933  3084  3084 I SystemServerTiming: ssm.onStartUser-0_com.android.server.incident.IncidentCompanionService
01-03 18:42:38.933  3084  3084 I SystemServerTiming: ssm.onStartUser-0_com.android.server.MmsServiceBroker
01-03 18:42:38.933  3084  3084 I SystemServerTiming: ssm.onStartUser-0_com.android.server.autofill.AutofillManagerService
01-03 18:42:38.933  3084  3084 I SystemServerTiming: ssm.onStartUser-0_com.android.server.clipboard.ClipboardService
01-03 18:42:38.933  3084  3084 I SystemServerTiming: ssm.onStartUser-0_com.android.server.appbinding.AppBindingService$Lifecycle
01-03 18:42:38.934  3084  3084 I SystemServerTiming: ssm.onStartUser-0_com.android.server.policy.PermissionPolicyService
01-03 18:42:38.934  3084  3084 I SystemServerTiming: ssm.onStartUser-0_com.android.server.pm.StagingManager$Lifecycle
01-03 18:42:38.934  3084  3084 I SystemServerTiming: startPersistentApps
01-03 18:42:38.937  3084  3084 D CompatibilityChangeReporter: Compat change id reported: 135634846; UID 1068; state: DISABLED
01-03 18:42:38.938  3467  3467 I wpa_supplicant: Processing hidl events on FD 3
01-03 18:42:38.939  3084  3084 D CompatibilityChangeReporter: Compat change id reported: 135634846; UID 1001; state: DISABLED
01-03 18:42:38.939  3084  3084 I SystemServerTiming: startHomeOnAllDisplays
01-03 18:42:38.941  3467  3467 I HidlServiceManagement: Registered android.hardware.wifi.supplicant@1.3::ISupplicant/default
01-03 18:42:38.941  3084  3084 I ActivityTaskManager: START u0 {act=android.intent.action.MAIN cat=[android.intent.category.HOME] flg=0x10000100 cmp=com.android.settings/.FallbackHome} from uid 0
01-03 18:42:38.944  3467  3467 I wpa_supplicant: Successfully initialized wpa_supplicant
01-03 18:42:38.944  3084  3426 I chatty  : uid=1000(system) HwBinder:3084_4 expire 4 lines
01-03 18:42:38.946  2880  2880 D Zygote  : Forked child process 3493
01-03 18:42:38.958  3493  3493 E rkstack.proces: Not starting debugger since process cannot load the jdwp agent.
01-03 18:42:38.969  2770  2770 W auditd  : type=1327 audit(0.0:513): proctitle="/vendor/bin/hw/android.hardware.biometrics.fingerprint@2.1-service.samsung"
01-03 18:42:38.969  2770  2770 W auditd  : type=1320 audit(0.0:513): 
01-03 18:42:38.969  2770  2770 W auditd  : type=1327 audit(0.0:514): proctitle="/vendor/bin/hw/android.hardware.biometrics.fingerprint@2.1-service.samsung"
01-03 18:42:38.969  2770  2770 W auditd  : type=1320 audit(0.0:514): 
01-03 18:42:38.989  2770  2770 W auditd  : type=1327 audit(0.0:515): proctitle="/vendor/bin/hw/android.hardware.biometrics.fingerprint@2.1-service.samsung"
01-03 18:42:38.989  2770  2770 W auditd  : type=1320 audit(0.0:515): 
01-03 18:42:38.989  2770  2770 W auditd  : type=1327 audit(0.0:516): proctitle="/vendor/bin/hw/android.hardware.biometrics.fingerprint@2.1-service.samsung"
01-03 18:42:38.989  2770  2770 W auditd  : type=1320 audit(0.0:516): 
01-03 18:42:38.989  2770  2770 W auditd  : type=1327 audit(0.0:517): proctitle="/vendor/bin/hw/android.hardware.biometrics.fingerprint@2.1-service.samsung"
01-03 18:42:38.989  2770  2770 W auditd  : type=1320 audit(0.0:517): 
01-03 18:42:38.989  2770  2770 W auditd  : type=1327 audit(0.0:518): proctitle="/vendor/bin/hw/android.hardware.biometrics.fingerprint@2.1-service.samsung"
01-03 18:42:38.989  2770  2770 W auditd  : type=1320 audit(0.0:518): 
01-03 18:42:38.989  2770  2770 W auditd  : type=1327 audit(0.0:519): proctitle="/vendor/bin/hw/android.hardware.biometrics.fingerprint@2.1-service.samsung"
01-03 18:42:38.989  2770  2770 W auditd  : type=1320 audit(0.0:519): 
01-03 18:42:38.989  2770  2770 W auditd  : type=1327 audit(0.0:520): proctitle="/vendor/bin/hw/android.hardware.biometrics.fingerprint@2.1-service.samsung"
01-03 18:42:38.989  2770  2770 W auditd  : type=1320 audit(0.0:520): 
01-03 18:42:38.989  2770  2770 W auditd  : type=1327 audit(0.0:521): proctitle="/vendor/bin/hw/android.hardware.biometrics.fingerprint@2.1-service.samsung"
01-03 18:42:38.989  2770  2770 W auditd  : type=1320 audit(0.0:521): 
01-03 18:42:38.989  2770  2770 W auditd  : type=1327 audit(0.0:522): proctitle="/vendor/bin/hw/android.hardware.biometrics.fingerprint@2.1-service.samsung"
01-03 18:42:38.989  2770  2770 W auditd  : type=1320 audit(0.0:522): 
01-03 18:42:38.989  2770  2770 W auditd  : type=1327 audit(0.0:523): proctitle="/vendor/bin/hw/android.hardware.biometrics.fingerprint@2.1-service.samsung"
01-03 18:42:38.989  2770  2770 W auditd  : type=1320 audit(0.0:523): 
01-03 18:42:38.989  2770  2770 W auditd  : type=1327 audit(0.0:524): proctitle="/vendor/bin/hw/android.hardware.biometrics.fingerprint@2.1-service.samsung"
01-03 18:42:38.989  2770  2770 W auditd  : type=1320 audit(0.0:524): 
01-03 18:42:38.989  2770  2770 W auditd  : type=1327 audit(0.0:525): proctitle="/vendor/bin/hw/android.hardware.biometrics.fingerprint@2.1-service.samsung"
01-03 18:42:38.989  2770  2770 W auditd  : type=1320 audit(0.0:525): 
01-03 18:42:38.989  2770  2770 W auditd  : type=1327 audit(0.0:526): proctitle="/vendor/bin/hw/android.hardware.biometrics.fingerprint@2.1-service.samsung"
01-03 18:42:38.989  2770  2770 W auditd  : type=1320 audit(0.0:526): 
01-03 18:42:39.009  2770  2770 W auditd  : type=1327 audit(0.0:527): proctitle="/vendor/bin/hw/android.hardware.biometrics.fingerprint@2.1-service.samsung"
01-03 18:42:39.009  2770  2770 W auditd  : type=1320 audit(0.0:527): 
01-03 18:42:39.009  2770  2770 W auditd  : type=1327 audit(0.0:528): proctitle="/vendor/bin/hw/android.hardware.biometrics.fingerprint@2.1-service.samsung"
01-03 18:42:39.009  2770  2770 W auditd  : type=1320 audit(0.0:528): 
01-03 18:42:39.009  2770  2770 W auditd  : type=1327 audit(0.0:529): proctitle="/vendor/bin/hw/android.hardware.biometrics.fingerprint@2.1-service.samsung"
01-03 18:42:39.009  2770  2770 W auditd  : type=1320 audit(0.0:529): 
01-03 18:42:39.009  2770  2770 W auditd  : type=1327 audit(0.0:530): proctitle="/vendor/bin/hw/android.hardware.biometrics.fingerprint@2.1-service.samsung"
01-03 18:42:39.009  2770  2770 W auditd  : type=1320 audit(0.0:530): 
01-03 18:42:39.009  2770  2770 W auditd  : type=1327 audit(0.0:531): proctitle="/vendor/bin/hw/android.hardware.biometrics.fingerprint@2.1-service.samsung"
01-03 18:42:39.009  2770  2770 W auditd  : type=1320 audit(0.0:531): 
01-03 18:42:39.009  3043  3043 I /vendor/bin/hw/android.hardware.biometrics.fingerprint@2.1-service.samsung: type=1400 audit(0.0:532): avc: denied { write search } for comm=504F5349582074696D65722030 name="bk" dev="mmcblk0p24" ino=522311 scontext=u:r:hal_fingerprint_default:s0 tcontext=u:object_r:biometrics_vendor_data_file:s0 tclass=dir permissive=1
01-03 18:42:39.009  3043  3043 I /vendor/bin/hw/android.hardware.biometrics.fingerprint@2.1-service.samsung: type=1400 audit(0.0:532): avc: denied { remove_name search } for comm=504F5349582074696D65722030 name="meta" dev="mmcblk0p24" ino=522316 scontext=u:r:hal_fingerprint_default:s0 tcontext=u:object_r:biometrics_vendor_data_file:s0 tclass=dir permissive=1
01-03 18:42:39.009  3043  3043 I /vendor/bin/hw/android.hardware.biometrics.fingerprint@2.1-service.samsung: type=1400 audit(0.0:532): avc: denied { rmdir } for comm=504F5349582074696D65722030 name="meta" dev="mmcblk0p24" ino=522316 scontext=u:r:hal_fingerprint_default:s0 tcontext=u:object_r:biometrics_vendor_data_file:s0 tclass=dir permissive=1
01-03 18:42:39.009  3043  3043 W /vendor/bin/hw/android.hardware.biometrics.fingerprint@2.1-service.samsung: type=1300 audit(0.0:532): arch=40000028 syscall=328 per=8 success=yes exit=0 a0=ffffff9c a1=f16bb5e8 a2=200 a3=0 items=0 ppid=1 auid=4294967295 uid=1000 gid=1000 euid=1000 suid=1000 fsuid=1000 egid=1000 sgid=1000 fsgid=1000 tty=(none) ses=4294967295 comm=504F5349582074696D65722030 exe="/vendor/bin/hw/android.hardware.biometrics.fingerprint@2.1-service.samsung" subj=u:r:hal_fingerprint_default:s0 key=(null)
01-03 18:42:39.009  2770  2770 W auditd  : type=1327 audit(0.0:532): proctitle="/vendor/bin/hw/android.hardware.biometrics.fingerprint@2.1-service.samsung"
01-03 18:42:39.009  2770  2770 W auditd  : type=1320 audit(0.0:532): 
01-03 18:42:39.009  3043  3043 I /vendor/bin/hw/android.hardware.biometrics.fingerprint@2.1-service.samsung: type=1400 audit(0.0:533): avc: denied { search } for comm=504F5349582074696D65722030 name="biometrics" dev="mmcblk0p24" ino=522272 scontext=u:r:hal_fingerprint_default:s0 tcontext=u:object_r:biometrics_vendor_data_file:s0 tclass=dir permissive=1
01-03 18:42:39.009  3043  3043 I /vendor/bin/hw/android.hardware.biometrics.fingerprint@2.1-service.samsung: type=1400 audit(0.0:533): avc: denied { write search } for comm=504F5349582074696D65722030 name="biometrics" dev="mmcblk0p24" ino=522272 scontext=u:r:hal_fingerprint_default:s0 tcontext=u:object_r:biometrics_vendor_data_file:s0 tclass=dir permissive=1
01-03 18:42:39.009  3043  3043 I /vendor/bin/hw/android.hardware.biometrics.fingerprint@2.1-service.samsung: type=1400 audit(0.0:533): avc: denied { remove_name search } for comm=504F5349582074696D65722030 name="bk" dev="mmcblk0p24" ino=522311 scontext=u:r:hal_fingerprint_default:s0 tcontext=u:object_r:biometrics_vendor_data_file:s0 tclass=dir permissive=1
01-03 18:42:39.009  3043  3043 I /vendor/bin/hw/android.hardware.biometrics.fingerprint@2.1-service.samsung: type=1400 audit(0.0:533): avc: denied { rmdir } for comm=504F5349582074696D65722030 name="bk" dev="mmcblk0p24" ino=522311 scontext=u:r:hal_fingerprint_default:s0 tcontext=u:object_r:biometrics_vendor_data_file:s0 tclass=dir permissive=1
01-03 18:42:39.009  3043  3043 W /vendor/bin/hw/android.hardware.biometrics.fingerprint@2.1-service.samsung: type=1300 audit(0.0:533): arch=40000028 syscall=328 per=8 success=yes exit=0 a0=ffffff9c a1=f3041fa0 a2=200 a3=0 items=0 ppid=1 auid=4294967295 uid=1000 gid=1000 euid=1000 suid=1000 fsuid=1000 egid=1000 sgid=1000 fsgid=1000 tty=(none) ses=4294967295 comm=504F5349582074696D65722030 exe="/vendor/bin/hw/android.hardware.biometrics.fingerprint@2.1-service.samsung" subj=u:r:hal_fingerprint_default:s0 key=(null)
01-03 18:42:39.009  2770  2770 W auditd  : type=1327 audit(0.0:533): proctitle="/vendor/bin/hw/android.hardware.biometrics.fingerprint@2.1-service.samsung"
01-03 18:42:39.009  2770  2770 W auditd  : type=1320 audit(0.0:533): 
01-03 18:42:39.024  3043  3082 D bauth_FPBAuthService: FPBAuthService, 11559
01-03 18:42:39.024  3043  3082 I TLC_BAUTH: Call FUNC ID 0x4
01-03 18:42:39.026  3043  3082 I tlc_communication: tlc_close() called
01-03 18:42:39.026  3043  3082 I tlc_communication: Closing the session
01-03 18:42:39.029  3043  3082 I tlc_communication: Free WSM
01-03 18:42:39.029  3043  3082 I tlc_communication: Closing MobiCore device
01-03 18:42:39.029  3043  3082 I TeeDriverClient: driver client closed [hardware/samsung_slsi/exynos7870/mobicore/ClientLib/src/driver_client.cpp:113]
01-03 18:42:39.029  3043  3082 I tlc_communication: tlc_close() successed
01-03 18:42:39.029  3043  3082 I TLC_BAUTH: FUNC ID 0x4 is completed
01-03 18:42:39.029  3043  3082 D bauth_FPBAuthService: 0 0
01-03 18:42:39.029  3043  3082 E (FPLOG) : 2.0.36.0 DeviceSetClock 0
01-03 18:42:39.029  3043  3082 D bauth_FPDLBAuthSensorControl: FPDLBAuthSensorControl, 234
01-03 18:42:39.029  3043  3082 D bauth_FPBAuthService: FPBAuthService, 1070
01-03 18:42:39.029  3043  3082 D bauth_FPBAuthService: FPBAuthService, 11599
01-03 18:42:39.029  3043  3082 D bauth_service: BAuthService, 96
01-03 18:42:39.029  3043  3082 D bauth_FPBAuthService: FPBAuthService, 11286
01-03 18:42:39.035  3467  3467 I wpa_supplicant: rfkill: Cannot open RFKILL control device
01-03 18:42:39.090  3084  3084 I SystemServerTiming: showSystemReadyErrorDialogs
01-03 18:42:39.162  3004  3004 W wificond: Failed to get NL80211_ATTR_EXT_FEATURES
01-03 18:42:39.168  3084  3084 I chatty  : uid=1000 system_server expire 20 lines
01-03 18:42:39.176  3084  3084 I SystemServerTiming: sendUserStartBroadcast
01-03 18:42:39.177  3084  3084 I SystemServerTiming: resumeTopActivities
01-03 18:42:39.177  3084  3084 I SystemServerTiming: sendUserSwitchBroadcasts
01-03 18:42:39.178  3084  3084 I SystemServerTiming: setBinderProxies
01-03 18:42:39.178  3084  3429 W ActivityManager: No pending application record for pid 3475 (IApplicationThread android.app.IApplicationThread$Stub$Proxy@121cb4b); dropping process
01-03 18:42:39.179  3084  3109 W ActivityManager: Slow operation: 244ms so far, now at startProcess: done updating battery stats
01-03 18:42:39.179  3084  3109 W ActivityManager: Slow operation: 244ms so far, now at startProcess: building log message
01-03 18:42:39.179  3084  3109 I ActivityManager: Start proc 3493:com.android.networkstack.process/1073 for added application com.android.networkstack.process
01-03 18:42:39.179  3084  3109 W ActivityManager: Slow operation: 244ms so far, now at startProcess: starting to update pids map
01-03 18:42:39.179  3084  3109 W ActivityManager: Slow operation: 244ms so far, now at startProcess: done updating pids map
01-03 18:42:39.179  3084  3109 W ActivityManager: Slow operation: 243ms so far, now at startProcess: asking zygote to start proc
01-03 18:42:39.188  3084  3174 I chatty  : uid=1000(system) WifiHandlerThre expire 36 lines
01-03 18:42:39.189  3043  3043 I fingerprint@2.1: type=1400 audit(0.0:534): avc: denied { search } for name="biometrics" dev="mmcblk0p24" ino=522272 scontext=u:r:hal_fingerprint_default:s0 tcontext=u:object_r:biometrics_vendor_data_file:s0 tclass=dir permissive=1
01-03 18:42:39.189  3043  3043 W fingerprint@2.1: type=1300 audit(0.0:534): arch=40000028 syscall=322 per=8 success=no exit=-2 a0=ffffff9c a1=f2fc4670 a2=a4000 a3=0 items=0 ppid=1 auid=4294967295 uid=1000 gid=1000 euid=1000 suid=1000 fsuid=1000 egid=1000 sgid=1000 fsgid=1000 tty=(none) ses=4294967295 exe="/vendor/bin/hw/android.hardware.biometrics.fingerprint@2.1-service.samsung" subj=u:r:hal_fingerprint_default:s0 key=(null)
01-03 18:42:39.189  2770  2770 W auditd  : type=1327 audit(0.0:534): proctitle="/vendor/bin/hw/android.hardware.biometrics.fingerprint@2.1-service.samsung"
01-03 18:42:39.189  2770  2770 W auditd  : type=1320 audit(0.0:534): 
01-03 18:42:39.189  3084  3102 D CompatibilityChangeReporter: Compat change id reported: 135634846; UID 1000; state: DISABLED
01-03 18:42:39.190  2880  2880 D Zygote  : Forked child process 3512
01-03 18:42:39.192  3084  3084 W Looper  : Slow delivery took 3160ms main h=android.app.ActivityThread$H c=null m=156
01-03 18:42:39.192  3084  3102 I chatty  : uid=1000(system) android.display expire 2 lines
01-03 18:42:39.194  3084  3514 I chatty  : uid=1000 system_server expire 1 line
01-03 18:42:39.195  3084  3084 D ConditionProviders.SCP: onConnected
01-03 18:42:39.196  2880  3513 I Zygote  : Process 3475 exited due to signal 9 (Killed)
01-03 18:42:39.197  3084  3109 W ActivityManager: Slow operation: 261ms so far, now at startProcess: returned from zygote!
01-03 18:42:39.197  3084  3109 W ActivityManager: Slow operation: 262ms so far, now at startProcess: done updating battery stats
01-03 18:42:39.198  3084  3109 W ActivityManager: Slow operation: 262ms so far, now at startProcess: building log message
01-03 18:42:39.198  3084  3109 I ActivityManager: Start proc 3512:com.android.se/1068 for added application com.android.se
01-03 18:42:39.198  3084  3109 W ActivityManager: Slow operation: 262ms so far, now at startProcess: starting to update pids map
01-03 18:42:39.198  3084  3109 W ActivityManager: Slow operation: 262ms so far, now at startProcess: done updating pids map
01-03 18:42:39.198  3084  3109 W ActivityManager: Slow operation: 260ms so far, now at startProcess: asking zygote to start proc
01-03 18:42:39.199  3084  3084 D ConditionProviders: Subscribing to condition://android/event?userId=-10000&calendar=&reply=1 with ComponentInfo{android/com.android.server.notification.EventConditionProvider}
01-03 18:42:39.199  3084  3084 D ConditionProviders: Subscribing to condition://android/schedule?days=1.2.3.4.5.6.7&start=22.0&end=7.0&exitAtAlarm=true with ComponentInfo{android/com.android.server.notification.ScheduleConditionProvider}
01-03 18:42:39.201  3084  3084 D CompatibilityChangeReporter: Compat change id reported: 135634846; UID 10222; state: DISABLED
01-03 18:42:39.204  3084  3084 V FingerprintService: starting client EnumerateClient(android) targetUserId: 0 currentUserId: 0 cookie: 0/0
01-03 18:42:39.205  3043  3043 D bauth_service: BAuthService, 2164
01-03 18:42:39.205  3043  3043 D bauth_FPBAuthService: FPBAuthService, 7663
01-03 18:42:39.205  3043  3043 D bauth_FPBAuthService: FPBAuthService, 7667
01-03 18:42:39.205  3043  3043 D bauth_FPBAuthService: FPBAuthService, 7787
01-03 18:42:39.205  3043  3043 D bauth_FPBAuthService: FPBAuthService, 7931
01-03 18:42:39.205  3043  3043 D bauth_FPBAuthService: FPBAuthService, 7934
01-03 18:42:39.205  3043  3043 D bauth_FPBAuthService: FPBAuthService, 7670
01-03 18:42:39.205  3043  3043 D bauth_FPBAuthService: legacy_enumerate bioidxList.length==0 or 1
01-03 18:42:39.205  3043  3043 D bauth_FPBAuthService: FPBAuthService, 7787
01-03 18:42:39.205  3512  3512 E com.android.se: Not starting debugger since process cannot load the jdwp agent.
01-03 18:42:39.205  3043  3043 E bauth_FPBAuthServiceStorage: UserID Directory is not existed
01-03 18:42:39.206  3043  3043 E bauth_FPBAuthService: getEnrolledBioIdxList num templates is in DB is 0
01-03 18:42:39.206  3043  3043 D bauth_FPBAuthService: FPBAuthService, 7718
01-03 18:42:39.206  3043  3043 D bauth_FPBAuthService: thread id : 3, preenroll_flag : 0, nd cnt : 0, cso : 0, et : 0
01-03 18:42:39.206  3043  3043 D bauth_service: BAuthService, 2183
01-03 18:42:39.208  2880  2880 D Zygote  : Forked child process 3530
01-03 18:42:39.208  3084  3210 I chatty  : uid=1000 system_server expire 36 lines
01-03 18:42:39.211  3084  3109 W ActivityManager: Slow operation: 273ms so far, now at startProcess: returned from zygote!
01-03 18:42:39.212  3084  3109 W ActivityManager: Slow operation: 274ms so far, now at startProcess: done updating battery stats
01-03 18:42:39.212  3084  3109 I Watchdog: Interesting Java process com.android.phone started. Pid 3530
01-03 18:42:39.212  3084  3109 W ActivityManager: Slow operation: 274ms so far, now at startProcess: building log message
01-03 18:42:39.212  3084  3109 I ActivityManager: Start proc 3530:com.android.phone/1001 for added application com.android.phone
01-03 18:42:39.212  3084  3109 W ActivityManager: Slow operation: 275ms so far, now at startProcess: starting to update pids map
01-03 18:42:39.213  3084  3109 W ActivityManager: Slow operation: 275ms so far, now at startProcess: done updating pids map
01-03 18:42:39.224  3530  3530 E m.android.phon: Not starting debugger since process cannot load the jdwp agent.
01-03 18:42:39.233  2880  2880 D Zygote  : Forked child process 3552
01-03 18:42:39.235  3493  3493 D NetworkSecurityConfig: No Network Security Config specified, using platform default
01-03 18:42:39.235  3493  3493 D NetworkSecurityConfig: No Network Security Config specified, using platform default
01-03 18:42:39.237  3084  3109 I ActivityManager: Start proc 3552:com.android.settings/1000 for top-activity {com.android.settings/com.android.settings.FallbackHome}
01-03 18:42:39.238  3084  3109 D CompatibilityChangeReporter: Compat change id reported: 143937733; UID 10222; state: ENABLED
01-03 18:42:39.247  3552  3552 E ndroid.setting: Not starting debugger since process cannot load the jdwp agent.
01-03 18:42:39.252  2880  2880 D Zygote  : Forked child process 3568
01-03 18:42:39.253  3084  3109 W ActivityManager: Slow operation: 53ms so far, now at startProcess: returned from zygote!
01-03 18:42:39.254  3084  3109 W ActivityManager: Slow operation: 53ms so far, now at startProcess: done updating battery stats
01-03 18:42:39.254  3084  3109 W ActivityManager: Slow operation: 53ms so far, now at startProcess: building log message
01-03 18:42:39.254  3084  3109 I ActivityManager: Start proc 3568:android.ext.services/u0a222 for service {android.ext.services/android.ext.services.autofill.InlineSuggestionRenderServiceImpl}
01-03 18:42:39.254  3084  3109 W ActivityManager: Slow operation: 53ms so far, now at startProcess: starting to update pids map
01-03 18:42:39.254  3084  3109 W ActivityManager: Slow operation: 54ms so far, now at startProcess: done updating pids map
01-03 18:42:39.261  3084  3142 W OomAdjuster: Fallback pre-set sched group to default: not expected top priority
01-03 18:42:39.267  3084  3142 I ActivityTaskManager: Config changes=100 {1.0 ?mcc?mnc [de_DE] ldltr sw360dp w360dp h616dp 320dpi nrml long port night finger -keyb/v/h -nav/h winConfig={ mBounds=Rect(0, 0 - 720, 1280) mAppBounds=Rect(0, 0 - 720, 1280) mWindowingMode=fullscreen mDisplayWindowingMode=fullscreen mActivityType=undefined mAlwaysOnTop=undefined mRotation=ROTATION_0} s.10}
01-03 18:42:39.269  3568  3568 E id.ext.service: Not starting debugger since process cannot load the jdwp agent.
01-03 18:42:39.269  3084  3142 I WindowManager: Override config changes=100 {1.0 ?mcc?mnc [de_DE] ldltr sw360dp w360dp h616dp 320dpi nrml long port night finger -keyb/v/h -nav/h winConfig={ mBounds=Rect(0, 0 - 720, 1280) mAppBounds=Rect(0, 0 - 720, 1280) mWindowingMode=fullscreen mDisplayWindowingMode=fullscreen mActivityType=undefined mAlwaysOnTop=undefined mRotation=ROTATION_0} s.10} for displayId=0
01-03 18:42:39.279  3512  3512 D NetworkSecurityConfig: No Network Security Config specified, using platform default
01-03 18:42:39.280  3512  3512 D NetworkSecurityConfig: No Network Security Config specified, using platform default
01-03 18:42:39.284  3084  3084 D BluetoothManagerService: Bluetooth Adapter name changed to Samsung Galaxy A3 2017
01-03 18:42:39.285  3084  3084 D BluetoothManagerService: Stored Bluetooth name: Samsung Galaxy A3 2017
01-03 18:42:39.285  3084  3084 D BluetoothManagerService: BluetoothServiceConnection: com.android.bluetooth.btservice.AdapterService
01-03 18:42:39.285  3084  3101 D BluetoothManagerService: MESSAGE_BLUETOOTH_SERVICE_CONNECTED: 1
01-03 18:42:39.285  3084  3084 D PackageWatchdog: Getting all observed packages pending health checks
01-03 18:42:39.285  3084  3084 I PackageWatchdog: Syncing health check requests for packages: {}
01-03 18:42:39.285  3084  3084 I ExplicitHealthCheckController: Service not ready to get health check supported packages. Binding...
01-03 18:42:39.286  3084  3084 I ExplicitHealthCheckController: Explicit health check service is bound
01-03 18:42:39.287  3084  3101 D BluetoothManagerService: Broadcasting onBluetoothServiceUp() to 2 receivers.
01-03 18:42:39.288  3244  3261 I chatty  : uid=1002(bluetooth) Binder:3244_2 expire 1 line
01-03 18:42:39.291  3552  3552 I ndroid.setting: The ClassLoaderContext is a special shared library.
01-03 18:42:39.299  3084  3101 D BluetoothManagerService: MESSAGE_BLUETOOTH_STATE_CHANGE: OFF > BLE_TURNING_ON
01-03 18:42:39.299  3084  3101 D BluetoothManagerService: Sending BLE State Change: OFF > BLE_TURNING_ON
01-03 18:42:39.310  3512  3512 I SecureElementService: main onCreate
01-03 18:42:39.312  3512  3512 I SecureElementService: Check if terminal eSE1 is available.
01-03 18:42:39.314  3512  3512 D SecureElement-Terminal-eSE1: SE Hal V1.2 is not supported
